    Blocking waiting for file lock on package cache
    Blocking waiting for file lock on package cache
    Blocking waiting for file lock on package cache
    Blocking waiting for file lock on package cache
    Checking crypto-common v0.2.2
    Checking euclid v0.22.14
   Compiling crc32fast v1.5.0
    Checking bytes v1.12.0
    Checking libc v0.2.186
   Compiling parking_lot_core v0.9.12
   Compiling windows_x86_64_msvc v0.53.1
    Checking crossbeam-utils v0.8.21
    Checking scopeguard v1.2.0
   Compiling khronos_api v3.1.0
    Checking lock_api v0.4.14
    Checking indexmap v2.14.0
   Compiling windows-implement v0.60.2
   Compiling windows-interface v0.59.3
    Checking siphasher v1.0.3
    Checking new_debug_unreachable v1.0.6
   Compiling rayon-core v1.13.0
    Checking parking_lot v0.12.5
    Checking windows-targets v0.53.5
   Compiling windows_x86_64_msvc v0.52.6
   Compiling yoke-derive v0.8.2
    Checking simd-adler32 v0.3.9
   Compiling xml-rs v0.8.28
    Checking yoke v0.8.3
   Compiling gl_generator v0.14.0
   Compiling windows-targets v0.52.6
    Checking windows-sys v0.60.2
   Compiling phf_codegen v0.13.1
    Checking pin-project-lite v0.2.17
   Compiling windows-sys v0.52.0
   Compiling yoke-derive v0.7.5
   Compiling zerovec-derive v0.11.3
    Checking adler2 v2.0.1
    Checking miniz_oxide v0.8.9
    Checking yoke v0.7.5
   Compiling winapi-util v0.1.11
    Checking zerovec v0.11.6
    Checking phf_shared v0.13.1
    Checking crossbeam-epoch v0.9.18
    Checking block-buffer v0.12.1
   Compiling zerovec-derive v0.10.3
    Checking utf8_iter v1.0.4
    Checking either v1.16.0
    Checking crossbeam-deque v0.8.6
   Compiling same-file v1.0.6
    Checking zerovec v0.10.4
    Checking flate2 v1.1.9
   Compiling walkdir v2.5.0
   Compiling phf_macros v0.13.1
    Checking windows-sys v0.61.2
    Checking precomputed-hash v0.1.1
   Compiling fnv v1.0.7
   Compiling ident_case v1.0.1
   Compiling darling_core v0.20.11
    Checking string_cache v0.9.0
    Checking phf v0.13.1
    Checking tinystr v0.7.6
    Checking tinystr v0.8.3
   Compiling string_cache_codegen v0.6.1
    Checking allocator-api2 v0.2.21
    Checking litemap v0.7.5
    Checking writeable v0.5.5
   Compiling bitflags v2.13.0
    Checking writeable v0.6.3
    Checking litemap v0.8.2
    Checking icu_locid v1.5.0
    Checking icu_locale_core v2.2.0
   Compiling darling_macro v0.20.11
    Checking mio v1.2.1
    Checking rayon v1.12.0
    Checking potential_utf v0.1.5
    Checking socket2 v0.6.4
    Checking zerotrie v0.2.4
    Checking http v1.4.2
    Checking encoding_rs v0.8.35
   Compiling tokio-macros v2.7.0
   Compiling icu_provider_macros v1.5.0
   Compiling icu_normalizer_data v2.2.0
   Compiling winnow v1.0.3
   Compiling icu_properties_data v2.2.0
    Checking icu_provider v1.5.0
    Checking tokio v1.52.3
   Compiling toml_parser v1.1.2+spec-1.1.0
    Checking icu_provider v2.2.0
    Checking icu_collections v2.2.0
   Compiling darling v0.20.11
   Compiling toml_datetime v1.1.1+spec-1.1.0
   Compiling generic-array v0.14.7
    Checking num-integer v0.1.46
   Compiling winapi v0.3.9
    Checking fdeflate v0.3.7
    Checking unicode-ident v1.0.24
   Compiling lazy_static v1.5.0
    Checking windows-link v0.1.3
    Checking percent-encoding v2.3.2
    Checking png v0.18.1
    Checking icu_properties v2.2.0
    Checking icu_normalizer v2.2.0
    Checking polycool v0.4.0
    Checking app_units v0.7.8
    Checking core_maths v0.1.1
    Checking dtoa v1.0.11
   Compiling icu_segmenter_data v1.5.1
    Checking static_assertions v1.1.0
    Checking dtoa-short v0.3.5
    Checking kurbo v0.13.1
    Checking idna_adapter v1.2.2
   Compiling web_atoms v0.2.5
    Checking icu_collections v1.5.0
    Checking itertools v0.14.0
    Checking aho-corasick v1.1.4
   Compiling cssparser-macros v0.7.0
   Compiling derive_more-impl v2.1.1
    Checking quick-error v2.0.1
    Checking rustc-hash v2.1.2
    Checking regex-syntax v0.8.11
    Checking regex-automata v0.4.14
    Checking derive_more v2.1.1
    Checking cssparser v0.37.0
    Checking idna v1.1.0
    Checking crypto-common v0.1.7
    Checking block-buffer v0.10.4
    Checking form_urlencoded v1.2.2
    Checking windows-strings v0.4.2
    Checking windows-result v0.3.4
   Compiling selectors v0.40.0
    Checking crossbeam-channel v0.5.15
   Compiling serde_spanned v1.1.1
    Checking servo_arc v0.4.3
   Compiling num-derive v0.4.2
   Compiling num-conv v0.2.2
    Checking zune-core v0.5.1
    Checking weezl v0.1.12
    Checking base64 v0.22.1
    Checking unicode-bidi v0.3.18
   Compiling time-core v0.1.9
   Compiling toml_writer v1.1.1+spec-1.1.0
    Checking thin-vec v0.2.18
    Checking smallbitvec v2.6.1
   Compiling toml v1.1.2+spec-1.1.0
    Checking to_shmem v0.5.0
   Compiling time-macros v0.2.30
    Checking zune-jpeg v0.5.15
    Checking windows-core v0.61.2
    Checking url v2.5.8
    Checking digest v0.10.7
    Checking regex v1.12.4
    Checking icu_segmenter v1.5.0
    Checking wio v0.2.2
   Compiling to_shmem_derive v0.1.0
   Compiling stylo v0.20.0
   Compiling slotmap v1.1.1
    Checking font-types v0.12.4
    Checking rgb v0.8.53
   Compiling glslopt v0.1.14 (https://github.com/jamienicol/glslopt-rs?rev=68019f02a1437d785408ebc8ce7fd20341fffb8a#68019f02)
   Compiling malloc_size_of_derive v0.1.3
    Checking deranged v0.5.8
    Checking cpufeatures v0.2.17
    Checking utf-8 v0.7.6
    Checking color_quant v1.1.0
    Checking byteorder-lite v0.1.0
    Checking powerfmt v0.2.0
    Checking float-cmp v0.9.0
    Checking strict-num v0.1.1
    Checking time v0.3.51
    Checking image-webp v0.2.4
    Checking gif v0.14.2
    Checking tendril v0.5.0
    Checking read-fonts v0.41.0
   Compiling stylo_static_prefs v0.20.0
   Compiling stylo_atoms v0.20.0
   Compiling gleam v0.15.1
   Compiling peek-poke-derive v0.3.0
    Checking serde_bytes v0.11.19
    Checking mime v0.3.17
   Compiling typeid v1.0.3
    Checking byteorder v1.5.0
    Checking tinyvec_macros v0.1.1
    Checking void v1.0.2
   Compiling num_cpus v1.17.0
   Compiling heck v0.5.0
    Checking arrayref v0.3.9
    Checking tiny-skia-path v0.12.0
   Compiling strum_macros v0.28.0
   Compiling build-parallel v0.1.2
    Checking stylo_malloc_size_of v0.20.0
    Checking tinyvec v1.11.0
    Checking peek-poke v0.3.0
    Checking markup5ever v0.39.0
    Checking zeitstempel v0.2.2
    Checking wr_malloc_size_of v0.2.2
    Checking windows-threading v0.1.0
   Compiling webrender_build v0.70.0
    Checking sha1_smol v1.0.1
    Checking memmap2 v0.9.11
    Checking unic-common v0.9.0
    Checking unic-char-range v0.9.0
    Checking unic-char-property v0.9.0
    Checking unic-ucd-version v0.9.0
    Checking fontdb v0.24.0
    Checking uuid v1.23.4
    Checking windows-future v0.2.1
    Checking webrender_api v0.70.0
    Checking strum v0.28.0
    Checking dwrote v0.11.5
    Checking harfrust v0.12.0
    Checking skrifa v0.44.0
    Checking windows-numerics v0.2.0
    Checking windows-collections v0.2.0
    Checking svgtypes v0.16.1
    Checking cobs v0.3.0
    Checking roxmltree v0.21.1
    Checking simplecss v0.2.2
    Checking xmlwriter v0.1.0
    Checking unicode-script v0.5.8
   Compiling zmij v1.0.21
    Checking unicode-segmentation v1.13.3
    Checking pico-args v0.5.0
    Checking imagesize v0.15.0
    Checking base64 v0.23.1
    Checking unicode-vo v0.1.0
    Checking svg_fmt v0.4.5
    Checking data-url v0.3.2
    Checking tracy-rs v0.1.2
    Checking wr_glyph_rasterizer v0.70.0
    Checking usvg v0.48.1
    Checking etagere v0.2.15
    Checking postcard v1.1.3
    Checking windows v0.61.3
    Checking ron v0.12.2
    Checking stylo_traits v0.20.0
    Checking unic-ucd-ident v0.9.0
    Checking stylo_dom v0.20.0
    Checking tiny-skia v0.12.0
    Checking sha2 v0.10.9
   Compiling stylo_derive v0.20.0
    Checking plane-split v0.18.0
    Checking uluru v3.1.0
    Checking bincode v1.3.3
    Checking topological-sort v0.1.0
    Checking grid v1.0.1
    Checking const-oid v0.10.2
    Checking atomic_refcell v0.1.14
   Compiling webrender v0.70.0
    Checking taffy v0.12.2
    Checking content-security-policy v0.8.2
    Checking resvg v0.48.1
    Checking urlpattern v0.3.0
    Checking ipc-channel v0.22.0
    Checking keyboard-types v0.8.3
    Checking servo-allocator v0.5.0 (https://github.com/servo/servo?branch=release%2Fv0.5#1d44e5dd)
   Compiling equivalent v1.0.2
   Compiling hashbrown v0.17.1
   Compiling zerocopy v0.8.52
   Compiling serde_json v1.0.150
   Compiling toml_edit v0.25.12+spec-1.1.0
   Compiling rustversion v1.0.22
   Compiling proc-macro-crate v3.5.0
   Compiling zerocopy-derive v0.8.52
   Compiling cfg_aliases v0.2.2
   Compiling num_enum_derive v0.7.6
    Checking digest v0.11.3
    Checking num_enum v0.7.6
   Compiling servo-config-macro v0.5.0 (https://github.com/servo/servo?branch=release%2Fv0.5#1d44e5dd)
   Compiling enumn v0.1.14
    Checking accesskit v0.24.1
    Checking servo-config v0.5.0 (https://github.com/servo/servo?branch=release%2Fv0.5#1d44e5dd)
    Checking futures-core v0.3.32
    Checking half v2.7.1
    Checking cpufeatures v0.3.0
   Compiling profiling-procmacros v1.0.18
   Compiling equator-macro v0.4.2
    Checking futures-sink v0.3.32
   Compiling pkg-config v0.3.33
    Checking equator v0.4.2
    Checking profiling v1.0.18
   Compiling anyhow v1.0.103
    Checking aligned-vec v0.6.4
    Checking num-bigint v0.4.6
    Checking nom v8.0.0
    Checking slab v0.4.12
    Checking num-rational v0.4.2
    Checking v_frame v0.3.9
    Checking as-slice v0.2.1
   Compiling av-scenechange v0.14.1
   Compiling httparse v1.10.1
   Compiling built v0.8.1
   Compiling paste v1.0.15
   Compiling rav1e v0.8.1
    Checking aligned v0.4.3
    Checking no_std_io2 v0.9.4
    Checking tracing-core v0.1.36
   Compiling arg_enum_proc_macro v0.3.4
    Checking y4m v0.8.0
   Compiling pastey v0.1.1
    Checking tracing v0.1.44
    Checking bitstream-io v4.10.0
    Checking av1-grain v0.2.5
    Checking maybe-rayon v0.1.1
    Checking block-padding v0.4.2
   Compiling simd_helpers v0.1.0
   Compiling noop_proc_macro v0.3.0
    Checking atomic-waker v1.1.2
    Checking imgref v1.12.2
    Checking loop9 v0.1.5
    Checking inout v0.2.2
    Checking tokio-util v0.7.18
    Checking futures-channel v0.3.32
    Checking http-body v1.0.1
    Checking zune-inflate v0.2.54
    Checking avif-serialize v0.8.9
    Checking fax v0.2.7
    Checking lebe v0.5.3
    Checking try-lock v0.2.5
    Checking bit_field v0.10.3
    Checking pxfm v0.1.29
    Checking ravif v0.13.0
    Checking exr v1.74.0
    Checking want v0.3.1
    Checking tiff v0.11.3
    Checking moxcms v0.8.1
    Checking h2 v0.4.15
    Checking qoi v0.4.1
    Checking raw-window-handle v0.6.2
    Checking hyper v1.10.1
    Checking image v0.25.10
    Checking cipher v0.5.2
   Compiling cookie v0.18.1
   Compiling cookie v0.16.2
   Compiling thiserror v1.0.69
    Checking base64ct v1.8.3
    Checking sha1 v0.10.6
    Checking headers-core v0.3.0
   Compiling thiserror-impl v1.0.69
    Checking glow v0.17.0
    Checking httpdate v1.0.3
    Checking headers v0.4.1
    Checking http v0.2.12
   Compiling servo-embedder-traits v0.5.0 (https://github.com/servo/servo?branch=release%2Fv0.5#1d44e5dd)
   Compiling glob v0.3.3
    Checking webdriver v0.53.0
    Checking servo-hyper-serde v0.5.0 (https://github.com/servo/servo?branch=release%2Fv0.5#1d44e5dd)
    Checking rustls-pki-types v1.14.1
   Compiling vcpkg v0.2.15
    Checking inventory v0.3.24
    Checking pem-rfc7468 v1.0.0
    Checking der v0.8.1
   Compiling surfman v0.13.0
    Checking windows-result v0.4.1
    Checking windows-strings v0.5.1
    Checking futures-task v0.3.32
    Checking cpubits v0.1.1
    Checking futures-util v0.3.32
    Checking windows-core v0.62.2
    Checking dpi v0.1.2
    Checking spki v0.8.0
    Checking chacha20 v0.10.1
   Compiling cmake v0.1.58
   Compiling dunce v1.0.5
   Compiling fs_extra v1.3.0
    Checking windows-threading v0.2.1
   Compiling servo-tracing v0.5.0 (https://github.com/servo/servo?branch=release%2Fv0.5#1d44e5dd)
   Compiling aws-lc-sys v0.41.0
   Compiling icu_locid_transform_data v1.5.1
    Checking tower-service v0.3.3
    Checking windows-future v0.3.2
    Checking rand v0.10.2
    Checking pkcs8 v0.11.0
    Checking windows-collections v0.3.2
    Checking windows-numerics v0.3.1
   Compiling windows-link v0.2.1
   Compiling memchr v2.8.2
    Checking ipnet v2.12.0
    Checking hyper-util v0.1.20
    Checking windows v0.62.2
   Compiling libz-sys v1.1.29
   Compiling aws-lc-rs v1.17.0
    Checking alloc-no-stdlib v2.0.4
    Checking alloc-stdlib v0.2.4
    Checking icu_locid_transform v1.5.0
    Checking crypto-bigint v0.7.5
    Checking sys-locale v0.3.2
   Compiling icu_properties_data v1.5.1
    Checking brotli-decompressor v5.0.3
   Compiling clang-sys v1.8.1
    Checking hashbrown v0.16.1
    Checking ff v0.14.0
   Compiling serde v1.0.228
    Checking hmac v0.13.0
    Checking signature v3.0.0
   Compiling minimal-lexical v0.2.1
    Checking foldhash v0.1.5
    Checking hashbrown v0.15.5
   Compiling nom v7.1.3
    Checking icu_properties v1.5.1
    Checking group v0.14.0
   Compiling libloading v0.8.9
    Checking keccak v0.2.1
    Checking fixedbitset v0.5.7
    Checking base16ct v1.0.0
   Compiling bindgen v0.72.1
   Compiling wuff-capi v0.2.0
    Checking sec1 v0.8.1
   Compiling itertools v0.13.0
    Checking petgraph v0.8.3
   Compiling cexpr v0.6.0
    Checking hkdf v0.13.0
    Checking num-complex v0.4.6
   Compiling servo-media-derive v0.5.0 (https://github.com/servo/servo?branch=release%2Fv0.5#1d44e5dd)
    Checking speexdsp-resampler v0.1.0
    Checking byte-slice-cast v1.2.3
   Compiling getrandom v0.3.4
   Compiling shlex v1.3.0
    Checking elliptic-curve v0.14.1
    Checking wuff v0.2.8
   Compiling fontsan v0.7.0
   Compiling zstd-sys v2.0.16+zstd.1.5.7
   Compiling harfbuzz-sys v0.7.0
    Checking itertools v0.15.0
   Compiling rustls v0.23.41
    Checking untrusted v0.9.0
    Checking sponge-cursor v0.1.0
