    Blocking waiting for file lock on package cache
    Blocking waiting for file lock on package cache
   Compiling webrender v0.70.0
    Checking servo-allocator v0.5.0 (https://github.com/servo/servo?rev=1d44e5dd6a8b64c02f9dbf7fcbdf4ebdd0740019#1d44e5dd)
   Compiling servo-config-macro v0.5.0 (https://github.com/servo/servo?rev=1d44e5dd6a8b64c02f9dbf7fcbdf4ebdd0740019#1d44e5dd)
   Compiling servo-embedder-traits v0.5.0 (https://github.com/servo/servo?rev=1d44e5dd6a8b64c02f9dbf7fcbdf4ebdd0740019#1d44e5dd)
    Checking servo-config v0.5.0 (https://github.com/servo/servo?rev=1d44e5dd6a8b64c02f9dbf7fcbdf4ebdd0740019#1d44e5dd)
    Checking servo-hyper-serde v0.5.0 (https://github.com/servo/servo?rev=1d44e5dd6a8b64c02f9dbf7fcbdf4ebdd0740019#1d44e5dd)
   Compiling servo-tracing v0.5.0 (https://github.com/servo/servo?rev=1d44e5dd6a8b64c02f9dbf7fcbdf4ebdd0740019#1d44e5dd)
   Compiling aws-lc-sys v0.41.0
   Compiling servo-media-derive v0.5.0 (https://github.com/servo/servo?rev=1d44e5dd6a8b64c02f9dbf7fcbdf4ebdd0740019#1d44e5dd)
   Compiling fontsan v0.7.0
    Checking wuff-capi v0.2.0
    Checking getrandom v0.3.4
    Checking sha2 v0.11.0
   Compiling adler2 v2.0.1
   Compiling icu_calendar_data v1.5.1
   Compiling simd-adler32 v0.3.9
   Compiling strck v0.1.2
   Compiling strck_ident v0.1.2
   Compiling miniz_oxide v0.8.9
    Checking harfbuzz-sys v0.7.0
    Checking windows-sys v0.59.0
   Compiling crc32fast v1.5.0
   Compiling filetime v0.2.29
   Compiling zstd-safe v7.2.4
   Compiling encoding_c v0.9.8
   Compiling encoding_c_mem v0.2.6
   Compiling smallvec v1.15.2
   Compiling semver v1.0.28
    Checking rustc-hash v1.1.0
   Compiling serde_json v1.0.150
    Checking ohos-deviceinfo-sys v0.1.7
    Checking unicode-properties v0.1.4
   Compiling unicase v2.9.0
   Compiling mime_guess v2.0.5
    Checking naga-types v30.0.1
   Compiling rustc_version v0.4.1
   Compiling diplomat_core v0.8.1
   Compiling tar v0.4.46
   Compiling flate2 v1.1.9
    Checking zstd-sys v2.0.16+zstd.1.5.7
    Checking brotli v8.0.4
    Checking sha1 v0.11.0
   Compiling naga v30.0.1
   Compiling zmij v1.0.21
    Checking calendrical_calculations v0.1.3
    Checking universal-hash v0.6.1
    Checking libloading v0.8.9
   Compiling itoa v1.0.18
   Compiling ash v0.38.0+1.3.281
    Checking unicode-width v0.2.2
    Checking bit-vec v0.9.1
    Checking bit-set v0.10.0
    Checking codespan-reporting v0.13.1
    Checking icu_calendar v1.5.2
   Compiling mozjs_sys v140.14.0-0
   Compiling diplomat v0.8.0
   Compiling curve25519-dalek v5.0.0
    Checking wnaf v0.14.0
    Checking rfc6979 v0.6.0
    Checking primefield v0.14.0
    Checking icu_provider_adapters v1.5.0
    Checking html5ever v0.39.0
   Compiling glutin_wgl_sys v0.6.1
   Compiling ahash v0.8.12
    Checking color v0.3.3
    Checking font-types v0.11.3
    Checking spirv v0.4.0+sdk-1.4.341.0
   Compiling num-traits v0.2.19
    Checking diplomat-runtime v0.8.3
   Compiling thiserror v2.0.18
    Checking linebender_resource_handle v0.1.1
   Compiling khronos-egl v6.0.0
   Compiling prettyplease v0.2.37
    Checking peniko v0.6.1
    Checking icu_capi v1.5.0
    Checking read-fonts v0.39.2
    Checking primeorder v0.14.0
    Checking ecdsa v0.17.0
    Checking zstd v0.13.3
   Compiling servo-script-bindings v0.5.0 (https://github.com/servo/servo?rev=1d44e5dd6a8b64c02f9dbf7fcbdf4ebdd0740019#1d44e5dd)
    Checking wgpu-types v30.0.1
    Checking shake v0.1.0
   Compiling libsqlite3-sys v0.36.0
    Checking webpki-roots v1.0.8
    Checking aead v0.6.1
   Compiling wgpu-hal v30.0.1
    Checking guillotiere v0.7.0
    Checking chrono v0.4.45
   Compiling curve25519-dalek-derive v0.1.1
    Checking rustc-demangle v0.1.27
    Checking presser v0.3.1
   Compiling fst v0.4.7
    Checking fearless_simd v0.4.1
    Checking compression-core v0.4.32
    Checking futures-io v0.3.32
    Checking data-encoding v2.11.0
    Checking compression-codecs v0.4.38
    Checking vello_common v0.0.9
    Checking gpu-allocator v0.28.0
    Checking backtrace v0.3.76
    Checking wgpu-naga-bridge v30.0.1
    Checking skrifa v0.42.1
    Checking polyval v0.7.3
    Checking hash2curve v0.14.0
   Compiling mozangle v0.6.0
    Checking ed448 v0.5.0
    Checking aes v0.9.2
    Checking phc v0.6.1
    Checking ctr v0.10.1
    Checking module-lattice v0.2.3
    Checking ordered-float v5.0.0
   Compiling heck v0.4.1
    Checking fastrand v2.4.1
    Checking sync_wrapper v1.0.2
    Checking renderdoc-sys v1.1.0
    Checking tower-layer v0.3.3
    Checking range-alloc v0.1.5
    Checking tower v0.5.3
    Checking tempfile v3.27.0
   Compiling sea-query-derive v1.0.0
    Checking password-hash v0.6.1
    Checking ed448-goldilocks v0.14.0-pre.15
   Compiling aws-lc-rs v1.17.0
    Checking rustls-webpki v0.103.13
   Compiling rustls v0.23.41
    Checking tokio-rustls v0.26.4
    Checking tungstenite v0.30.0
    Checking async-tungstenite v0.35.0
    Checking hyper-rustls v0.27.9
    Checking rustls-platform-verifier v0.7.0
    Checking ghash v0.6.0
   Compiling servo-dom-struct v0.5.0 (https://github.com/servo/servo?rev=1d44e5dd6a8b64c02f9dbf7fcbdf4ebdd0740019#1d44e5dd)
    Checking glifo v0.1.1
    Checking quick_cache v0.6.24
    Checking mozjs v0.21.6
    Checking async-compression v0.4.42
    Checking futures v0.3.32
    Checking poly1305 v0.9.1
    Checking sha3 v0.11.0
    Checking ed25519 v3.0.0
    Checking hashlink v0.11.1
    Checking crypto-primes v0.7.2
    Checking pkcs1 v0.8.0-rc.4
    Checking http-body-util v0.1.3
    Checking nom-language v0.1.0
    Checking tokio-stream v0.1.18
    Checking blake2 v0.11.0-rc.6
   Compiling wgpu-core v30.0.1
    Checking xml5ever v0.39.0
    Checking ordered-channel v1.2.0
    Checking kem v0.3.0
    Checking dbl v0.5.0
   Compiling servo-deny-public-fields v0.5.0 (https://github.com/servo/servo?rev=1d44e5dd6a8b64c02f9dbf7fcbdf4ebdd0740019#1d44e5dd)
   Compiling servo-jstraceable-derive v0.5.0 (https://github.com/servo/servo?rev=1d44e5dd6a8b64c02f9dbf7fcbdf4ebdd0740019#1d44e5dd)
   Compiling async-recursion v1.1.1
    Checking thread_local v1.1.9
   Compiling servo-script v0.5.0 (https://github.com/servo/servo?rev=1d44e5dd6a8b64c02f9dbf7fcbdf4ebdd0740019#1d44e5dd)
    Checking anstyle v1.0.14
    Checking utf8parse v0.2.2
    Checking fallible-streaming-iterator v0.1.9
    Checking once_cell_polyfill v1.70.2
    Checking fallible-iterator v0.3.0
   Compiling litrs v1.0.0
    Checking imsz v0.4.1
   Compiling document-features v0.2.12
    Checking rusqlite v0.38.0
    Checking anstyle-wincon v3.0.11
    Checking anstyle-parse v1.0.0
    Checking vello_cpu v0.0.9
    Checking ocb3 v0.2.0-rc.3
    Checking ml-kem v0.3.2
    Checking argon2 v0.6.0-rc.8
    Checking nom-rfc8288 v0.4.0
    Checking rsa v0.10.0-rc.18
    Checking ed25519-dalek v3.0.0
    Checking chacha20poly1305 v0.11.0
   Compiling servo-devtools v0.5.0 (https://github.com/servo/servo?rev=1d44e5dd6a8b64c02f9dbf7fcbdf4ebdd0740019#1d44e5dd)
    Checking aes-gcm v0.11.0
    Checking x448 v0.14.0-pre.12
    Checking sea-query v1.0.2
    Checking wgpu-core-deps-windows-linux-android v30.0.1
    Checking ml-dsa v0.1.1
    Checking aes-kw v0.3.1
    Checking x25519-dalek v3.0.0
    Checking p384 v0.14.0
    Checking p256 v0.14.0
    Checking p521 v0.14.0
    Checking servo-webvtt v0.5.0 (https://github.com/servo/servo?rev=1d44e5dd6a8b64c02f9dbf7fcbdf4ebdd0740019#1d44e5dd)
    Checking turboshake v0.7.1
    Checking cshake v0.2.1
    Checking k12 v0.5.1
    Checking sha3 v0.12.0
    Checking cbc v0.2.1
   Compiling wgpu v30.0.1
    Checking chardetng v0.1.17
    Checking anstyle-query v1.1.5
    Checking swapper v0.1.0
    Checking buf-read-ext v0.4.0
    Checking colorchoice v1.0.5
   Compiling seq-macro v0.3.6
    Checking error-code v3.3.2
    Checking is_terminal_polyfill v1.70.2
    Checking anstream v1.0.0
    Checking clipboard-win v5.4.1
    Checking sea-query-rusqlite v0.8.0
   Compiling winit v0.30.13
    Checking env_filter v2.0.0
   Compiling grafting v0.6.0 (C:\Users\mark_\Code\repos\wgpu-graft\grafting)
    Checking jiff v0.2.29
    Checking unicode_categories v0.1.1
    Checking env_logger v0.11.11
    Checking arboard v3.6.1
    Checking windows-sys v0.52.0
    Checking grafting-frame v0.1.0 (C:\Users\mark_\Code\repos\wgpu-graft\grafting-frame)
    Checking smol_str v0.2.2
    Checking cursor-icon v1.2.0
    Checking servo-malloc-size-of v0.5.0 (https://github.com/servo/servo?rev=1d44e5dd6a8b64c02f9dbf7fcbdf4ebdd0740019#1d44e5dd)
    Checking servo-base v0.5.0 (https://github.com/servo/servo?rev=1d44e5dd6a8b64c02f9dbf7fcbdf4ebdd0740019#1d44e5dd)
    Checking servo-url v0.5.0 (https://github.com/servo/servo?rev=1d44e5dd6a8b64c02f9dbf7fcbdf4ebdd0740019#1d44e5dd)
    Checking servo-profile-traits v0.5.0 (https://github.com/servo/servo?rev=1d44e5dd6a8b64c02f9dbf7fcbdf4ebdd0740019#1d44e5dd)
    Checking servo-pixels v0.5.0 (https://github.com/servo/servo?rev=1d44e5dd6a8b64c02f9dbf7fcbdf4ebdd0740019#1d44e5dd)
    Checking servo-geometry v0.5.0 (https://github.com/servo/servo?rev=1d44e5dd6a8b64c02f9dbf7fcbdf4ebdd0740019#1d44e5dd)
    Checking servo-paint-api v0.5.0 (https://github.com/servo/servo?rev=1d44e5dd6a8b64c02f9dbf7fcbdf4ebdd0740019#1d44e5dd)
    Checking servo-net-traits v0.5.0 (https://github.com/servo/servo?rev=1d44e5dd6a8b64c02f9dbf7fcbdf4ebdd0740019#1d44e5dd)
    Checking servo-fonts-traits v0.5.0 (https://github.com/servo/servo?rev=1d44e5dd6a8b64c02f9dbf7fcbdf4ebdd0740019#1d44e5dd)
    Checking servo-media-streams v0.5.0 (https://github.com/servo/servo?rev=1d44e5dd6a8b64c02f9dbf7fcbdf4ebdd0740019#1d44e5dd)
    Checking servo-media-traits v0.5.0 (https://github.com/servo/servo?rev=1d44e5dd6a8b64c02f9dbf7fcbdf4ebdd0740019#1d44e5dd)
    Checking servo-media-player v0.5.0 (https://github.com/servo/servo?rev=1d44e5dd6a8b64c02f9dbf7fcbdf4ebdd0740019#1d44e5dd)
    Checking servo-webxr-api v0.5.0 (https://github.com/servo/servo?rev=1d44e5dd6a8b64c02f9dbf7fcbdf4ebdd0740019#1d44e5dd)
    Checking servo-canvas-traits v0.5.0 (https://github.com/servo/servo?rev=1d44e5dd6a8b64c02f9dbf7fcbdf4ebdd0740019#1d44e5dd)
    Checking servo-media-audio v0.5.0 (https://github.com/servo/servo?rev=1d44e5dd6a8b64c02f9dbf7fcbdf4ebdd0740019#1d44e5dd)
    Checking servo-media-webrtc v0.5.0 (https://github.com/servo/servo?rev=1d44e5dd6a8b64c02f9dbf7fcbdf4ebdd0740019#1d44e5dd)
    Checking servo-devtools-traits v0.5.0 (https://github.com/servo/servo?rev=1d44e5dd6a8b64c02f9dbf7fcbdf4ebdd0740019#1d44e5dd)
    Checking servo-media v0.5.0 (https://github.com/servo/servo?rev=1d44e5dd6a8b64c02f9dbf7fcbdf4ebdd0740019#1d44e5dd)
    Checking servo-storage-traits v0.5.0 (https://github.com/servo/servo?rev=1d44e5dd6a8b64c02f9dbf7fcbdf4ebdd0740019#1d44e5dd)
    Checking servo-constellation-traits v0.5.0 (https://github.com/servo/servo?rev=1d44e5dd6a8b64c02f9dbf7fcbdf4ebdd0740019#1d44e5dd)
    Checking servo-media-thread v0.5.0 (https://github.com/servo/servo?rev=1d44e5dd6a8b64c02f9dbf7fcbdf4ebdd0740019#1d44e5dd)
    Checking servo-fonts v0.5.0 (https://github.com/servo/servo?rev=1d44e5dd6a8b64c02f9dbf7fcbdf4ebdd0740019#1d44e5dd)
    Checking servo-script-traits v0.5.0 (https://github.com/servo/servo?rev=1d44e5dd6a8b64c02f9dbf7fcbdf4ebdd0740019#1d44e5dd)
    Checking servo-background-hang-monitor-api v0.5.0 (https://github.com/servo/servo?rev=1d44e5dd6a8b64c02f9dbf7fcbdf4ebdd0740019#1d44e5dd)
    Checking servo-layout-api v0.5.0 (https://github.com/servo/servo?rev=1d44e5dd6a8b64c02f9dbf7fcbdf4ebdd0740019#1d44e5dd)
    Checking servo-timers v0.5.0 (https://github.com/servo/servo?rev=1d44e5dd6a8b64c02f9dbf7fcbdf4ebdd0740019#1d44e5dd)
    Checking servo-metrics v0.5.0 (https://github.com/servo/servo?rev=1d44e5dd6a8b64c02f9dbf7fcbdf4ebdd0740019#1d44e5dd)
    Checking servo-net v0.5.0 (https://github.com/servo/servo?rev=1d44e5dd6a8b64c02f9dbf7fcbdf4ebdd0740019#1d44e5dd)
    Checking servo-xpath v0.5.0 (https://github.com/servo/servo?rev=1d44e5dd6a8b64c02f9dbf7fcbdf4ebdd0740019#1d44e5dd)
    Checking servo-background-hang-monitor v0.5.0 (https://github.com/servo/servo?rev=1d44e5dd6a8b64c02f9dbf7fcbdf4ebdd0740019#1d44e5dd)
    Checking servo-canvas v0.5.0 (https://github.com/servo/servo?rev=1d44e5dd6a8b64c02f9dbf7fcbdf4ebdd0740019#1d44e5dd)
    Checking servo-webgl v0.5.0 (https://github.com/servo/servo?rev=1d44e5dd6a8b64c02f9dbf7fcbdf4ebdd0740019#1d44e5dd)
    Checking servo-paint v0.5.0 (https://github.com/servo/servo?rev=1d44e5dd6a8b64c02f9dbf7fcbdf4ebdd0740019#1d44e5dd)
    Checking servo-constellation v0.5.0 (https://github.com/servo/servo?rev=1d44e5dd6a8b64c02f9dbf7fcbdf4ebdd0740019#1d44e5dd)
    Checking servo-storage v0.5.0 (https://github.com/servo/servo?rev=1d44e5dd6a8b64c02f9dbf7fcbdf4ebdd0740019#1d44e5dd)
    Checking servo-media-dummy v0.5.0 (https://github.com/servo/servo?rev=1d44e5dd6a8b64c02f9dbf7fcbdf4ebdd0740019#1d44e5dd)
    Checking servo-default-resources v0.5.0 (https://github.com/servo/servo?rev=1d44e5dd6a8b64c02f9dbf7fcbdf4ebdd0740019#1d44e5dd)
    Checking servo-wakelock v0.5.0 (https://github.com/servo/servo?rev=1d44e5dd6a8b64c02f9dbf7fcbdf4ebdd0740019#1d44e5dd)
    Checking servo-profile v0.5.0 (https://github.com/servo/servo?rev=1d44e5dd6a8b64c02f9dbf7fcbdf4ebdd0740019#1d44e5dd)
    Checking servo-layout v0.5.0 (https://github.com/servo/servo?rev=1d44e5dd6a8b64c02f9dbf7fcbdf4ebdd0740019#1d44e5dd)
    Checking servo v0.5.0 (https://github.com/servo/servo?rev=1d44e5dd6a8b64c02f9dbf7fcbdf4ebdd0740019#1d44e5dd)
    Checking servo-wgpu-interop-adapter v0.1.0 (C:\Users\mark_\Code\repos\wgpu-graft\servo-wgpu-interop-adapter)
    Finished `dev` profile [unoptimized + debuginfo] target(s) in 12m 20s
