2026-10-07T05:57:03.0913559Z Current runner version: '2.337.0'
2026-10-07T05:57:03.0935318Z ##[group]Runner Image Provisioner
2026-10-07T05:57:03.0936306Z Hosted Compute Agent
2026-10-07T05:57:03.0936768Z Version: 20260901.588
2026-10-07T05:57:03.0937314Z Commit: f88ec8081b781fac6c440065ac7ff9e710ce3d0b
2026-10-07T05:57:03.0937917Z Build Date: 2026-09-01T19:56:44Z
2026-10-07T05:57:03.0938550Z Worker ID: {05d51235-9618-4d3a-8939-700b776322ba}
2026-10-07T05:57:03.0939144Z Azure Region: centralus
2026-10-07T05:57:03.0939592Z ##[endgroup]
2026-10-07T05:57:03.0940823Z ##[group]Operating System
2026-10-07T05:57:03.0941336Z Microsoft Windows Server 2025
2026-10-07T05:57:03.0941863Z 10.0.26100
2026-10-07T05:57:03.0942304Z Datacenter
2026-10-07T05:57:03.0942717Z ##[endgroup]
2026-10-07T05:57:03.0943205Z ##[group]Runner Image
2026-10-07T05:57:03.0943746Z Image: windows-2025-vs2026
2026-10-07T05:57:03.0944221Z Version: 20260925.250.1
2026-10-07T05:57:03.0945733Z Included Software: https://github.com/actions/runner-images/blob/win25-vs2026/20260925.250/images/windows/Windows2025-VS2026-Readme.md
2026-10-07T05:57:03.0947597Z Image Release: https://github.com/actions/runner-images/releases/tag/win25-vs2026%2F20260925.250
2026-10-07T05:57:03.0948676Z ##[endgroup]
2026-10-07T05:57:03.0949981Z ##[group]GITHUB_TOKEN Permissions
2026-10-07T05:57:03.0952666Z Contents: read
2026-10-07T05:57:03.0953385Z Metadata: read
2026-10-07T05:57:03.0954009Z Packages: read
2026-10-07T05:57:03.0954579Z ##[endgroup]
2026-10-07T05:57:03.0957368Z Secret source: Actions
2026-10-07T05:57:03.0958411Z Cache mode: write
2026-10-07T05:57:03.0959290Z Prepare workflow directory
2026-10-07T05:57:03.1353712Z Prepare all required actions
2026-10-07T05:57:03.1402931Z Getting action download info
2026-10-07T05:57:03.3596034Z Download action repository 'actions/checkout@v7' (SHA:3d3c42e5aac5ba805825da76410c181273ba90b1)
2026-10-07T05:57:03.4524658Z Download action repository 'dtolnay/rust-toolchain@stable' (SHA:89b12181fb390509a0842a86cc55eeb8eb928c1d)
2026-10-07T05:57:03.6210903Z Download action repository 'actions/cache@v6' (SHA:55cc8345863c7cc4c66a329aec7e433d2d1c52a9)
2026-10-07T05:57:03.8769617Z Complete job name: Check core (Windows / Vulkan + D3D)
2026-10-07T05:57:04.0128941Z ##[group]Run actions/checkout@v7
2026-10-07T05:57:04.0130636Z with:
2026-10-07T05:57:04.0131125Z   repository: merely-made/wgpu-graft
2026-10-07T05:57:04.0134803Z   token: ***
2026-10-07T05:57:04.0135248Z   ssh-strict: true
2026-10-07T05:57:04.0135656Z   ssh-user: git
2026-10-07T05:57:04.0136095Z   persist-credentials: true
2026-10-07T05:57:04.0136550Z   clean: true
2026-10-07T05:57:04.0136978Z   sparse-checkout-cone-mode: true
2026-10-07T05:57:04.0137461Z   fetch-depth: 1
2026-10-07T05:57:04.0137850Z   fetch-tags: false
2026-10-07T05:57:04.0138312Z   show-progress: true
2026-10-07T05:57:04.0138726Z   lfs: false
2026-10-07T05:57:04.0139161Z   submodules: false
2026-10-07T05:57:04.0139582Z   set-safe-directory: true
2026-10-07T05:57:04.0140079Z   allow-unsafe-pr-checkout: false
2026-10-07T05:57:04.0140891Z env:
2026-10-07T05:57:04.0141392Z   CARGO_TERM_COLOR: always
2026-10-07T05:57:04.0141882Z   RUSTFLAGS: -D warnings
2026-10-07T05:57:04.0142470Z   AWS_LC_SYS_NO_ASM: 1
2026-10-07T05:57:04.0142943Z   CARGO_NET_GIT_FETCH_WITH_CLI: true
2026-10-07T05:57:04.0143460Z ##[endgroup]
2026-10-07T05:57:04.1661657Z Syncing repository: merely-made/wgpu-graft
2026-10-07T05:57:04.1663276Z ##[group]Getting Git version info
2026-10-07T05:57:04.1663893Z Working directory is 'D:\a\wgpu-graft\wgpu-graft'
2026-10-07T05:57:04.2401967Z [command]"C:\Program Files\Git\bin\git.exe" version
2026-10-07T05:57:04.5939862Z git version 2.55.0.windows.5
2026-10-07T05:57:04.5984524Z ##[endgroup]
2026-10-07T05:57:04.5999966Z Temporarily overriding HOME='D:\a\_temp\79b79c4a-1e2e-4792-a330-1359090098d4' before making global git config changes
2026-10-07T05:57:04.6001488Z Adding repository directory to the temporary git global config as a safe directory
2026-10-07T05:57:04.6009037Z [command]"C:\Program Files\Git\bin\git.exe" config --global --add safe.directory D:\a\wgpu-graft\wgpu-graft
2026-10-07T05:57:04.6610508Z Deleting the contents of 'D:\a\wgpu-graft\wgpu-graft'
2026-10-07T05:57:04.6615165Z ##[group]Determining repository object format
2026-10-07T05:57:04.6617640Z ##[endgroup]
2026-10-07T05:57:04.6618729Z ##[group]Initializing the repository
2026-10-07T05:57:04.6624658Z [command]"C:\Program Files\Git\bin\git.exe" init D:\a\wgpu-graft\wgpu-graft
2026-10-07T05:57:04.7528620Z Initialized empty Git repository in D:/a/wgpu-graft/wgpu-graft/.git/
2026-10-07T05:57:04.7574386Z [command]"C:\Program Files\Git\bin\git.exe" remote add origin https://github.com/merely-made/wgpu-graft
2026-10-07T05:57:04.8148909Z ##[endgroup]
2026-10-07T05:57:04.8150640Z ##[group]Disabling automatic garbage collection
2026-10-07T05:57:04.8160948Z [command]"C:\Program Files\Git\bin\git.exe" config --local gc.auto 0
2026-10-07T05:57:04.8465871Z ##[endgroup]
2026-10-07T05:57:04.8467416Z ##[group]Setting up auth
2026-10-07T05:57:04.8468611Z Removing SSH command configuration
2026-10-07T05:57:04.8474803Z [command]"C:\Program Files\Git\bin\git.exe" config --local --name-only --get-regexp core\.sshCommand
2026-10-07T05:57:04.8736627Z [command]"C:\Program Files\Git\bin\git.exe" submodule foreach --recursive "sh -c \"git config --local --name-only --get-regexp 'core\.sshCommand' && git config --local --unset-all 'core.sshCommand' || :\""
2026-10-07T05:57:06.2456908Z Removing HTTP extra header
2026-10-07T05:57:06.2472731Z [command]"C:\Program Files\Git\bin\git.exe" config --local --name-only --get-regexp http\.https\:\/\/github\.com\/\.extraheader
2026-10-07T05:57:06.2731778Z [command]"C:\Program Files\Git\bin\git.exe" submodule foreach --recursive "sh -c \"git config --local --name-only --get-regexp 'http\.https\:\/\/github\.com\/\.extraheader' && git config --local --unset-all 'http.https://github.com/.extraheader' || :\""
2026-10-07T05:57:06.7797106Z Removing includeIf entries pointing to credentials config files
2026-10-07T05:57:06.7808019Z [command]"C:\Program Files\Git\bin\git.exe" config --local --name-only --get-regexp ^includeIf\.gitdir:
2026-10-07T05:57:06.8077824Z [command]"C:\Program Files\Git\bin\git.exe" submodule foreach --recursive "git config --local --show-origin --name-only --get-regexp remote.origin.url"
2026-10-07T05:57:07.2863709Z [command]"C:\Program Files\Git\bin\git.exe" config --file D:\a\_temp\git-credentials-366bf22c-0148-4518-8c38-62b4430a11f9.config http.https://github.com/.extraheader "AUTHORIZATION: basic ***"
2026-10-07T05:57:07.3133837Z [command]"C:\Program Files\Git\bin\git.exe" config --local includeIf.gitdir:D:/a/wgpu-graft/wgpu-graft/.git.path D:\a\_temp\git-credentials-366bf22c-0148-4518-8c38-62b4430a11f9.config
2026-10-07T05:57:07.3395621Z [command]"C:\Program Files\Git\bin\git.exe" config --local includeIf.gitdir:D:/a/wgpu-graft/wgpu-graft/.git/worktrees/*.path D:\a\_temp\git-credentials-366bf22c-0148-4518-8c38-62b4430a11f9.config
2026-10-07T05:57:07.3749472Z [command]"C:\Program Files\Git\bin\git.exe" config --local includeIf.gitdir:/github/workspace/.git.path /github/runner_temp/git-credentials-366bf22c-0148-4518-8c38-62b4430a11f9.config
2026-10-07T05:57:07.4032928Z [command]"C:\Program Files\Git\bin\git.exe" config --local includeIf.gitdir:/github/workspace/.git/worktrees/*.path /github/runner_temp/git-credentials-366bf22c-0148-4518-8c38-62b4430a11f9.config
2026-10-07T05:57:07.4304643Z ##[endgroup]
2026-10-07T05:57:07.4305376Z ##[group]Fetching the repository
2026-10-07T05:57:07.4317118Z [command]"C:\Program Files\Git\bin\git.exe" -c protocol.version=2 fetch --no-tags --prune --no-recurse-submodules --depth=1 origin +9ccccf94122504b4318381887ae3dd0434a91042:refs/remotes/origin/main
2026-10-07T05:57:08.9459218Z From https://github.com/merely-made/wgpu-graft
2026-10-07T05:57:08.9461214Z  * [new ref]         9ccccf94122504b4318381887ae3dd0434a91042 -> origin/main
2026-10-07T05:57:08.9517649Z [command]"C:\Program Files\Git\bin\git.exe" branch --list --remote origin/main
2026-10-07T05:57:08.9840970Z   origin/main
2026-10-07T05:57:08.9880841Z [command]"C:\Program Files\Git\bin\git.exe" rev-parse refs/remotes/origin/main
2026-10-07T05:57:09.0107213Z 9ccccf94122504b4318381887ae3dd0434a91042
2026-10-07T05:57:09.0138550Z ##[endgroup]
2026-10-07T05:57:09.0139233Z ##[group]Determining the checkout info
2026-10-07T05:57:09.0140054Z ##[endgroup]
2026-10-07T05:57:09.0147280Z [command]"C:\Program Files\Git\bin\git.exe" sparse-checkout disable
2026-10-07T05:57:09.0515261Z [command]"C:\Program Files\Git\bin\git.exe" config --local --unset-all extensions.worktreeConfig
2026-10-07T05:57:09.0762725Z ##[group]Checking out the ref
2026-10-07T05:57:09.0769064Z [command]"C:\Program Files\Git\bin\git.exe" checkout --progress --force -B main refs/remotes/origin/main
2026-10-07T05:57:09.3315461Z Switched to a new branch 'main'
2026-10-07T05:57:09.3374311Z branch 'main' set up to track 'origin/main'.
2026-10-07T05:57:09.3440582Z ##[endgroup]
2026-10-07T05:57:09.3830326Z [command]"C:\Program Files\Git\bin\git.exe" log -1 --format=%H
2026-10-07T05:57:09.4074266Z 9ccccf94122504b4318381887ae3dd0434a91042
2026-10-07T05:57:09.4555301Z ##[group]Run dtolnay/rust-toolchain@stable
2026-10-07T05:57:09.4555733Z with:
2026-10-07T05:57:09.4555986Z   toolchain: stable
2026-10-07T05:57:09.4556273Z env:
2026-10-07T05:57:09.4556529Z   CARGO_TERM_COLOR: always
2026-10-07T05:57:09.4556823Z   RUSTFLAGS: -D warnings
2026-10-07T05:57:09.4557105Z   AWS_LC_SYS_NO_ASM: 1
2026-10-07T05:57:09.4557428Z   CARGO_NET_GIT_FETCH_WITH_CLI: true
2026-10-07T05:57:09.4557816Z ##[endgroup]
2026-10-07T05:57:09.4622240Z ##[start-action display=Parse toolchain version;id=__dtolnay_rust-toolchain.parse]
2026-10-07T05:57:09.4773111Z ##[group]Run if [[ -z $toolchain ]]; then
2026-10-07T05:57:09.4773628Z [36;1mif [[ -z $toolchain ]]; then[0m
2026-10-07T05:57:09.4774173Z [36;1m  # GitHub does not enforce `required: true` inputs itself. https://github.com/actions/runner/issues/1070[0m
2026-10-07T05:57:09.4774688Z [36;1m  echo "'toolchain' is a required input" >&2[0m
2026-10-07T05:57:09.4775100Z [36;1m  exit 1[0m
2026-10-07T05:57:09.4775526Z [36;1melif [[ $toolchain =~ ^stable' '[0-9]+' '(year|month|week|day)s?' 'ago$ ]]; then[0m
2026-10-07T05:57:09.4775997Z [36;1m  if [[ Windows == macOS ]]; then[0m
2026-10-07T05:57:09.4776488Z [36;1m    echo "toolchain=1.$((($(date -v-$(sed 's/stable \([0-9]*\) \(.\).*/\1\2/' <<< $toolchain) +%s)/60/60/24-16569)/7/6))" >> $GITHUB_OUTPUT[0m
2026-10-07T05:57:09.4777002Z [36;1m  else[0m
2026-10-07T05:57:09.4777414Z [36;1m    echo "toolchain=1.$((($(date --date "${toolchain#stable }" +%s)/60/60/24-16569)/7/6))" >> $GITHUB_OUTPUT[0m
2026-10-07T05:57:09.4777845Z [36;1m  fi[0m
2026-10-07T05:57:09.4778208Z [36;1melif [[ $toolchain =~ ^stable' 'minus' '[0-9]+' 'releases?$ ]]; then[0m
2026-10-07T05:57:09.4778715Z [36;1m  echo "toolchain=1.$((($(date +%s)/60/60/24-16569)/7/6-${toolchain//[^0-9]/}))" >> $GITHUB_OUTPUT[0m
2026-10-07T05:57:09.4779207Z [36;1melif [[ $toolchain =~ ^1\.[0-9]+$ ]]; then[0m
2026-10-07T05:57:09.4779717Z [36;1m  echo "toolchain=1.$((i=${toolchain#1.}, c=($(date +%s)/60/60/24-16569)/7/6, i+9*i*(10*i<=c)+90*i*(100*i<=c)))" >> $GITHUB_OUTPUT[0m
2026-10-07T05:57:09.4780183Z [36;1melse[0m
2026-10-07T05:57:09.4780487Z [36;1m  echo "toolchain=$toolchain" >> $GITHUB_OUTPUT[0m
2026-10-07T05:57:09.4780809Z [36;1mfi[0m
2026-10-07T05:57:09.4798267Z shell: C:\Program Files\Git\bin\bash.EXE --noprofile --norc -e -o pipefail {0}
2026-10-07T05:57:09.4798695Z env:
2026-10-07T05:57:09.4798947Z   CARGO_TERM_COLOR: always
2026-10-07T05:57:09.4799263Z   RUSTFLAGS: -D warnings
2026-10-07T05:57:09.4799639Z   AWS_LC_SYS_NO_ASM: 1
2026-10-07T05:57:09.4799940Z   CARGO_NET_GIT_FETCH_WITH_CLI: true
2026-10-07T05:57:09.4800245Z   toolchain: stable
2026-10-07T05:57:09.4800494Z ##[endgroup]
2026-10-07T05:57:09.6448187Z ##[end-action id=__dtolnay_rust-toolchain.parse;outcome=success;conclusion=success;duration_ms=182]
2026-10-07T05:57:09.6459780Z ##[start-action display=Construct rustup command line;id=__dtolnay_rust-toolchain.flags]
2026-10-07T05:57:09.6589719Z ##[group]Run echo "targets=$(for t in ${targets//,/ }; do echo -n ' --target' $t; done)" >> $GITHUB_OUTPUT
2026-10-07T05:57:09.6590580Z [36;1mecho "targets=$(for t in ${targets//,/ }; do echo -n ' --target' $t; done)" >> $GITHUB_OUTPUT[0m
2026-10-07T05:57:09.6591398Z [36;1mecho "components=$(for c in ${components//,/ }; do echo -n ' --component' $c; done)" >> $GITHUB_OUTPUT[0m
2026-10-07T05:57:09.6592094Z [36;1mecho "downgrade=" >> $GITHUB_OUTPUT[0m
2026-10-07T05:57:09.6602862Z shell: C:\Program Files\Git\bin\bash.EXE --noprofile --norc -e -o pipefail {0}
2026-10-07T05:57:09.6603276Z env:
2026-10-07T05:57:09.6603532Z   CARGO_TERM_COLOR: always
2026-10-07T05:57:09.6603836Z   RUSTFLAGS: -D warnings
2026-10-07T05:57:09.6604109Z   AWS_LC_SYS_NO_ASM: 1
2026-10-07T05:57:09.6604393Z   CARGO_NET_GIT_FETCH_WITH_CLI: true
2026-10-07T05:57:09.6604683Z   targets: 
2026-10-07T05:57:09.6604957Z   components: 
2026-10-07T05:57:09.6605236Z ##[endgroup]
2026-10-07T05:57:09.7195420Z ##[end-action id=__dtolnay_rust-toolchain.flags;outcome=success;conclusion=success;duration_ms=73]
2026-10-07T05:57:09.7199286Z ##[start-action display=Set $CARGO_HOME;id=__dtolnay_rust-toolchain.__run]
2026-10-07T05:57:09.7312255Z ##[group]Run echo CARGO_HOME=${CARGO_HOME:-"$USERPROFILE\.cargo"} >> $GITHUB_ENV
2026-10-07T05:57:09.7312779Z [36;1mecho CARGO_HOME=${CARGO_HOME:-"$USERPROFILE\.cargo"} >> $GITHUB_ENV[0m
2026-10-07T05:57:09.7322591Z shell: C:\Program Files\Git\bin\bash.EXE --noprofile --norc -e -o pipefail {0}
2026-10-07T05:57:09.7323044Z env:
2026-10-07T05:57:09.7323306Z   CARGO_TERM_COLOR: always
2026-10-07T05:57:09.7323587Z   RUSTFLAGS: -D warnings
2026-10-07T05:57:09.7323850Z   AWS_LC_SYS_NO_ASM: 1
2026-10-07T05:57:09.7324138Z   CARGO_NET_GIT_FETCH_WITH_CLI: true
2026-10-07T05:57:09.7324431Z ##[endgroup]
2026-10-07T05:57:09.7711363Z ##[end-action id=__dtolnay_rust-toolchain.__run;outcome=success;conclusion=success;duration_ms=51]
2026-10-07T05:57:09.7715404Z ##[start-action display=Install rustup if needed;id=__dtolnay_rust-toolchain.__run_2]
2026-10-07T05:57:09.7728077Z ##[end-action id=__dtolnay_rust-toolchain.__run_2;outcome=skipped;conclusion=skipped;duration_ms=0]
2026-10-07T05:57:09.7731037Z ##[start-action display=Install rustup if needed on windows;id=__dtolnay_rust-toolchain.__run_3]
2026-10-07T05:57:09.7864697Z ##[group]Run if ! command -v rustup &>/dev/null; then
2026-10-07T05:57:09.7865134Z [36;1mif ! command -v rustup &>/dev/null; then[0m
2026-10-07T05:57:09.7865873Z [36;1m  curl --proto '=https' --tlsv1.2 --retry 10 --retry-connrefused --location --silent --show-error --fail https://win.rustup.rs/x86_64 --output 'D:\a\_temp\rustup-init.exe'[0m
2026-10-07T05:57:09.7866671Z [36;1m  'D:\a\_temp\rustup-init.exe' --default-toolchain none --no-modify-path -y[0m
2026-10-07T05:57:09.7867105Z [36;1m  echo "$CARGO_HOME\bin" >> $GITHUB_PATH[0m
2026-10-07T05:57:09.7867440Z [36;1mfi[0m
2026-10-07T05:57:09.7877021Z shell: C:\Program Files\Git\bin\bash.EXE --noprofile --norc -e -o pipefail {0}
2026-10-07T05:57:09.7877554Z env:
2026-10-07T05:57:09.7877790Z   CARGO_TERM_COLOR: always
2026-10-07T05:57:09.7878039Z   RUSTFLAGS: -D warnings
2026-10-07T05:57:09.7878330Z   AWS_LC_SYS_NO_ASM: 1
2026-10-07T05:57:09.7878576Z   CARGO_NET_GIT_FETCH_WITH_CLI: true
2026-10-07T05:57:09.7878863Z   CARGO_HOME: C:\Users\runneradmin\.cargo
2026-10-07T05:57:09.7879141Z ##[endgroup]
2026-10-07T05:57:09.8315301Z ##[end-action id=__dtolnay_rust-toolchain.__run_3;outcome=success;conclusion=success;duration_ms=58]
2026-10-07T05:57:09.8327862Z ##[start-action display=rustup toolchain install stable;id=__dtolnay_rust-toolchain.__run_4]
2026-10-07T05:57:09.8449328Z ##[group]Run log=$(mktemp)
2026-10-07T05:57:09.8449662Z [36;1mlog=$(mktemp)[0m
2026-10-07T05:57:09.8449994Z [36;1mtrap 'rm -f "$log"' EXIT[0m
2026-10-07T05:57:09.8450304Z [36;1mfor attempt in 1 2 3 4 5; do[0m
2026-10-07T05:57:09.8450808Z [36;1m  if rustup toolchain install stable --profile minimal --no-self-update --force-non-host 2>&1 | tee "$log"; then[0m
2026-10-07T05:57:09.8451497Z [36;1m    break[0m
2026-10-07T05:57:09.8452383Z [36;1m  else[0m
2026-10-07T05:57:09.8452709Z [36;1m    status=$?[0m
2026-10-07T05:57:09.8453052Z [36;1m  fi[0m
2026-10-07T05:57:09.8453496Z [36;1m  if [[ $attempt == 5 ]] || ! grep -Fq 'checksum failed for ' "$log" \[0m
2026-10-07T05:57:09.8454332Z [36;1m      || ! grep -Fq 'this is likely due to an ongoing update of the official release server' "$log"; then[0m
2026-10-07T05:57:09.8455033Z [36;1m    exit "$status"[0m
2026-10-07T05:57:09.8455405Z [36;1m  fi[0m
2026-10-07T05:57:09.8455927Z [36;1m  echo "Retrying rustup toolchain install in 30 seconds (retry $attempt of 4)" >&2[0m
2026-10-07T05:57:09.8456518Z [36;1m  sleep 30[0m
2026-10-07T05:57:09.8456856Z [36;1mdone[0m
2026-10-07T05:57:09.8470489Z shell: C:\Program Files\Git\bin\bash.EXE --noprofile --norc -e -o pipefail {0}
2026-10-07T05:57:09.8471090Z env:
2026-10-07T05:57:09.8471486Z   CARGO_TERM_COLOR: always
2026-10-07T05:57:09.8473171Z   RUSTFLAGS: -D warnings
2026-10-07T05:57:09.8473689Z   AWS_LC_SYS_NO_ASM: 1
2026-10-07T05:57:09.8474093Z   CARGO_NET_GIT_FETCH_WITH_CLI: true
2026-10-07T05:57:09.8474527Z   CARGO_HOME: C:\Users\runneradmin\.cargo
2026-10-07T05:57:09.8475155Z   RUSTUP_PERMIT_COPY_RENAME: 1
2026-10-07T05:57:09.8475576Z ##[endgroup]
2026-10-07T05:57:13.3788625Z info: syncing channel updates for stable-x86_64-pc-windows-msvc
2026-10-07T05:57:14.0259347Z info: latest update on 2026-10-01 for version 1.99.0 (b940084d7 2026-09-28)
2026-10-07T05:57:14.0577503Z info: removing previous version of component rustfmt
2026-10-07T05:57:14.0892657Z info: removing previous version of component clippy
2026-10-07T05:57:14.1052407Z info: removing previous version of component rust-std for target x86_64-pc-windows-gnu
2026-10-07T05:57:14.2319664Z info: removing previous version of component rust-std for target i686-pc-windows-msvc
2026-10-07T05:57:14.3269645Z info: removing previous version of component cargo
2026-10-07T05:57:14.4057729Z info: removing previous version of component rust-std
2026-10-07T05:57:14.5008285Z info: removing previous version of component rustc
2026-10-07T05:57:14.6104840Z info: downloading 7 components
2026-10-07T05:57:26.9674129Z 
2026-10-07T05:57:28.3847745Z   stable-x86_64-pc-windows-msvc updated - rustc 1.99.0 (b940084d7 2026-09-28) (from rustc 1.98.1 (48a229cea 2026-09-01))
2026-10-07T05:57:28.3848501Z 
2026-10-07T05:57:28.4302269Z ##[end-action id=__dtolnay_rust-toolchain.__run_4;outcome=success;conclusion=success;duration_ms=18597]
2026-10-07T05:57:28.4310420Z ##[start-action display=rustup default stable;id=__dtolnay_rust-toolchain.__run_5]
2026-10-07T05:57:28.4440897Z ##[group]Run rustup default stable --force-non-host
2026-10-07T05:57:28.4441304Z [36;1mrustup default stable --force-non-host[0m
2026-10-07T05:57:28.4451741Z shell: C:\Program Files\Git\bin\bash.EXE --noprofile --norc -e -o pipefail {0}
2026-10-07T05:57:28.4452168Z env:
2026-10-07T05:57:28.4452464Z   CARGO_TERM_COLOR: always
2026-10-07T05:57:28.4452744Z   RUSTFLAGS: -D warnings
2026-10-07T05:57:28.4452999Z   AWS_LC_SYS_NO_ASM: 1
2026-10-07T05:57:28.4453287Z   CARGO_NET_GIT_FETCH_WITH_CLI: true
2026-10-07T05:57:28.4453600Z   CARGO_HOME: C:\Users\runneradmin\.cargo
2026-10-07T05:57:28.4453980Z ##[endgroup]
2026-10-07T05:57:28.5061396Z info: using existing install for stable-x86_64-pc-windows-msvc
2026-10-07T05:57:28.5122844Z info: default toolchain set to stable-x86_64-pc-windows-msvc
2026-10-07T05:57:28.5161352Z 
2026-10-07T05:57:28.5358776Z   stable-x86_64-pc-windows-msvc unchanged - rustc 1.99.0 (b940084d7 2026-09-28)
2026-10-07T05:57:28.5359163Z 
2026-10-07T05:57:28.5362616Z info: note that the toolchain '1.97.1-x86_64-pc-windows-msvc' is currently in use (overridden by 'D:\a\wgpu-graft\wgpu-graft\rust-toolchain.toml')
2026-10-07T05:57:28.5444285Z ##[end-action id=__dtolnay_rust-toolchain.__run_5;outcome=success;conclusion=success;duration_ms=113]
2026-10-07T05:57:28.5447989Z ##[start-action display=Create cachekey;id=__dtolnay_rust-toolchain.rustc-version]
2026-10-07T05:57:28.5563389Z ##[group]Run DATE=$(rustc +stable --version --verbose | sed -ne 's/^commit-date: \(20[0-9][0-9]\)-\([01][0-9]\)-\([0-3][0-9]\)$/\1\2\3/p')
2026-10-07T05:57:28.5564163Z [36;1mDATE=$(rustc +stable --version --verbose | sed -ne 's/^commit-date: \(20[0-9][0-9]\)-\([01][0-9]\)-\([0-3][0-9]\)$/\1\2\3/p')[0m
2026-10-07T05:57:28.5565038Z [36;1mHASH=$(rustc +stable --version --verbose | sed -ne 's/^commit-hash: //p')[0m
2026-10-07T05:57:28.5565538Z [36;1mecho "cachekey=$(echo $DATE$HASH | head -c12)" >> $GITHUB_OUTPUT[0m
2026-10-07T05:57:28.5576096Z shell: C:\Program Files\Git\bin\bash.EXE --noprofile --norc -e -o pipefail {0}
2026-10-07T05:57:28.5576533Z env:
2026-10-07T05:57:28.5576804Z   CARGO_TERM_COLOR: always
2026-10-07T05:57:28.5577077Z   RUSTFLAGS: -D warnings
2026-10-07T05:57:28.5577366Z   AWS_LC_SYS_NO_ASM: 1
2026-10-07T05:57:28.5577648Z   CARGO_NET_GIT_FETCH_WITH_CLI: true
2026-10-07T05:57:28.5578102Z   CARGO_HOME: C:\Users\runneradmin\.cargo
2026-10-07T05:57:28.5578417Z ##[endgroup]
2026-10-07T05:57:29.3879705Z ##[end-action id=__dtolnay_rust-toolchain.rustc-version;outcome=success;conclusion=success;duration_ms=843]
2026-10-07T05:57:29.3883440Z ##[start-action display=Disable incremental compilation;id=__dtolnay_rust-toolchain.__run_6]
2026-10-07T05:57:29.3991681Z ##[group]Run if [ -z "${CARGO_INCREMENTAL+set}" ]; then
2026-10-07T05:57:29.3992112Z [36;1mif [ -z "${CARGO_INCREMENTAL+set}" ]; then[0m
2026-10-07T05:57:29.3992471Z [36;1m  echo CARGO_INCREMENTAL=0 >> $GITHUB_ENV[0m
2026-10-07T05:57:29.3992769Z [36;1mfi[0m
2026-10-07T05:57:29.4002308Z shell: C:\Program Files\Git\bin\bash.EXE --noprofile --norc -e -o pipefail {0}
2026-10-07T05:57:29.4002711Z env:
2026-10-07T05:57:29.4002977Z   CARGO_TERM_COLOR: always
2026-10-07T05:57:29.4003263Z   RUSTFLAGS: -D warnings
2026-10-07T05:57:29.4003580Z   AWS_LC_SYS_NO_ASM: 1
2026-10-07T05:57:29.4003866Z   CARGO_NET_GIT_FETCH_WITH_CLI: true
2026-10-07T05:57:29.4004193Z   CARGO_HOME: C:\Users\runneradmin\.cargo
2026-10-07T05:57:29.4004500Z ##[endgroup]
2026-10-07T05:57:29.4350251Z ##[end-action id=__dtolnay_rust-toolchain.__run_6;outcome=success;conclusion=success;duration_ms=46]
2026-10-07T05:57:29.4352783Z ##[start-action display=Enable colors in Cargo output;id=__dtolnay_rust-toolchain.__run_7]
2026-10-07T05:57:29.4459193Z ##[group]Run if [ -z "${CARGO_TERM_COLOR+set}" ]; then
2026-10-07T05:57:29.4459647Z [36;1mif [ -z "${CARGO_TERM_COLOR+set}" ]; then[0m
2026-10-07T05:57:29.4460003Z [36;1m  echo CARGO_TERM_COLOR=always >> $GITHUB_ENV[0m
2026-10-07T05:57:29.4460334Z [36;1mfi[0m
2026-10-07T05:57:29.4469092Z shell: C:\Program Files\Git\bin\bash.EXE --noprofile --norc -e -o pipefail {0}
2026-10-07T05:57:29.4469527Z env:
2026-10-07T05:57:29.4469803Z   CARGO_TERM_COLOR: always
2026-10-07T05:57:29.4470083Z   RUSTFLAGS: -D warnings
2026-10-07T05:57:29.4470360Z   AWS_LC_SYS_NO_ASM: 1
2026-10-07T05:57:29.4470653Z   CARGO_NET_GIT_FETCH_WITH_CLI: true
2026-10-07T05:57:29.4470983Z   CARGO_HOME: C:\Users\runneradmin\.cargo
2026-10-07T05:57:29.4471293Z   CARGO_INCREMENTAL: 0
2026-10-07T05:57:29.4471555Z ##[endgroup]
2026-10-07T05:57:29.4809704Z ##[end-action id=__dtolnay_rust-toolchain.__run_7;outcome=success;conclusion=success;duration_ms=45]
2026-10-07T05:57:29.4812324Z ##[start-action display=Enable Cargo sparse registry;id=__dtolnay_rust-toolchain.__run_8]
2026-10-07T05:57:29.4924944Z ##[group]Run # implemented in 1.66, stabilized in 1.68, made default in 1.70
2026-10-07T05:57:29.4925487Z [36;1m# implemented in 1.66, stabilized in 1.68, made default in 1.70[0m
2026-10-07T05:57:29.4926100Z [36;1mif [ -z "${CARGO_REGISTRIES_CRATES_IO_PROTOCOL+set}" -o -f "D:\a\_temp"/.implicit_cargo_registries_crates_io_protocol ]; then[0m
2026-10-07T05:57:29.4926702Z [36;1m  if rustc +stable --version --verbose | grep -q '^release: 1\.6[89]\.'; then[0m
2026-10-07T05:57:29.4927375Z [36;1m    touch "D:\a\_temp"/.implicit_cargo_registries_crates_io_protocol || true[0m
2026-10-07T05:57:29.4927889Z [36;1m    echo CARGO_REGISTRIES_CRATES_IO_PROTOCOL=sparse >> $GITHUB_ENV[0m
2026-10-07T05:57:29.4928982Z [36;1m  elif rustc +stable --version --verbose | grep -q '^release: 1\.6[67]\.'; then[0m
2026-10-07T05:57:29.4929559Z [36;1m    touch "D:\a\_temp"/.implicit_cargo_registries_crates_io_protocol || true[0m
2026-10-07T05:57:29.4930011Z [36;1m    echo CARGO_REGISTRIES_CRATES_IO_PROTOCOL=git >> $GITHUB_ENV[0m
2026-10-07T05:57:29.4930369Z [36;1m  fi[0m
2026-10-07T05:57:29.4930615Z [36;1mfi[0m
2026-10-07T05:57:29.4939903Z shell: C:\Program Files\Git\bin\bash.EXE --noprofile --norc -e -o pipefail {0}
2026-10-07T05:57:29.4940344Z env:
2026-10-07T05:57:29.4940605Z   CARGO_TERM_COLOR: always
2026-10-07T05:57:29.4940878Z   RUSTFLAGS: -D warnings
2026-10-07T05:57:29.4941162Z   AWS_LC_SYS_NO_ASM: 1
2026-10-07T05:57:29.4941431Z   CARGO_NET_GIT_FETCH_WITH_CLI: true
2026-10-07T05:57:29.4941801Z   CARGO_HOME: C:\Users\runneradmin\.cargo
2026-10-07T05:57:29.4942245Z   CARGO_INCREMENTAL: 0
2026-10-07T05:57:29.4942499Z ##[endgroup]
2026-10-07T05:57:29.6750529Z ##[end-action id=__dtolnay_rust-toolchain.__run_8;outcome=success;conclusion=success;duration_ms=193]
2026-10-07T05:57:29.6753542Z ##[start-action display=Work around spurious network errors in curl 8.0;id=__dtolnay_rust-toolchain.__run_9]
2026-10-07T05:57:29.6871467Z ##[group]Run # https://rust-lang.zulipchat.com/#narrow/stream/246057-t-cargo/topic/timeout.20investigation
2026-10-07T05:57:29.6872215Z [36;1m# https://rust-lang.zulipchat.com/#narrow/stream/246057-t-cargo/topic/timeout.20investigation[0m
2026-10-07T05:57:29.6872768Z [36;1mif rustc +stable --version --verbose | grep -q '^release: 1\.7[01]\.'; then[0m
2026-10-07T05:57:29.6873244Z [36;1m  echo CARGO_HTTP_MULTIPLEXING=false >> $GITHUB_ENV[0m
2026-10-07T05:57:29.6873575Z [36;1mfi[0m
2026-10-07T05:57:29.6883862Z shell: C:\Program Files\Git\bin\bash.EXE --noprofile --norc -e -o pipefail {0}
2026-10-07T05:57:29.6884305Z env:
2026-10-07T05:57:29.6884572Z   CARGO_TERM_COLOR: always
2026-10-07T05:57:29.6884860Z   RUSTFLAGS: -D warnings
2026-10-07T05:57:29.6885132Z   AWS_LC_SYS_NO_ASM: 1
2026-10-07T05:57:29.6885394Z   CARGO_NET_GIT_FETCH_WITH_CLI: true
2026-10-07T05:57:29.6885722Z   CARGO_HOME: C:\Users\runneradmin\.cargo
2026-10-07T05:57:29.6886029Z   CARGO_INCREMENTAL: 0
2026-10-07T05:57:29.6886274Z ##[endgroup]
2026-10-07T05:57:29.7855669Z ##[end-action id=__dtolnay_rust-toolchain.__run_9;outcome=success;conclusion=success;duration_ms=110]
2026-10-07T05:57:29.7859740Z ##[start-action display=rustc +stable --version --verbose;id=__dtolnay_rust-toolchain.__run_10]
2026-10-07T05:57:29.7970287Z ##[group]Run rustc +stable --version --verbose
2026-10-07T05:57:29.7970740Z [36;1mrustc +stable --version --verbose[0m
2026-10-07T05:57:29.7980013Z shell: C:\Program Files\Git\bin\bash.EXE --noprofile --norc -e -o pipefail {0}
2026-10-07T05:57:29.7980427Z env:
2026-10-07T05:57:29.7980675Z   CARGO_TERM_COLOR: always
2026-10-07T05:57:29.7980982Z   RUSTFLAGS: -D warnings
2026-10-07T05:57:29.7981258Z   AWS_LC_SYS_NO_ASM: 1
2026-10-07T05:57:29.7981538Z   CARGO_NET_GIT_FETCH_WITH_CLI: true
2026-10-07T05:57:29.7981881Z   CARGO_HOME: C:\Users\runneradmin\.cargo
2026-10-07T05:57:29.7982176Z   CARGO_INCREMENTAL: 0
2026-10-07T05:57:29.7982444Z ##[endgroup]
2026-10-07T05:57:29.8700283Z rustc 1.99.0 (b940084d7 2026-09-28)
2026-10-07T05:57:29.8700914Z binary: rustc
2026-10-07T05:57:29.8701353Z commit-hash: b940084d7eb6a299eb4bfeb8e34901bc051e7ac4
2026-10-07T05:57:29.8701907Z commit-date: 2026-09-28
2026-10-07T05:57:29.8702353Z host: x86_64-pc-windows-msvc
2026-10-07T05:57:29.8702883Z release: 1.99.0
2026-10-07T05:57:29.8704122Z LLVM version: 23.1.1
2026-10-07T05:57:29.8842002Z ##[end-action id=__dtolnay_rust-toolchain.__run_10;outcome=success;conclusion=success;duration_ms=98]
2026-10-07T05:57:29.8997481Z ##[group]Run git config --global core.longpaths true
2026-10-07T05:57:29.8998207Z [36;1mgit config --global core.longpaths true[0m
2026-10-07T05:57:29.9470597Z shell: C:\Program Files\PowerShell\7\pwsh.EXE -command ". '{0}'"
2026-10-07T05:57:29.9471092Z env:
2026-10-07T05:57:29.9471417Z   CARGO_TERM_COLOR: always
2026-10-07T05:57:29.9471776Z   RUSTFLAGS: -D warnings
2026-10-07T05:57:29.9472147Z   AWS_LC_SYS_NO_ASM: 1
2026-10-07T05:57:29.9472478Z   CARGO_NET_GIT_FETCH_WITH_CLI: true
2026-10-07T05:57:29.9472892Z   CARGO_HOME: C:\Users\runneradmin\.cargo
2026-10-07T05:57:29.9473699Z   CARGO_INCREMENTAL: 0
2026-10-07T05:57:29.9474015Z ##[endgroup]
2026-10-07T05:57:30.8321568Z ##[group]Run actions/cache@v6
2026-10-07T05:57:30.8322137Z with:
2026-10-07T05:57:30.8322515Z   path: ~/.cargo/registry
~/.cargo/git

2026-10-07T05:57:30.8322995Z   key: Windows-cargo-4c957dc3c1f9dad5dfe43934b495c62e3e364fe70995648b28080cbe3e30ec19
2026-10-07T05:57:30.8323449Z   restore-keys: Windows-cargo-
2026-10-07T05:57:30.8323772Z   enableCrossOsArchive: false
2026-10-07T05:57:30.8324078Z   fail-on-cache-miss: false
2026-10-07T05:57:30.8324363Z   lookup-only: false
2026-10-07T05:57:30.8324633Z   save-always: false
2026-10-07T05:57:30.8324871Z env:
2026-10-07T05:57:30.8325178Z   CARGO_TERM_COLOR: always
2026-10-07T05:57:30.8325495Z   RUSTFLAGS: -D warnings
2026-10-07T05:57:30.8325768Z   AWS_LC_SYS_NO_ASM: 1
2026-10-07T05:57:30.8326037Z   CARGO_NET_GIT_FETCH_WITH_CLI: true
2026-10-07T05:57:30.8326332Z   CARGO_HOME: C:\Users\runneradmin\.cargo
2026-10-07T05:57:30.8326660Z   CARGO_INCREMENTAL: 0
2026-10-07T05:57:30.8326918Z ##[endgroup]
2026-10-07T05:57:31.3018341Z Cache not found for input keys: Windows-cargo-4c957dc3c1f9dad5dfe43934b495c62e3e364fe70995648b28080cbe3e30ec19, Windows-cargo-
2026-10-07T05:57:31.3346836Z ##[group]Run cargo test --locked -p grafting-frame
2026-10-07T05:57:31.3347566Z [36;1mcargo test --locked -p grafting-frame[0m
2026-10-07T05:57:31.3479815Z shell: C:\Program Files\PowerShell\7\pwsh.EXE -command ". '{0}'"
2026-10-07T05:57:31.3480339Z env:
2026-10-07T05:57:31.3480721Z   CARGO_TERM_COLOR: always
2026-10-07T05:57:31.3481276Z   RUSTFLAGS: -D warnings
2026-10-07T05:57:31.3481672Z   AWS_LC_SYS_NO_ASM: 1
2026-10-07T05:57:31.3482115Z   CARGO_NET_GIT_FETCH_WITH_CLI: true
2026-10-07T05:57:31.3482588Z   CARGO_HOME: C:\Users\runneradmin\.cargo
2026-10-07T05:57:31.3483069Z   CARGO_INCREMENTAL: 0
2026-10-07T05:57:31.3483443Z ##[endgroup]
2026-10-07T05:57:32.1505361Z info: syncing channel updates for 1.97.1-x86_64-pc-windows-msvc
2026-10-07T05:57:34.3801220Z info: latest update on 2026-07-16 for version 1.97.1 (8bab26f4f 2026-07-14)
2026-10-07T05:57:36.4286163Z info: downloading 3 components
2026-10-07T05:57:46.9931275Z warn: the missing active toolchain `1.97.1-x86_64-pc-windows-msvc` has been auto-installed
2026-10-07T05:57:46.9931996Z warn: this might cause rustup commands to take longer time to finish than expected
2026-10-07T05:57:46.9932730Z info: you may opt out with `RUSTUP_AUTO_INSTALL=0` or `rustup set auto-install disable`
2026-10-07T05:57:48.6174696Z [1m[92m    Updating[0m git repository `https://github.com/jamienicol/glslopt-rs`
2026-10-07T05:57:49.7654492Z From https://github.com/jamienicol/glslopt-rs
2026-10-07T05:57:49.7655590Z  * [new ref]         68019f02a1437d785408ebc8ce7fd20341fffb8a -> refs/commit/68019f02a1437d785408ebc8ce7fd20341fffb8a
2026-10-07T05:57:49.9072255Z [1m[92m    Updating[0m git submodule `https://github.com/jamienicol/glsl-optimizer.git`
2026-10-07T05:58:21.3890176Z From https://github.com/jamienicol/glsl-optimizer
2026-10-07T05:58:21.3890939Z  * [new ref]                 2021195e9dc8653b6416ea7612da4facacd79c06 -> refs/commit/2021195e9dc8653b6416ea7612da4facacd79c06
2026-10-07T05:58:23.0298541Z [1m[92m    Updating[0m crates.io index
2026-10-07T05:58:23.0314114Z [1m[92m    Updating[0m git repository `https://github.com/servo/servo`
2026-10-07T06:00:08.3138470Z From https://github.com/servo/servo
2026-10-07T06:00:08.3139256Z  * [new ref]                 1d44e5dd6a8b64c02f9dbf7fcbdf4ebdd0740019 -> refs/commit/1d44e5dd6a8b64c02f9dbf7fcbdf4ebdd0740019
2026-10-07T06:04:44.0241533Z [1m[92m    Updating[0m git repository `https://github.com/zed-industries/scap`
2026-10-07T06:04:45.9641681Z From https://github.com/zed-industries/scap
2026-10-07T06:04:45.9642433Z  * [new ref]         4afea48c3b002197176fb19cd0f9b180dd36eaac -> refs/commit/4afea48c3b002197176fb19cd0f9b180dd36eaac
2026-10-07T06:04:46.2854425Z [1m[92m    Updating[0m git repository `https://github.com/zed-industries/font-kit`
2026-10-07T06:04:46.8274347Z From https://github.com/zed-industries/font-kit
2026-10-07T06:04:46.8275520Z  * [new ref]         110523127440aefb11ce0cf280ae7c5071337ec5 -> refs/commit/110523127440aefb11ce0cf280ae7c5071337ec5
2026-10-07T06:04:46.9716516Z [1m[92m    Updating[0m git repository `https://github.com/zed-industries/xim-rs.git`
2026-10-07T06:04:47.4677728Z From https://github.com/zed-industries/xim-rs
2026-10-07T06:04:47.4678477Z  * [new ref]         16f35a2c881b815a2b6cdfd6687988e84f8447d8 -> refs/commit/16f35a2c881b815a2b6cdfd6687988e84f8447d8
2026-10-07T06:04:47.5680228Z [1m[92m    Updating[0m git repository `https://github.com/proptest-rs/proptest`
2026-10-07T06:04:48.2688420Z From https://github.com/proptest-rs/proptest
2026-10-07T06:04:48.2689392Z  * [new ref]         3dca198a8fef1b32e3a66f1e1897c955b4dc5b5b -> refs/commit/3dca198a8fef1b32e3a66f1e1897c955b4dc5b5b
2026-10-07T06:04:51.6441416Z [1m[92m Downloading[0m crates ...
2026-10-07T06:04:51.8529640Z [1m[92m  Downloaded[0m windows-result v0.4.1
2026-10-07T06:04:51.8701419Z [1m[92m  Downloaded[0m windows-collections v0.3.2
2026-10-07T06:04:51.8779567Z [1m[92m  Downloaded[0m windows-implement v0.60.2
2026-10-07T06:04:51.8893602Z [1m[92m  Downloaded[0m windows-link v0.2.1
2026-10-07T06:04:51.8957533Z [1m[92m  Downloaded[0m windows-interface v0.59.3
2026-10-07T06:04:51.9021557Z [1m[92m  Downloaded[0m windows-strings v0.5.1
2026-10-07T06:04:51.9147025Z [1m[92m  Downloaded[0m windows-numerics v0.3.1
2026-10-07T06:04:51.9250873Z [1m[92m  Downloaded[0m windows-threading v0.2.1
2026-10-07T06:04:51.9320112Z [1m[92m  Downloaded[0m quote v1.0.46
2026-10-07T06:04:51.9563544Z [1m[92m  Downloaded[0m static_assertions v1.1.0
2026-10-07T06:04:51.9685384Z [1m[92m  Downloaded[0m windows-future v0.3.2
2026-10-07T06:04:51.9796606Z [1m[92m  Downloaded[0m windows-core v0.62.2
2026-10-07T06:04:52.0040870Z [1m[92m  Downloaded[0m proc-macro2 v1.0.106
2026-10-07T06:04:52.0308049Z [1m[92m  Downloaded[0m unicode-ident v1.0.24
2026-10-07T06:04:52.0498151Z [1m[92m  Downloaded[0m syn v2.0.118
2026-10-07T06:04:52.1088075Z [1m[92m  Downloaded[0m windows v0.62.2
2026-10-07T06:04:53.6308790Z [1m[92m   Compiling[0m proc-macro2 v1.0.106
2026-10-07T06:04:53.6310712Z [1m[92m   Compiling[0m quote v1.0.46
2026-10-07T06:04:53.6311373Z [1m[92m   Compiling[0m unicode-ident v1.0.24
2026-10-07T06:04:53.6312414Z [1m[92m   Compiling[0m windows-link v0.2.1
2026-10-07T06:04:53.6848406Z [1m[92m   Compiling[0m windows-result v0.4.1
2026-10-07T06:04:53.7354704Z [1m[92m   Compiling[0m windows-strings v0.5.1
2026-10-07T06:04:53.9832224Z [1m[92m   Compiling[0m windows-threading v0.2.1
2026-10-07T06:04:54.0759066Z [1m[92m   Compiling[0m static_assertions v1.1.0
2026-10-07T06:04:56.5481855Z [1m[92m   Compiling[0m syn v2.0.118
2026-10-07T06:04:58.8416555Z [1m[92m   Compiling[0m windows-implement v0.60.2
2026-10-07T06:04:58.8417381Z [1m[92m   Compiling[0m windows-interface v0.59.3
2026-10-07T06:04:59.4714547Z [1m[92m   Compiling[0m windows-core v0.62.2
2026-10-07T06:04:59.7449436Z [1m[92m   Compiling[0m windows-future v0.3.2
2026-10-07T06:04:59.7451427Z [1m[92m   Compiling[0m windows-collections v0.3.2
2026-10-07T06:04:59.7452040Z [1m[92m   Compiling[0m windows-numerics v0.3.1
2026-10-07T06:05:00.2582942Z [1m[92m   Compiling[0m windows v0.62.2
2026-10-07T06:05:01.5758018Z [1m[92m   Compiling[0m grafting-frame v0.1.0 (D:\a\wgpu-graft\wgpu-graft\grafting-frame)
2026-10-07T06:05:02.0051253Z [1m[92m    Finished[0m `test` profile [unoptimized + debuginfo] target(s) in 7m 14s
2026-10-07T06:05:02.1286327Z [1m[92m     Running[0m unittests src\lib.rs (target\debug\deps\grafting_frame-f5ea9438384190ac.exe)
2026-10-07T06:05:02.1392910Z 
2026-10-07T06:05:02.1393833Z running 2 tests
2026-10-07T06:05:02.1402680Z test tests::dx12_custody_clones_one_allocation_identity ... ok
2026-10-07T06:05:02.1403495Z test tests::metadata_is_resource_free_and_copyable ... ok
2026-10-07T06:05:02.1403822Z 
2026-10-07T06:05:02.1404157Z test result: ok. 2 passed; 0 failed; 0 ignored; 0 measured; 0 filtered out; finished in 0.00s
2026-10-07T06:05:02.1404488Z 
2026-10-07T06:05:02.1416175Z [1m[92m   Doc-tests[0m grafting_frame
2026-10-07T06:05:02.1810372Z 
2026-10-07T06:05:02.1811189Z running 0 tests
2026-10-07T06:05:02.1811468Z 
2026-10-07T06:05:02.1811998Z test result: ok. 0 passed; 0 failed; 0 ignored; 0 measured; 0 filtered out; finished in 0.00s
2026-10-07T06:05:02.1812462Z 
2026-10-07T06:05:02.3305702Z ##[group]Run cargo check --locked -p grafting --no-default-features --features wgpu-28
2026-10-07T06:05:02.3306458Z [36;1mcargo check --locked -p grafting --no-default-features --features wgpu-28[0m
2026-10-07T06:05:02.3371901Z shell: C:\Program Files\PowerShell\7\pwsh.EXE -command ". '{0}'"
2026-10-07T06:05:02.3372324Z env:
2026-10-07T06:05:02.3372568Z   CARGO_TERM_COLOR: always
2026-10-07T06:05:02.3372809Z   RUSTFLAGS: -D warnings
2026-10-07T06:05:02.3373077Z   AWS_LC_SYS_NO_ASM: 1
2026-10-07T06:05:02.3373316Z   CARGO_NET_GIT_FETCH_WITH_CLI: true
2026-10-07T06:05:02.3373600Z   CARGO_HOME: C:\Users\runneradmin\.cargo
2026-10-07T06:05:02.3373867Z   CARGO_INCREMENTAL: 0
2026-10-07T06:05:02.3374096Z ##[endgroup]
2026-10-07T06:05:03.8742798Z [1m[92m Downloading[0m crates ...
2026-10-07T06:05:03.9914315Z [1m[92m  Downloaded[0m bit-set v0.8.0
2026-10-07T06:05:04.0031291Z [1m[92m  Downloaded[0m glutin_wgl_sys v0.6.1
2026-10-07T06:05:04.0120409Z [1m[92m  Downloaded[0m cfg_aliases v0.2.2
2026-10-07T06:05:04.0189523Z [1m[92m  Downloaded[0m equivalent v1.0.2
2026-10-07T06:05:04.0264830Z [1m[92m  Downloaded[0m gpu-descriptor v0.3.2
2026-10-07T06:05:04.0334981Z [1m[92m  Downloaded[0m document-features v0.2.12
2026-10-07T06:05:04.0423991Z [1m[92m  Downloaded[0m wio v0.2.2
2026-10-07T06:05:04.0541081Z [1m[92m  Downloaded[0m scopeguard v1.2.0
2026-10-07T06:05:04.0620306Z [1m[92m  Downloaded[0m gpu-descriptor-types v0.2.0
2026-10-07T06:05:04.0679353Z [1m[92m  Downloaded[0m hexf-parse v0.2.1
2026-10-07T06:05:04.0758409Z [1m[92m  Downloaded[0m profiling v1.0.18
2026-10-07T06:05:04.0860062Z [1m[92m  Downloaded[0m cfg-if v1.0.4
2026-10-07T06:05:04.0973103Z [1m[92m  Downloaded[0m range-alloc v0.1.5
2026-10-07T06:05:04.1046145Z [1m[92m  Downloaded[0m winapi-util v0.1.11
2026-10-07T06:05:04.1182507Z [1m[92m  Downloaded[0m rustc-hash v1.1.0
2026-10-07T06:05:04.1255058Z [1m[92m  Downloaded[0m windows-targets v0.52.6
2026-10-07T06:05:04.1324180Z [1m[92m  Downloaded[0m renderdoc-sys v1.1.0
2026-10-07T06:05:04.1393794Z [1m[92m  Downloaded[0m wgpu-core-deps-windows-linux-android v28.0.0
2026-10-07T06:05:04.1463160Z [1m[92m  Downloaded[0m foldhash v0.1.5
2026-10-07T06:05:04.1545668Z [1m[92m  Downloaded[0m autocfg v1.5.1
2026-10-07T06:05:04.1669287Z [1m[92m  Downloaded[0m dpi v0.1.2
2026-10-07T06:05:04.1746087Z [1m[92m  Downloaded[0m termcolor v1.4.1
2026-10-07T06:05:04.1827098Z [1m[92m  Downloaded[0m pkg-config v0.3.33
2026-10-07T06:05:04.1926825Z [1m[92m  Downloaded[0m thiserror-impl v2.0.18
2026-10-07T06:05:04.2065049Z [1m[92m  Downloaded[0m gl_generator v0.14.0
2026-10-07T06:05:04.2202691Z [1m[92m  Downloaded[0m khronos-egl v6.0.0
2026-10-07T06:05:04.2346891Z [1m[92m  Downloaded[0m foldhash v0.2.0
2026-10-07T06:05:04.2436629Z [1m[92m  Downloaded[0m thiserror v2.0.18
2026-10-07T06:05:04.3096556Z [1m[92m  Downloaded[0m bytemuck_derive v1.10.2
2026-10-07T06:05:04.3201949Z [1m[92m  Downloaded[0m ordered-float v5.0.0
2026-10-07T06:05:04.3329333Z [1m[92m  Downloaded[0m bit-vec v0.8.0
2026-10-07T06:05:04.3426011Z [1m[92m  Downloaded[0m lock_api v0.4.14
2026-10-07T06:05:04.3505193Z [1m[92m  Downloaded[0m libloading v0.8.9
2026-10-07T06:05:04.3686686Z [1m[92m  Downloaded[0m spirv v0.3.0+sdk-1.3.268.0
2026-10-07T06:05:04.3775084Z [1m[92m  Downloaded[0m arrayvec v0.7.7
2026-10-07T06:05:04.3951796Z [1m[92m  Downloaded[0m presser v0.3.1
2026-10-07T06:05:04.4088526Z [1m[92m  Downloaded[0m once_cell v1.21.4
2026-10-07T06:05:04.4314356Z [1m[92m  Downloaded[0m parking_lot_core v0.9.12
2026-10-07T06:05:04.4488282Z [1m[92m  Downloaded[0m raw-window-handle v0.6.2
2026-10-07T06:05:04.4661579Z [1m[92m  Downloaded[0m smallvec v1.15.2
2026-10-07T06:05:04.4747985Z [1m[92m  Downloaded[0m bytemuck v1.25.0
2026-10-07T06:05:04.4954930Z [1m[92m  Downloaded[0m allocator-api2 v0.2.21
2026-10-07T06:05:04.5141786Z [1m[92m  Downloaded[0m gpu-allocator v0.28.0
2026-10-07T06:05:04.5340029Z [1m[92m  Downloaded[0m codespan-reporting v0.12.0
2026-10-07T06:05:04.5972630Z [1m[92m  Downloaded[0m num-traits v0.2.19
2026-10-07T06:05:04.6157121Z [1m[92m  Downloaded[0m litrs v1.0.0
2026-10-07T06:05:04.6394404Z [1m[92m  Downloaded[0m parking_lot v0.12.5
2026-10-07T06:05:04.6574235Z [1m[92m  Downloaded[0m serde_core v1.0.228
2026-10-07T06:05:04.6801453Z [1m[92m  Downloaded[0m serde_derive v1.0.228
2026-10-07T06:05:04.7033402Z [1m[92m  Downloaded[0m half v2.7.1
2026-10-07T06:05:04.7190297Z [1m[92m  Downloaded[0m xml-rs v0.8.28
2026-10-07T06:05:04.7420296Z [1m[92m  Downloaded[0m bitflags v2.13.0
2026-10-07T06:05:04.7779153Z [1m[92m  Downloaded[0m log v0.4.33
2026-10-07T06:05:04.7918166Z [1m[92m  Downloaded[0m serde v1.0.228
2026-10-07T06:05:04.8153124Z [1m[92m  Downloaded[0m zerocopy-derive v0.8.52
2026-10-07T06:05:04.8892975Z [1m[92m  Downloaded[0m wgpu-types v28.0.0
2026-10-07T06:05:04.9186432Z [1m[92m  Downloaded[0m indexmap v2.14.0
2026-10-07T06:05:04.9470572Z [1m[92m  Downloaded[0m hashbrown v0.15.5
2026-10-07T06:05:04.9714666Z [1m[92m  Downloaded[0m glow v0.16.0
2026-10-07T06:05:04.9843014Z [1m[92m  Downloaded[0m hashbrown v0.16.1
2026-10-07T06:05:05.0090820Z [1m[92m  Downloaded[0m hashbrown v0.17.1
2026-10-07T06:05:05.0384241Z [1m[92m  Downloaded[0m libm v0.2.16
2026-10-07T06:05:05.1178907Z [1m[92m  Downloaded[0m wgpu v28.0.0
2026-10-07T06:05:05.2254632Z [1m[92m  Downloaded[0m unicode-width v0.2.2
2026-10-07T06:05:05.2389900Z [1m[92m  Downloaded[0m zerocopy v0.8.52
2026-10-07T06:05:05.9151235Z [1m[92m  Downloaded[0m wgpu-core v28.0.1
2026-10-07T06:05:05.9669845Z [1m[92m  Downloaded[0m ash v0.38.0+1.3.281
2026-10-07T06:05:06.0470330Z [1m[92m  Downloaded[0m wgpu-hal v28.0.1
2026-10-07T06:05:06.1039670Z [1m[92m  Downloaded[0m khronos_api v3.1.0
2026-10-07T06:05:06.1735575Z [1m[92m  Downloaded[0m naga v28.0.0
2026-10-07T06:05:06.2878091Z [1m[92m  Downloaded[0m libc v0.2.186
2026-10-07T06:05:06.5034981Z [1m[92m  Downloaded[0m windows_x86_64_msvc v0.52.6
2026-10-07T06:05:06.5211191Z [1m[92m  Downloaded[0m winapi v0.3.9
2026-10-07T06:05:07.1453442Z [1m[92m  Downloaded[0m windows-sys v0.52.0
2026-10-07T06:05:07.5165785Z [1m[92m   Compiling[0m proc-macro2 v1.0.106
2026-10-07T06:05:07.5166466Z [1m[92m   Compiling[0m quote v1.0.46
2026-10-07T06:05:07.5168913Z [1m[92m    Checking[0m windows-link v0.2.1
2026-10-07T06:05:07.5170057Z [1m[92m   Compiling[0m cfg_aliases v0.2.2
2026-10-07T06:05:07.5835956Z [1m[92m   Compiling[0m khronos_api v3.1.0
2026-10-07T06:05:07.5839560Z [1m[92m    Checking[0m windows-strings v0.5.1
2026-10-07T06:05:07.7874228Z [1m[92m    Checking[0m windows-result v0.4.1
2026-10-07T06:05:07.8217767Z [1m[92m   Compiling[0m xml-rs v0.8.28
2026-10-07T06:05:07.9326059Z [1m[92m   Compiling[0m log v0.4.33
2026-10-07T06:05:07.9660285Z [1m[92m   Compiling[0m libm v0.2.16
2026-10-07T06:05:08.1403798Z [1m[92m   Compiling[0m autocfg v1.5.1
2026-10-07T06:05:08.3343045Z [1m[92m    Checking[0m bitflags v2.13.0
2026-10-07T06:05:08.6277625Z [1m[92m   Compiling[0m num-traits v0.2.19
2026-10-07T06:05:08.7821570Z [1m[92m   Compiling[0m syn v2.0.118
2026-10-07T06:05:08.7830356Z [1m[92m   Compiling[0m gl_generator v0.14.0
2026-10-07T06:05:09.0527631Z [1m[92m    Checking[0m windows-threading v0.2.1
2026-10-07T06:05:09.1282906Z [1m[92m    Checking[0m cfg-if v1.0.4
2026-10-07T06:05:09.1955037Z [1m[92m   Compiling[0m zerocopy v0.8.52
2026-10-07T06:05:09.4644103Z [1m[92m    Checking[0m equivalent v1.0.2
2026-10-07T06:05:09.5165953Z [1m[92m   Compiling[0m thiserror v2.0.18
2026-10-07T06:05:09.6301210Z [1m[92m    Checking[0m libloading v0.8.9
2026-10-07T06:05:09.8961718Z [1m[92m    Checking[0m allocator-api2 v0.2.21
2026-10-07T06:05:09.9861734Z [1m[92m    Checking[0m foldhash v0.2.0
2026-10-07T06:05:10.0975994Z [1m[92m   Compiling[0m parking_lot_core v0.9.12
2026-10-07T06:05:10.2552829Z [1m[92m   Compiling[0m libc v0.2.186
2026-10-07T06:05:10.3551396Z [1m[92m   Compiling[0m ash v0.38.0+1.3.281
2026-10-07T06:05:10.5622824Z [1m[92m    Checking[0m hashbrown v0.16.1
2026-10-07T06:05:10.6630920Z [1m[92m   Compiling[0m glutin_wgl_sys v0.6.1
2026-10-07T06:05:10.7108486Z [1m[92m   Compiling[0m naga v28.0.0
2026-10-07T06:05:11.0634126Z [1m[92m   Compiling[0m khronos-egl v6.0.0
2026-10-07T06:05:11.2110821Z [1m[92m    Checking[0m unicode-width v0.2.2
2026-10-07T06:05:11.2332294Z [1m[92m    Checking[0m smallvec v1.15.2
2026-10-07T06:05:11.4362382Z [1m[92m    Checking[0m hashbrown v0.17.1
2026-10-07T06:05:11.4455821Z [1m[92m    Checking[0m bit-vec v0.8.0
2026-10-07T06:05:11.5996057Z [1m[92m    Checking[0m scopeguard v1.2.0
2026-10-07T06:05:11.6349731Z [1m[92m    Checking[0m foldhash v0.1.5
2026-10-07T06:05:11.6621989Z [1m[92m    Checking[0m lock_api v0.4.14
2026-10-07T06:05:11.7435673Z [1m[92m    Checking[0m hashbrown v0.15.5
2026-10-07T06:05:11.8832197Z [1m[92m    Checking[0m bit-set v0.8.0
2026-10-07T06:05:12.0507809Z [1m[92m    Checking[0m indexmap v2.14.0
2026-10-07T06:05:12.1226037Z [1m[92m    Checking[0m codespan-reporting v0.12.0
2026-10-07T06:05:12.5739897Z [1m[92m    Checking[0m gpu-descriptor-types v0.2.0
2026-10-07T06:05:12.6903731Z [1m[92m    Checking[0m spirv v0.3.0+sdk-1.3.268.0
2026-10-07T06:05:12.7331816Z [1m[92m   Compiling[0m wgpu-hal v28.0.1
2026-10-07T06:05:13.1256134Z [1m[92m    Checking[0m hexf-parse v0.2.1
2026-10-07T06:05:13.2210640Z [1m[92m    Checking[0m unicode-ident v1.0.24
2026-10-07T06:05:13.3001777Z [1m[92m    Checking[0m once_cell v1.21.4
2026-10-07T06:05:13.4601862Z [1m[92m    Checking[0m arrayvec v0.7.7
2026-10-07T06:05:13.6102563Z [1m[92m   Compiling[0m windows-interface v0.59.3
2026-10-07T06:05:13.6434266Z [1m[92m   Compiling[0m windows-implement v0.60.2
2026-10-07T06:05:13.6838040Z [1m[92m   Compiling[0m thiserror-impl v2.0.18
2026-10-07T06:05:14.4601978Z [1m[92m   Compiling[0m zerocopy-derive v0.8.52
2026-10-07T06:05:14.5029935Z [1m[92m    Checking[0m windows-core v0.62.2
2026-10-07T06:05:14.8978391Z [1m[92m    Checking[0m windows-numerics v0.3.1
2026-10-07T06:05:15.0300614Z [1m[92m    Checking[0m windows-collections v0.3.2
2026-10-07T06:05:15.2775328Z [1m[92m    Checking[0m windows-future v0.3.2
2026-10-07T06:05:15.5828780Z [1m[92m   Compiling[0m bytemuck_derive v1.10.2
2026-10-07T06:05:15.8406778Z [1m[92m    Checking[0m windows v0.62.2
2026-10-07T06:05:17.0943534Z [1m[92m    Checking[0m bytemuck v1.25.0
2026-10-07T06:05:17.3282358Z [1m[92m    Checking[0m rustc-hash v1.1.0
2026-10-07T06:05:17.4053436Z [1m[92m    Checking[0m presser v0.3.1
2026-10-07T06:05:17.4962095Z [1m[92m    Checking[0m wgpu-types v28.0.0
2026-10-07T06:05:19.4530036Z [1m[92m    Checking[0m gpu-descriptor v0.3.2
2026-10-07T06:05:20.0017502Z [1m[92m    Checking[0m parking_lot v0.12.5
2026-10-07T06:05:20.2992624Z [1m[92m    Checking[0m ordered-float v5.0.0
2026-10-07T06:05:20.5614301Z [1m[92m    Checking[0m renderdoc-sys v1.1.0
2026-10-07T06:05:20.6298733Z [1m[92m    Checking[0m half v2.7.1
2026-10-07T06:05:20.6383312Z [1m[92m    Checking[0m raw-window-handle v0.6.2
2026-10-07T06:05:20.8506719Z [1m[92m    Checking[0m glow v0.16.0
2026-10-07T06:05:22.2293402Z [1m[92m    Checking[0m range-alloc v0.1.5
2026-10-07T06:05:22.3443410Z [1m[92m    Checking[0m profiling v1.0.18
2026-10-07T06:05:22.3855653Z [1m[92m   Compiling[0m wgpu-core v28.0.1
2026-10-07T06:05:22.7998170Z [1m[92m   Compiling[0m litrs v1.0.0
2026-10-07T06:05:23.6925159Z [1m[92m   Compiling[0m winapi v0.3.9
2026-10-07T06:05:24.2285357Z [1m[92m   Compiling[0m document-features v0.2.12
2026-10-07T06:05:24.9374412Z [1m[92m   Compiling[0m wgpu v28.0.0
2026-10-07T06:05:25.8080222Z [1m[92m   Compiling[0m grafting v0.6.0 (D:\a\wgpu-graft\wgpu-graft\grafting)
2026-10-07T06:05:26.2225450Z [1m[92m    Checking[0m static_assertions v1.1.0
2026-10-07T06:05:26.2705128Z [1m[92m    Checking[0m wio v0.2.2
2026-10-07T06:05:26.3628129Z [1m[92m    Checking[0m dpi v0.1.2
2026-10-07T06:05:29.7432454Z [1m[92m    Checking[0m gpu-allocator v0.28.0
2026-10-07T06:05:29.7433302Z [1m[92m    Checking[0m grafting-frame v0.1.0 (D:\a\wgpu-graft\wgpu-graft\grafting-frame)
2026-10-07T06:05:32.7413179Z [1m[92m    Checking[0m wgpu-core-deps-windows-linux-android v28.0.0
2026-10-07T06:05:37.7134863Z [1m[91merror[0m[1m[97m: methods `wait_for_producer` and `normalization_timeout` are never used[0m
2026-10-07T06:05:37.7135920Z    [1m[96m--> [0mgrafting\src\lib.rs:266:19
2026-10-07T06:05:37.7136664Z     [1m[96m|[0m
2026-10-07T06:05:37.7137263Z [1m[96m265[0m [1m[96m|[0m impl DiagnosticGpuSync {
2026-10-07T06:05:37.7138062Z     [1m[96m|[0m [1m[96m----------------------[0m [1m[96mmethods in this implementation[0m
2026-10-07T06:05:37.7138935Z [1m[96m266[0m [1m[96m|[0m     pub(crate) fn wait_for_producer(self) -> bool {
2026-10-07T06:05:37.7139604Z     [1m[96m|[0m                   [1m[91m^^^^^^^^^^^^^^^^^[0m
2026-10-07T06:05:37.7140011Z [1m[96m...[0m
2026-10-07T06:05:37.7142745Z [1m[96m270[0m [1m[96m|[0m     fn normalization_timeout(self) -> Option<std::time::Duration> {
2026-10-07T06:05:37.7143616Z     [1m[96m|[0m        [1m[91m^^^^^^^^^^^^^^^^^^^^^[0m
2026-10-07T06:05:37.7144113Z     [1m[96m|[0m
2026-10-07T06:05:37.7144638Z     [1m[96m= [0m[1m[97mnote[0m: `-D dead-code` implied by `-D warnings`
2026-10-07T06:05:37.7145441Z     [1m[96m= [0m[1m[97mhelp[0m: to override `-D warnings` add `#[expect(dead_code)]` or `#[allow(dead_code)]`
2026-10-07T06:05:37.7145922Z 
2026-10-07T06:05:37.7440868Z [1m[91merror[0m: could not compile `grafting` (lib) due to 1 previous error
2026-10-07T06:05:37.8720500Z ##[error]Process completed with exit code 1.
2026-10-07T06:05:37.8937769Z Post job cleanup.
2026-10-07T06:05:38.0490868Z [command]"C:\Program Files\Git\bin\git.exe" version
2026-10-07T06:05:38.0730907Z git version 2.55.0.windows.5
2026-10-07T06:05:38.0789829Z Copying 'C:\Users\runneradmin\.gitconfig' to 'D:\a\_temp\5f639df8-08d3-4e7e-b754-53c1bf640755\.gitconfig'
2026-10-07T06:05:38.0808802Z Temporarily overriding HOME='D:\a\_temp\5f639df8-08d3-4e7e-b754-53c1bf640755' before making global git config changes
2026-10-07T06:05:38.0810026Z Adding repository directory to the temporary git global config as a safe directory
2026-10-07T06:05:38.0822443Z [command]"C:\Program Files\Git\bin\git.exe" config --global --add safe.directory D:\a\wgpu-graft\wgpu-graft
2026-10-07T06:05:38.1103992Z Removing SSH command configuration
2026-10-07T06:05:38.1114561Z [command]"C:\Program Files\Git\bin\git.exe" config --local --name-only --get-regexp core\.sshCommand
2026-10-07T06:05:38.1387698Z [command]"C:\Program Files\Git\bin\git.exe" submodule foreach --recursive "sh -c \"git config --local --name-only --get-regexp 'core\.sshCommand' && git config --local --unset-all 'core.sshCommand' || :\""
2026-10-07T06:05:38.6402662Z Removing HTTP extra header
2026-10-07T06:05:38.6413379Z [command]"C:\Program Files\Git\bin\git.exe" config --local --name-only --get-regexp http\.https\:\/\/github\.com\/\.extraheader
2026-10-07T06:05:38.6670949Z [command]"C:\Program Files\Git\bin\git.exe" submodule foreach --recursive "sh -c \"git config --local --name-only --get-regexp 'http\.https\:\/\/github\.com\/\.extraheader' && git config --local --unset-all 'http.https://github.com/.extraheader' || :\""
2026-10-07T06:05:39.1273576Z Removing includeIf entries pointing to credentials config files
2026-10-07T06:05:39.1285027Z [command]"C:\Program Files\Git\bin\git.exe" config --local --name-only --get-regexp ^includeIf\.gitdir:
2026-10-07T06:05:39.1507461Z includeif.gitdir:D:/a/wgpu-graft/wgpu-graft/.git.path
2026-10-07T06:05:39.1536361Z includeif.gitdir:D:/a/wgpu-graft/wgpu-graft/.git/worktrees/*.path
2026-10-07T06:05:39.1536843Z includeif.gitdir:/github/workspace/.git.path
2026-10-07T06:05:39.1537291Z includeif.gitdir:/github/workspace/.git/worktrees/*.path
2026-10-07T06:05:39.1546233Z [command]"C:\Program Files\Git\bin\git.exe" config --local --get-all includeif.gitdir:D:/a/wgpu-graft/wgpu-graft/.git.path
2026-10-07T06:05:39.1764934Z D:\a\_temp\git-credentials-366bf22c-0148-4518-8c38-62b4430a11f9.config
2026-10-07T06:05:39.1805843Z [command]"C:\Program Files\Git\bin\git.exe" config --local --unset includeif.gitdir:D:/a/wgpu-graft/wgpu-graft/.git.path D\:\\a\\_temp\\git\-credentials\-366bf22c\-0148\-4518\-8c38\-62b4430a11f9\.config
2026-10-07T06:05:39.2061716Z [command]"C:\Program Files\Git\bin\git.exe" config --local --get-all includeif.gitdir:D:/a/wgpu-graft/wgpu-graft/.git/worktrees/*.path
2026-10-07T06:05:39.2276267Z D:\a\_temp\git-credentials-366bf22c-0148-4518-8c38-62b4430a11f9.config
2026-10-07T06:05:39.2313140Z [command]"C:\Program Files\Git\bin\git.exe" config --local --unset includeif.gitdir:D:/a/wgpu-graft/wgpu-graft/.git/worktrees/*.path D\:\\a\\_temp\\git\-credentials\-366bf22c\-0148\-4518\-8c38\-62b4430a11f9\.config
2026-10-07T06:05:39.2567647Z [command]"C:\Program Files\Git\bin\git.exe" config --local --get-all includeif.gitdir:/github/workspace/.git.path
2026-10-07T06:05:39.2781865Z /github/runner_temp/git-credentials-366bf22c-0148-4518-8c38-62b4430a11f9.config
2026-10-07T06:05:39.2817626Z [command]"C:\Program Files\Git\bin\git.exe" config --local --unset includeif.gitdir:/github/workspace/.git.path \/github\/runner_temp\/git\-credentials\-366bf22c\-0148\-4518\-8c38\-62b4430a11f9\.config
2026-10-07T06:05:39.3072947Z [command]"C:\Program Files\Git\bin\git.exe" config --local --get-all includeif.gitdir:/github/workspace/.git/worktrees/*.path
2026-10-07T06:05:39.3285359Z /github/runner_temp/git-credentials-366bf22c-0148-4518-8c38-62b4430a11f9.config
2026-10-07T06:05:39.3356550Z [command]"C:\Program Files\Git\bin\git.exe" config --local --unset includeif.gitdir:/github/workspace/.git/worktrees/*.path \/github\/runner_temp\/git\-credentials\-366bf22c\-0148\-4518\-8c38\-62b4430a11f9\.config
2026-10-07T06:05:39.3609547Z [command]"C:\Program Files\Git\bin\git.exe" submodule foreach --recursive "git config --local --show-origin --name-only --get-regexp remote.origin.url"
2026-10-07T06:05:39.8255986Z Removing credentials config 'D:\a\_temp\git-credentials-366bf22c-0148-4518-8c38-62b4430a11f9.config'
2026-10-07T06:05:39.8453428Z Cleaning up orphan processes
2026-10-07T06:05:39.9176211Z Terminate orphan process: pid (1728) (vctip)
