   Compiling proc-macro2 v1.0.106
   Compiling unicode-ident v1.0.24
   Compiling quote v1.0.46
   Compiling syn v2.0.118
    Checking windows-link v0.2.1
   Compiling cfg_aliases v0.2.2
   Compiling khronos_api v3.1.0
    Checking windows-strings v0.5.1
    Checking windows-result v0.4.1
   Compiling windows-interface v0.59.3
   Compiling windows-implement v0.60.2
    Checking windows-core v0.62.2
   Compiling autocfg v1.5.1
   Compiling log v0.4.33
   Compiling xml-rs v0.8.28
   Compiling libm v0.2.16
   Compiling gl_generator v0.14.0
   Compiling num-traits v0.2.19
    Checking bitflags v2.13.0
    Checking windows-threading v0.2.1
   Compiling zerocopy v0.8.52
    Checking equivalent v1.0.2
    Checking cfg-if v1.0.4
   Compiling thiserror v2.0.18
    Checking windows-future v0.3.2
    Checking windows-collections v0.3.2
    Checking windows-numerics v0.3.1
    Checking libloading v0.8.9
   Compiling zerocopy-derive v0.8.52
   Compiling thiserror-impl v2.0.18
    Checking allocator-api2 v0.2.21
   Compiling ash v0.38.0+1.3.281
   Compiling libc v0.2.186
   Compiling parking_lot_core v0.9.12
    Checking foldhash v0.2.0
    Checking hashbrown v0.16.1
    Checking windows v0.62.2
   Compiling glutin_wgl_sys v0.6.1
   Compiling naga v28.0.0
   Compiling bytemuck_derive v1.10.2
    Checking hashbrown v0.17.1
   Compiling khronos-egl v6.0.0
    Checking smallvec v1.15.2
    Checking scopeguard v1.2.0
    Checking bit-vec v0.8.0
    Checking unicode-width v0.2.2
    Checking foldhash v0.1.5
    Checking hashbrown v0.15.5
    Checking codespan-reporting v0.12.0
    Checking bit-set v0.8.0
    Checking lock_api v0.4.14
    Checking indexmap v2.14.0
    Checking bytemuck v1.25.0
    Checking half v2.7.1
    Checking spirv v0.3.0+sdk-1.3.268.0
    Checking gpu-descriptor-types v0.2.0
   Compiling wgpu-hal v28.0.1
    Checking presser v0.3.1
    Checking arrayvec v0.7.7
    Checking rustc-hash v1.1.0
    Checking once_cell v1.21.4
    Checking hexf-parse v0.2.1
    Checking gpu-allocator v0.28.0
    Checking gpu-descriptor v0.3.2
    Checking wgpu-types v28.0.0
    Checking parking_lot v0.12.5
    Checking ordered-float v5.0.0
    Checking raw-window-handle v0.6.2
    Checking renderdoc-sys v1.1.0
    Checking glow v0.16.0
    Checking range-alloc v0.1.5
    Checking profiling v1.0.18
   Compiling wgpu-core v28.0.1
   Compiling litrs v1.0.0
   Compiling winapi v0.3.9
   Compiling document-features v0.2.12
    Checking wgpu-core-deps-windows-linux-android v28.0.0
   Compiling wgpu v28.0.0
   Compiling grafting v0.6.0 (C:\Users\mark_\Code\repos\wgpu-graft\grafting)
    Checking static_assertions v1.1.0
    Checking wio v0.2.2
    Checking grafting-frame v0.1.0 (C:\Users\mark_\Code\repos\wgpu-graft\grafting-frame)
    Checking dpi v0.1.2
    Finished `dev` profile [unoptimized + debuginfo] target(s) in 2m 01s
