   Compiling syn v2.0.118
   Compiling num-traits v0.2.19
   Compiling crossbeam-utils v0.8.21
   Compiling windows-implement v0.60.2
   Compiling thiserror-impl v2.0.18
   Compiling windows-interface v0.59.3
    Checking arrayvec v0.7.7
    Checking windows-core v0.62.2
    Checking thiserror v2.0.18
   Compiling zerocopy-derive v0.8.52
    Checking zerocopy v0.8.52
    Checking crossbeam-epoch v0.9.18
   Compiling rayon-core v1.13.0
    Checking crossbeam-deque v0.8.6
    Checking half v2.7.1
   Compiling bytemuck_derive v1.10.2
   Compiling profiling-procmacros v1.0.18
   Compiling equator-macro v0.4.2
    Checking simd-adler32 v0.3.9
    Checking equator v0.4.2
    Checking profiling v1.0.18
    Checking bytemuck v1.25.0
    Checking windows-future v0.3.2
    Checking windows-collections v0.3.2
    Checking windows-numerics v0.3.1
    Checking num-integer v0.1.46
   Compiling anyhow v1.0.103
    Checking memchr v2.8.2
    Checking either v1.16.0
    Checking num-bigint v0.4.6
    Checking windows v0.62.2
    Checking aligned-vec v0.6.4
   Compiling crc32fast v1.5.0
    Checking adler2 v2.0.1
    Checking stable_deref_trait v1.2.1
    Checking as-slice v0.2.1
    Checking miniz_oxide v0.8.9
    Checking v_frame v0.3.9
    Checking num-rational v0.4.2
    Checking rayon v1.12.0
   Compiling built v0.8.1
   Compiling paste v1.0.15
   Compiling av-scenechange v0.14.1
    Checking naga v28.0.0
   Compiling rav1e v0.8.1
    Checking gpu-allocator v0.28.0
    Checking aligned v0.4.3
    Checking nom v8.0.0
    Checking no_std_io2 v0.9.4
    Checking wgpu-types v28.0.0
    Checking ordered-float v5.0.0
   Compiling arg_enum_proc_macro v0.3.4
    Checking quick-error v2.0.1
   Compiling winapi v0.3.9
    Checking y4m v0.8.0
   Compiling pastey v0.1.1
    Checking wgpu-hal v28.0.1
    Checking bitstream-io v4.10.0
    Checking av1-grain v0.2.5
    Checking flate2 v1.1.9
    Checking maybe-rayon v0.1.1
    Checking itertools v0.14.0
   Compiling num-derive v0.4.2
   Compiling simd_helpers v0.1.0
    Checking weezl v0.1.12
    Checking imgref v1.12.2
   Compiling noop_proc_macro v0.3.0
    Checking zune-core v0.5.1
    Checking new_debug_unreachable v1.0.6
    Checking zune-jpeg v0.5.15
    Checking loop9 v0.1.5
    Checking wgpu-core-deps-windows-linux-android v28.0.0
    Checking fdeflate v0.3.7
    Checking zune-inflate v0.2.54
    Checking avif-serialize v0.8.9
   Compiling gleam v0.15.1
   Compiling surfman v0.13.0
    Checking byteorder-lite v0.1.0
    Checking rgb v0.8.53
    Checking fax v0.2.7
    Checking bit_field v0.10.3
    Checking lebe v0.5.3
    Checking color_quant v1.1.0
    Checking pxfm v0.1.29
    Checking moxcms v0.8.1
    Checking gif v0.14.2
    Checking exr v1.74.0
    Checking tiff v0.11.3
    Checking ravif v0.13.0
    Checking image-webp v0.2.4
    Checking png v0.18.1
    Checking wgpu-core v28.0.1
    Checking wio v0.2.2
    Checking qoi v0.4.1
   Compiling grafting v0.6.0 (C:\Users\mark_\Code\repos\wgpu-graft\grafting)
    Checking euclid v0.22.14
    Checking fnv v1.0.7
    Checking wgpu v28.0.0
    Checking image v0.25.10
    Checking grafting-frame v0.1.0 (C:\Users\mark_\Code\repos\wgpu-graft\grafting-frame)
    Finished `dev` profile [unoptimized + debuginfo] target(s) in 1m 54s
