 Downloading crates ...
  Downloaded glow v0.16.0
  Downloaded codespan-reporting v0.12.0
  Downloaded naga v28.0.0
  Downloaded spirv v0.3.0+sdk-1.3.268.0
  Downloaded wgpu v28.0.0
  Downloaded wgpu-types v28.0.0
  Downloaded wgpu-hal v28.0.1
  Downloaded wgpu-core-deps-windows-linux-android v28.0.0
  Downloaded wgpu-core v28.0.1
   Compiling syn v2.0.118
   Compiling log v0.4.33
   Compiling gl_generator v0.14.0
    Checking bitflags v2.13.0
   Compiling windows-interface v0.59.3
   Compiling windows-implement v0.60.2
   Compiling thiserror-impl v2.0.18
    Checking thiserror v2.0.18
    Checking windows-core v0.62.2
   Compiling zerocopy-derive v0.8.52
    Checking zerocopy v0.8.52
    Checking half v2.7.1
   Compiling profiling-procmacros v1.0.18
   Compiling equator-macro v0.4.2
   Compiling bytemuck_derive v1.10.2
    Checking smallvec v1.15.2
    Checking bytemuck v1.25.0
    Checking equator v0.4.2
    Checking profiling v1.0.18
    Checking windows-future v0.3.2
    Checking windows-collections v0.3.2
    Checking windows-numerics v0.3.1
    Checking num-integer v0.1.46
    Checking memchr v2.8.2
    Checking allocator-api2 v0.2.21
    Checking foldhash v0.2.0
    Checking hashbrown v0.16.1
    Checking num-bigint v0.4.6
    Checking windows v0.62.2
    Checking aligned-vec v0.6.4
   Compiling glutin_wgl_sys v0.6.1
   Compiling naga v28.0.0
    Checking bit-vec v0.8.0
    Checking stable_deref_trait v1.2.1
    Checking hashbrown v0.17.1
    Checking indexmap v2.14.0
    Checking lock_api v0.4.14
    Checking as-slice v0.2.1
    Checking bit-set v0.8.0
    Checking codespan-reporting v0.12.0
    Checking hashbrown v0.15.5
    Checking v_frame v0.3.9
    Checking num-rational v0.4.2
    Checking parking_lot_core v0.9.12
    Checking spirv v0.3.0+sdk-1.3.268.0
    Checking gpu-descriptor-types v0.2.0
   Compiling wgpu-hal v28.0.1
    Checking once_cell v1.21.4
    Checking gpu-allocator v0.28.0
    Checking gpu-descriptor v0.3.2
    Checking parking_lot v0.12.5
    Checking aligned v0.4.3
    Checking nom v8.0.0
    Checking no_std_io2 v0.9.4
    Checking wgpu-types v28.0.0
   Compiling arg_enum_proc_macro v0.3.4
    Checking glow v0.16.0
   Compiling winapi v0.3.9
    Checking av-scenechange v0.14.1
    Checking bitstream-io v4.10.0
    Checking av1-grain v0.2.5
   Compiling wgpu-core v28.0.1
   Compiling num-derive v0.4.2
    Checking rav1e v0.8.1
    Checking wgpu-core-deps-windows-linux-android v28.0.0
   Compiling gleam v0.15.1
   Compiling surfman v0.13.0
   Compiling wgpu v28.0.0
    Checking rgb v0.8.53
    Checking ravif v0.13.0
    Checking tiff v0.11.3
    Checking exr v1.74.0
    Checking png v0.18.1
    Checking wio v0.2.2
    Checking qoi v0.4.1
   Compiling grafting v0.6.0 (C:\Users\mark_\Code\repos\wgpu-graft\grafting)
    Checking euclid v0.22.14
    Checking image v0.25.10
    Checking grafting-frame v0.1.0 (C:\Users\mark_\Code\repos\wgpu-graft\grafting-frame)
    Finished `dev` profile [unoptimized + debuginfo] target(s) in 1m 38s
