   Compiling unicode-ident v1.0.24
   Compiling cfg-if v1.0.4
   Compiling proc-macro2 v1.0.106
   Compiling serde_core v1.0.228
   Compiling quote v1.0.46
   Compiling syn v2.0.118
   Compiling libm v0.2.16
   Compiling typenum v1.20.1
   Compiling log v0.4.33
   Compiling num-traits v0.2.19
   Compiling serde_derive v1.0.228
   Compiling rand_core v0.10.1
   Compiling windows-link v0.2.1
   Compiling getrandom v0.4.3
   Compiling getrandom v0.3.4
   Compiling jobserver v0.1.34
   Compiling synstructure v0.13.2
   Compiling cc v1.2.65
   Compiling serde v1.0.228
   Compiling smallvec v1.15.2
   Compiling zeroize_derive v1.5.0
   Compiling stable_deref_trait v1.2.1
   Compiling subtle v2.6.1
   Compiling zeroize v1.9.0
   Compiling cmov v0.5.4
   Compiling ctutils v0.4.2
   Compiling bitflags v2.13.0
   Compiling zerofrom-derive v0.1.7
   Compiling once_cell v1.21.4
   Compiling hybrid-array v0.4.14
   Compiling siphasher v1.0.3
   Compiling equivalent v1.0.2
   Compiling foldhash v0.2.0
   Compiling zerofrom v0.1.8
   Compiling bytemuck_derive v1.10.2
   Compiling thiserror-impl v2.0.18
   Compiling displaydoc v0.2.6
   Compiling bytemuck v1.25.0
   Compiling phf_shared v0.13.1
   Compiling memchr v2.8.2
   Compiling itoa v1.0.18
   Compiling arrayvec v0.7.7
   Compiling phf_generator v0.13.1
   Compiling thiserror v2.0.18
   Compiling windows_x86_64_msvc v0.52.6
   Compiling windows-targets v0.52.6
   Compiling crossbeam-utils v0.8.21
   Compiling libc v0.2.186
   Compiling hashbrown v0.17.1
   Compiling crypto-common v0.2.2
   Compiling euclid v0.22.14
   Compiling adler2 v2.0.1
   Compiling fnv v1.0.7
   Compiling bytes v1.12.0
   Compiling gl_generator v0.14.0
   Compiling scopeguard v1.2.0
   Compiling lock_api v0.4.14
   Compiling crc32fast v1.5.0
   Compiling parking_lot_core v0.9.12
   Compiling windows_x86_64_msvc v0.53.1
   Compiling indexmap v2.14.0
   Compiling yoke-derive v0.8.2
   Compiling windows-implement v0.60.2
   Compiling windows-interface v0.59.3
   Compiling new_debug_unreachable v1.0.6
   Compiling yoke v0.8.3
   Compiling parking_lot v0.12.5
   Compiling windows-targets v0.53.5
   Compiling simd-adler32 v0.3.9
   Compiling windows-sys v0.60.2
   Compiling windows-sys v0.52.0
   Compiling phf_codegen v0.13.1
   Compiling zerovec-derive v0.11.3
   Compiling pin-project-lite v0.2.17
   Compiling zerovec v0.11.6
   Compiling winapi-util v0.1.11
   Compiling yoke-derive v0.7.5
   Compiling rustc-hash v2.1.2
   Compiling utf8_iter v1.0.4
   Compiling same-file v1.0.6
   Compiling miniz_oxide v0.8.9
   Compiling yoke v0.7.5
   Compiling crossbeam-epoch v0.9.18
   Compiling block-buffer v0.12.1
   Compiling zerovec-derive v0.10.3
   Compiling either v1.16.0
   Compiling crossbeam-deque v0.8.6
   Compiling walkdir v2.5.0
   Compiling rayon-core v1.13.0
   Compiling zerovec v0.10.4
   Compiling flate2 v1.1.9
   Compiling tinystr v0.8.3
   Compiling phf_macros v0.13.1
   Compiling windows-sys v0.61.2
   Compiling precomputed-hash v0.1.1
   Compiling litemap v0.8.2
   Compiling writeable v0.6.3
   Compiling icu_locale_core v2.2.0
   Compiling darling_core v0.20.11
   Compiling string_cache v0.9.0
   Compiling phf v0.13.1
   Compiling tinystr v0.7.6
   Compiling potential_utf v0.1.5
   Compiling zerotrie v0.2.4
   Compiling string_cache_codegen v0.6.1
   Compiling allocator-api2 v0.2.21
   Compiling litemap v0.7.5
   Compiling lazy_static v1.5.0
   Compiling writeable v0.5.5
   Compiling icu_locid v1.5.0
   Compiling darling_macro v0.20.11
   Compiling icu_provider v2.2.0
   Compiling icu_collections v2.2.0
   Compiling mio v1.2.1
   Compiling rayon v1.12.0
   Compiling socket2 v0.6.4
   Compiling http v1.4.2
   Compiling encoding_rs v0.8.35
   Compiling tokio-macros v2.7.0
   Compiling icu_provider_macros v1.5.0
   Compiling icu_provider v1.5.0
   Compiling tokio v1.52.3
   Compiling icu_properties_data v2.2.0
   Compiling icu_normalizer_data v2.2.0
   Compiling darling v0.20.11
   Compiling num-integer v0.1.46
   Compiling percent-encoding v2.3.2
   Compiling icu_normalizer v2.2.0
   Compiling icu_properties v2.2.0
   Compiling fdeflate v0.3.7
   Compiling windows-link v0.1.3
   Compiling png v0.18.1
   Compiling idna_adapter v1.2.2
   Compiling generic-array v0.14.7
   Compiling winapi v0.3.9
   Compiling polycool v0.4.0
   Compiling app_units v0.7.8
   Compiling core_maths v0.1.1
   Compiling static_assertions v1.1.0
   Compiling dtoa v1.0.11
   Compiling dtoa-short v0.3.5
   Compiling kurbo v0.13.1
   Compiling idna v1.1.0
   Compiling form_urlencoded v1.2.2
   Compiling web_atoms v0.2.5
   Compiling icu_collections v1.5.0
   Compiling itertools v0.14.0
   Compiling aho-corasick v1.1.4
   Compiling cssparser-macros v0.7.0
   Compiling derive_more-impl v2.1.1
   Compiling regex-syntax v0.8.11
   Compiling quick-error v2.0.1
   Compiling derive_more v2.1.1
   Compiling cssparser v0.37.0
   Compiling regex-automata v0.4.14
   Compiling url v2.5.8
   Compiling icu_segmenter_data v1.5.1
   Compiling crypto-common v0.1.7
   Compiling block-buffer v0.10.4
   Compiling windows-strings v0.4.2
   Compiling windows-result v0.3.4
   Compiling selectors v0.40.0
   Compiling crossbeam-channel v0.5.15
   Compiling servo_arc v0.4.3
   Compiling num-derive v0.4.2
   Compiling zune-core v0.5.1
   Compiling thin-vec v0.2.18
   Compiling weezl v0.1.12
   Compiling base64 v0.22.1
   Compiling unicode-bidi v0.3.18
   Compiling num-conv v0.2.2
   Compiling smallbitvec v2.6.1
   Compiling to_shmem v0.5.0
   Compiling time-macros v0.2.30
   Compiling zune-jpeg v0.5.15
   Compiling windows-core v0.61.2
   Compiling digest v0.10.7
   Compiling icu_segmenter v1.5.0
   Compiling regex v1.12.4
   Compiling wio v0.2.2
   Compiling to_shmem_derive v0.1.0
   Compiling stylo v0.20.0
   Compiling font-types v0.12.4
   Compiling rgb v0.8.53
   Compiling glslopt v0.1.14 (https://github.com/jamienicol/glslopt-rs?rev=68019f02a1437d785408ebc8ce7fd20341fffb8a#68019f02)
   Compiling malloc_size_of_derive v0.1.3
   Compiling deranged v0.5.8
   Compiling num_cpus v1.17.0
   Compiling color_quant v1.1.0
   Compiling utf-8 v0.7.6
   Compiling cpufeatures v0.2.17
   Compiling time-core v0.1.9
   Compiling byteorder-lite v0.1.0
   Compiling float-cmp v0.9.0
   Compiling powerfmt v0.2.0
   Compiling strict-num v0.1.1
   Compiling time v0.3.51
   Compiling image-webp v0.2.4
   Compiling tendril v0.5.0
   Compiling gif v0.14.2
   Compiling read-fonts v0.41.0
   Compiling stylo_atoms v0.20.0
   Compiling gleam v0.15.1
   Compiling peek-poke-derive v0.3.0
   Compiling serde_bytes v0.11.19
   Compiling byteorder v1.5.0
   Compiling mime v0.3.17
   Compiling void v1.0.2
   Compiling tinyvec_macros v0.1.1
   Compiling arrayref v0.3.9
   Compiling tiny-skia-path v0.12.0
   Compiling tinyvec v1.11.0
   Compiling stylo_malloc_size_of v0.20.0
   Compiling strum_macros v0.28.0
   Compiling peek-poke v0.3.0
   Compiling slotmap v1.1.1
   Compiling markup5ever v0.39.0
   Compiling build-parallel v0.1.2
   Compiling zeitstempel v0.2.2
   Compiling wr_malloc_size_of v0.2.2
   Compiling windows-threading v0.1.0
   Compiling webrender_build v0.70.0
   Compiling unic-char-range v0.9.0
   Compiling memmap2 v0.9.11
   Compiling sha1_smol v1.0.1
   Compiling unic-common v0.9.0
   Compiling unic-ucd-version v0.9.0
   Compiling uuid v1.23.4
   Compiling fontdb v0.24.0
   Compiling unic-char-property v0.9.0
   Compiling windows-future v0.2.1
   Compiling webrender_api v0.70.0
   Compiling stylo_static_prefs v0.20.0
   Compiling strum v0.28.0
   Compiling typeid v1.0.3
   Compiling skrifa v0.44.0
   Compiling harfrust v0.12.0
   Compiling dwrote v0.11.5
   Compiling windows-collections v0.2.0
   Compiling windows-numerics v0.2.0
   Compiling svgtypes v0.16.1
   Compiling cobs v0.3.0
   Compiling roxmltree v0.21.1
   Compiling simplecss v0.2.2
   Compiling pico-args v0.5.0
   Compiling xmlwriter v0.1.0
   Compiling svg_fmt v0.4.5
   Compiling unicode-segmentation v1.13.3
   Compiling tracy-rs v0.1.2
   Compiling base64 v0.23.1
   Compiling data-url v0.3.2
   Compiling imagesize v0.15.0
   Compiling unicode-vo v0.1.0
   Compiling unicode-script v0.5.8
   Compiling usvg v0.48.1
   Compiling wr_glyph_rasterizer v0.70.0
   Compiling etagere v0.2.15
   Compiling postcard v1.1.3
   Compiling windows v0.61.3
   Compiling ron v0.12.2
   Compiling stylo_traits v0.20.0
   Compiling webrender v0.70.0
   Compiling unic-ucd-ident v0.9.0
   Compiling stylo_dom v0.20.0
   Compiling tiny-skia v0.12.0
   Compiling sha2 v0.10.9
   Compiling stylo_derive v0.20.0
   Compiling plane-split v0.18.0
   Compiling uluru v3.1.0
   Compiling bincode v1.3.3
   Compiling topological-sort v0.1.0
   Compiling const-oid v0.10.2
   Compiling atomic_refcell v0.1.14
   Compiling grid v1.0.1
   Compiling taffy v0.12.2
   Compiling resvg v0.48.1
   Compiling content-security-policy v0.8.2
   Compiling urlpattern v0.3.0
   Compiling ipc-channel v0.22.0
   Compiling keyboard-types v0.8.3
   Compiling servo-allocator v0.5.0 (https://github.com/servo/servo?rev=1d44e5dd6a8b64c02f9dbf7fcbdf4ebdd0740019#1d44e5dd)
   Compiling zmij v1.0.21
   Compiling toml_edit v0.25.12+spec-1.1.0
   Compiling proc-macro-crate v3.5.0
   Compiling zerocopy-derive v0.8.52
   Compiling zerocopy v0.8.52
   Compiling num_enum_derive v0.7.6
   Compiling serde_json v1.0.150
   Compiling digest v0.11.3
   Compiling num_enum v0.7.6
   Compiling servo-config-macro v0.5.0 (https://github.com/servo/servo?rev=1d44e5dd6a8b64c02f9dbf7fcbdf4ebdd0740019#1d44e5dd)
   Compiling enumn v0.1.14
   Compiling accesskit v0.24.1
   Compiling servo-config v0.5.0 (https://github.com/servo/servo?rev=1d44e5dd6a8b64c02f9dbf7fcbdf4ebdd0740019#1d44e5dd)
   Compiling futures-core v0.3.32
   Compiling half v2.7.1
   Compiling cpufeatures v0.3.0
   Compiling equator-macro v0.4.2
   Compiling profiling-procmacros v1.0.18
   Compiling futures-sink v0.3.32
   Compiling profiling v1.0.18
   Compiling equator v0.4.2
   Compiling aligned-vec v0.6.4
   Compiling num-bigint v0.4.6
   Compiling nom v8.0.0
   Compiling slab v0.4.12
   Compiling num-rational v0.4.2
   Compiling v_frame v0.3.9
   Compiling anyhow v1.0.103
   Compiling as-slice v0.2.1
   Compiling aligned v0.4.3
   Compiling no_std_io2 v0.9.4
   Compiling tracing-core v0.1.36
   Compiling arg_enum_proc_macro v0.3.4
   Compiling y4m v0.8.0
   Compiling av-scenechange v0.14.1
   Compiling tracing v0.1.44
   Compiling bitstream-io v4.10.0
   Compiling httparse v1.10.1
   Compiling av1-grain v0.2.5
   Compiling maybe-rayon v0.1.1
   Compiling block-padding v0.4.2
   Compiling simd_helpers v0.1.0
   Compiling imgref v1.12.2
   Compiling atomic-waker v1.1.2
   Compiling loop9 v0.1.5
   Compiling rav1e v0.8.1
   Compiling inout v0.2.2
   Compiling futures-channel v0.3.32
   Compiling tokio-util v0.7.18
   Compiling http-body v1.0.1
   Compiling zune-inflate v0.2.54
   Compiling avif-serialize v0.8.9
   Compiling try-lock v0.2.5
   Compiling lebe v0.5.3
   Compiling fax v0.2.7
   Compiling bit_field v0.10.3
   Compiling pxfm v0.1.29
   Compiling moxcms v0.8.1
   Compiling exr v1.74.0
   Compiling tiff v0.11.3
   Compiling want v0.3.1
   Compiling ravif v0.13.0
   Compiling h2 v0.4.15
   Compiling qoi v0.4.1
   Compiling raw-window-handle v0.6.2
   Compiling image v0.25.10
   Compiling hyper v1.10.1
   Compiling cipher v0.5.2
   Compiling base64ct v1.8.3
   Compiling sha1 v0.10.6
   Compiling headers-core v0.3.0
   Compiling thiserror-impl v1.0.69
   Compiling httpdate v1.0.3
   Compiling glow v0.17.0
   Compiling headers v0.4.1
   Compiling thiserror v1.0.69
   Compiling cookie v0.16.2
   Compiling cookie v0.18.1
   Compiling http v0.2.12
   Compiling servo-embedder-traits v0.5.0 (https://github.com/servo/servo?rev=1d44e5dd6a8b64c02f9dbf7fcbdf4ebdd0740019#1d44e5dd)
   Compiling servo-hyper-serde v0.5.0 (https://github.com/servo/servo?rev=1d44e5dd6a8b64c02f9dbf7fcbdf4ebdd0740019#1d44e5dd)
   Compiling rustls-pki-types v1.14.1
   Compiling webdriver v0.53.0
   Compiling inventory v0.3.24
   Compiling pem-rfc7468 v1.0.0
   Compiling der v0.8.1
   Compiling surfman v0.13.0
   Compiling windows-strings v0.5.1
   Compiling windows-result v0.4.1
   Compiling libloading v0.8.9
   Compiling cpubits v0.1.1
   Compiling futures-task v0.3.32
   Compiling windows-core v0.62.2
   Compiling futures-util v0.3.32
   Compiling dpi v0.1.2
   Compiling spki v0.8.0
   Compiling libz-sys v1.1.29
   Compiling chacha20 v0.10.1
   Compiling cmake v0.1.58
   Compiling aws-lc-sys v0.41.0
   Compiling windows-threading v0.2.1
   Compiling servo-tracing v0.5.0 (https://github.com/servo/servo?rev=1d44e5dd6a8b64c02f9dbf7fcbdf4ebdd0740019#1d44e5dd)
   Compiling tower-service v0.3.3
   Compiling windows-future v0.3.2
   Compiling rand v0.10.2
   Compiling pkcs8 v0.11.0
   Compiling windows-collections v0.3.2
   Compiling windows-numerics v0.3.1
   Compiling ipnet v2.12.0
   Compiling hyper-util v0.1.20
   Compiling windows v0.62.2
   Compiling icu_locid_transform_data v1.5.1
   Compiling alloc-no-stdlib v2.0.4
   Compiling alloc-stdlib v0.2.4
   Compiling icu_locid_transform v1.5.0
   Compiling crypto-bigint v0.7.5
   Compiling sys-locale v0.3.2
   Compiling brotli-decompressor v5.0.3
   Compiling hashbrown v0.16.1
   Compiling ff v0.14.0
   Compiling icu_properties_data v1.5.1
   Compiling signature v3.0.0
   Compiling hmac v0.13.0
   Compiling foldhash v0.1.5
   Compiling hashbrown v0.15.5
   Compiling icu_properties v1.5.1
   Compiling clang-sys v1.8.1
   Compiling group v0.14.0
   Compiling keccak v0.2.1
   Compiling base16ct v1.0.0
   Compiling fixedbitset v0.5.7
   Compiling bindgen v0.72.1
   Compiling petgraph v0.8.3
   Compiling sec1 v0.8.1
   Compiling hkdf v0.13.0
   Compiling num-complex v0.4.6
   Compiling servo-media-derive v0.5.0 (https://github.com/servo/servo?rev=1d44e5dd6a8b64c02f9dbf7fcbdf4ebdd0740019#1d44e5dd)
   Compiling byte-slice-cast v1.2.3
   Compiling speexdsp-resampler v0.1.0
   Compiling elliptic-curve v0.14.1
   Compiling wuff v0.2.8
   Compiling fontsan v0.7.0
   Compiling harfbuzz-sys v0.7.0
   Compiling zstd-sys v2.0.16+zstd.1.5.7
   Compiling itertools v0.15.0
   Compiling sponge-cursor v0.1.0
   Compiling untrusted v0.9.0
   Compiling wuff-capi v0.2.0
   Compiling sha2 v0.11.0
   Compiling strck_ident v0.1.2
   Compiling windows-sys v0.59.0
   Compiling filetime v0.2.29
   Compiling rustc-hash v1.1.0
   Compiling unicode-properties v0.1.4
   Compiling ohos-deviceinfo-sys v0.1.7
   Compiling unicase v2.9.0
   Compiling zstd-safe v7.2.4
   Compiling mime_guess v2.0.5
   Compiling diplomat_core v0.8.1
   Compiling naga-types v30.0.1
   Compiling tar v0.4.46
   Compiling icu_calendar_data v1.5.1
   Compiling brotli v8.0.4
   Compiling sha1 v0.11.0
   Compiling calendrical_calculations v0.1.3
   Compiling universal-hash v0.6.1
   Compiling bit-vec v0.9.1
   Compiling unicode-width v0.2.2
   Compiling codespan-reporting v0.13.1
   Compiling bit-set v0.10.0
   Compiling icu_calendar v1.5.2
   Compiling mozjs_sys v140.14.0-0
   Compiling diplomat v0.8.0
   Compiling wnaf v0.14.0
   Compiling rfc6979 v0.6.0
   Compiling primefield v0.14.0
   Compiling icu_provider_adapters v1.5.0
   Compiling html5ever v0.39.0
   Compiling glutin_wgl_sys v0.6.1
   Compiling color v0.3.3
   Compiling font-types v0.11.3
   Compiling spirv v0.4.0+sdk-1.4.341.0
   Compiling linebender_resource_handle v0.1.1
   Compiling diplomat-runtime v0.8.3
   Compiling icu_capi v1.5.0
   Compiling peniko v0.6.1
   Compiling naga v30.0.1
   Compiling aws-lc-rs v1.17.0
   Compiling rustls-webpki v0.103.13
   Compiling rustls v0.23.41
   Compiling tokio-rustls v0.26.4
   Compiling read-fonts v0.39.2
   Compiling primeorder v0.14.0
   Compiling ecdsa v0.17.0
   Compiling servo-script-bindings v0.5.0 (https://github.com/servo/servo?rev=1d44e5dd6a8b64c02f9dbf7fcbdf4ebdd0740019#1d44e5dd)
   Compiling zstd v0.13.3
   Compiling ash v0.38.0+1.3.281
   Compiling wgpu-types v30.0.1
   Compiling encoding_c v0.9.8
   Compiling encoding_c_mem v0.2.6
   Compiling shake v0.1.0
   Compiling mozangle v0.6.0
   Compiling webpki-roots v1.0.8
   Compiling libsqlite3-sys v0.36.0
   Compiling aead v0.6.1
   Compiling guillotiere v0.7.0
   Compiling chrono v0.4.45
   Compiling curve25519-dalek-derive v0.1.1
   Compiling fearless_simd v0.4.1
   Compiling data-encoding v2.11.0
   Compiling futures-io v0.3.32
   Compiling compression-core v0.4.32
   Compiling rustc-demangle v0.1.27
   Compiling presser v0.3.1
   Compiling backtrace v0.3.76
   Compiling gpu-allocator v0.28.0
   Compiling compression-codecs v0.4.38
   Compiling vello_common v0.0.9
   Compiling tungstenite v0.30.0
   Compiling curve25519-dalek v5.0.0
   Compiling wgpu-naga-bridge v30.0.1
   Compiling skrifa v0.42.1
   Compiling ahash v0.8.12
   Compiling prettyplease v0.2.37
   Compiling khronos-egl v6.0.0
   Compiling polyval v0.7.3
   Compiling hash2curve v0.14.0
   Compiling ed448 v0.5.0
   Compiling aes v0.9.2
   Compiling phc v0.6.1
   Compiling ctr v0.10.1
   Compiling module-lattice v0.2.3
   Compiling ordered-float v5.0.0
   Compiling range-alloc v0.1.5
   Compiling tower-layer v0.3.3
   Compiling renderdoc-sys v1.1.0
   Compiling sync_wrapper v1.0.2
   Compiling fastrand v2.4.1
   Compiling sea-query-derive v1.0.0
   Compiling tempfile v3.27.0
   Compiling tower v0.5.3
   Compiling wgpu-hal v30.0.1
   Compiling password-hash v0.6.1
   Compiling ed448-goldilocks v0.14.0-pre.15
   Compiling ghash v0.6.0
   Compiling servo-dom-struct v0.5.0 (https://github.com/servo/servo?rev=1d44e5dd6a8b64c02f9dbf7fcbdf4ebdd0740019#1d44e5dd)
   Compiling quick_cache v0.6.24
   Compiling glifo v0.1.1
   Compiling mozjs v0.21.6
   Compiling async-tungstenite v0.35.0
   Compiling async-compression v0.4.42
   Compiling fst v0.4.7
   Compiling futures v0.3.32
   Compiling hyper-rustls v0.27.9
   Compiling rustls-platform-verifier v0.7.0
   Compiling poly1305 v0.9.1
   Compiling sha3 v0.11.0
   Compiling ed25519 v3.0.0
   Compiling hashlink v0.11.1
   Compiling crypto-primes v0.7.2
   Compiling pkcs1 v0.8.0-rc.4
   Compiling http-body-util v0.1.3
   Compiling nom-language v0.1.0
   Compiling tokio-stream v0.1.18
   Compiling blake2 v0.11.0-rc.6
   Compiling xml5ever v0.39.0
   Compiling ordered-channel v1.2.0
   Compiling kem v0.3.0
   Compiling dbl v0.5.0
   Compiling servo-deny-public-fields v0.5.0 (https://github.com/servo/servo?rev=1d44e5dd6a8b64c02f9dbf7fcbdf4ebdd0740019#1d44e5dd)
   Compiling servo-jstraceable-derive v0.5.0 (https://github.com/servo/servo?rev=1d44e5dd6a8b64c02f9dbf7fcbdf4ebdd0740019#1d44e5dd)
   Compiling async-recursion v1.1.1
   Compiling thread_local v1.1.9
   Compiling anstyle v1.0.14
   Compiling fallible-iterator v0.3.0
   Compiling utf8parse v0.2.2
   Compiling imsz v0.4.1
   Compiling fallible-streaming-iterator v0.1.9
   Compiling once_cell_polyfill v1.70.2
   Compiling anstyle-wincon v3.0.11
   Compiling servo-script v0.5.0 (https://github.com/servo/servo?rev=1d44e5dd6a8b64c02f9dbf7fcbdf4ebdd0740019#1d44e5dd)
   Compiling rusqlite v0.38.0
   Compiling anstyle-parse v1.0.0
   Compiling vello_cpu v0.0.9
   Compiling ocb3 v0.2.0-rc.3
   Compiling ml-kem v0.3.2
   Compiling argon2 v0.6.0-rc.8
   Compiling nom-rfc8288 v0.4.0
   Compiling rsa v0.10.0-rc.18
   Compiling ed25519-dalek v3.0.0
   Compiling chacha20poly1305 v0.11.0
   Compiling servo-devtools v0.5.0 (https://github.com/servo/servo?rev=1d44e5dd6a8b64c02f9dbf7fcbdf4ebdd0740019#1d44e5dd)
   Compiling aes-gcm v0.11.0
   Compiling x448 v0.14.0-pre.12
   Compiling wgpu-core-deps-windows-linux-android v30.0.1
   Compiling sea-query v1.0.2
   Compiling ml-dsa v0.1.1
   Compiling aes-kw v0.3.1
   Compiling x25519-dalek v3.0.0
   Compiling p521 v0.14.0
   Compiling p384 v0.14.0
   Compiling p256 v0.14.0
   Compiling servo-webvtt v0.5.0 (https://github.com/servo/servo?rev=1d44e5dd6a8b64c02f9dbf7fcbdf4ebdd0740019#1d44e5dd)
   Compiling turboshake v0.7.1
   Compiling cshake v0.2.1
   Compiling k12 v0.5.1
   Compiling sha3 v0.12.0
   Compiling cbc v0.2.1
   Compiling chardetng v0.1.17
   Compiling anstyle-query v1.1.5
   Compiling swapper v0.1.0
   Compiling is_terminal_polyfill v1.70.2
   Compiling error-code v3.3.2
   Compiling colorchoice v1.0.5
   Compiling buf-read-ext v0.4.0
   Compiling anstream v1.0.0
   Compiling clipboard-win v5.4.1
   Compiling sea-query-rusqlite v0.8.0
   Compiling wgpu-core v30.0.1
   Compiling env_filter v2.0.0
   Compiling grafting v0.6.0 (C:\Users\mark_\Code\repos\wgpu-graft\grafting)
   Compiling jiff v0.2.29
   Compiling unicode_categories v0.1.1
   Compiling env_logger v0.11.11
   Compiling wgpu v30.0.1
   Compiling arboard v3.6.1
   Compiling grafting-frame v0.1.0 (C:\Users\mark_\Code\repos\wgpu-graft\grafting-frame)
   Compiling cursor-icon v1.2.0
   Compiling smol_str v0.2.2
   Compiling winit v0.30.13
   Compiling pollster v0.4.0
   Compiling servo-malloc-size-of v0.5.0 (https://github.com/servo/servo?rev=1d44e5dd6a8b64c02f9dbf7fcbdf4ebdd0740019#1d44e5dd)
   Compiling servo-base v0.5.0 (https://github.com/servo/servo?rev=1d44e5dd6a8b64c02f9dbf7fcbdf4ebdd0740019#1d44e5dd)
   Compiling servo-url v0.5.0 (https://github.com/servo/servo?rev=1d44e5dd6a8b64c02f9dbf7fcbdf4ebdd0740019#1d44e5dd)
   Compiling servo-profile-traits v0.5.0 (https://github.com/servo/servo?rev=1d44e5dd6a8b64c02f9dbf7fcbdf4ebdd0740019#1d44e5dd)
   Compiling servo-pixels v0.5.0 (https://github.com/servo/servo?rev=1d44e5dd6a8b64c02f9dbf7fcbdf4ebdd0740019#1d44e5dd)
   Compiling servo-geometry v0.5.0 (https://github.com/servo/servo?rev=1d44e5dd6a8b64c02f9dbf7fcbdf4ebdd0740019#1d44e5dd)
   Compiling servo-paint-api v0.5.0 (https://github.com/servo/servo?rev=1d44e5dd6a8b64c02f9dbf7fcbdf4ebdd0740019#1d44e5dd)
   Compiling servo-net-traits v0.5.0 (https://github.com/servo/servo?rev=1d44e5dd6a8b64c02f9dbf7fcbdf4ebdd0740019#1d44e5dd)
   Compiling servo-fonts-traits v0.5.0 (https://github.com/servo/servo?rev=1d44e5dd6a8b64c02f9dbf7fcbdf4ebdd0740019#1d44e5dd)
   Compiling servo-media-streams v0.5.0 (https://github.com/servo/servo?rev=1d44e5dd6a8b64c02f9dbf7fcbdf4ebdd0740019#1d44e5dd)
   Compiling servo-media-traits v0.5.0 (https://github.com/servo/servo?rev=1d44e5dd6a8b64c02f9dbf7fcbdf4ebdd0740019#1d44e5dd)
   Compiling servo-media-player v0.5.0 (https://github.com/servo/servo?rev=1d44e5dd6a8b64c02f9dbf7fcbdf4ebdd0740019#1d44e5dd)
   Compiling servo-webxr-api v0.5.0 (https://github.com/servo/servo?rev=1d44e5dd6a8b64c02f9dbf7fcbdf4ebdd0740019#1d44e5dd)
   Compiling servo-canvas-traits v0.5.0 (https://github.com/servo/servo?rev=1d44e5dd6a8b64c02f9dbf7fcbdf4ebdd0740019#1d44e5dd)
   Compiling servo-media-audio v0.5.0 (https://github.com/servo/servo?rev=1d44e5dd6a8b64c02f9dbf7fcbdf4ebdd0740019#1d44e5dd)
   Compiling servo-media-webrtc v0.5.0 (https://github.com/servo/servo?rev=1d44e5dd6a8b64c02f9dbf7fcbdf4ebdd0740019#1d44e5dd)
   Compiling servo-devtools-traits v0.5.0 (https://github.com/servo/servo?rev=1d44e5dd6a8b64c02f9dbf7fcbdf4ebdd0740019#1d44e5dd)
   Compiling servo-media v0.5.0 (https://github.com/servo/servo?rev=1d44e5dd6a8b64c02f9dbf7fcbdf4ebdd0740019#1d44e5dd)
   Compiling servo-storage-traits v0.5.0 (https://github.com/servo/servo?rev=1d44e5dd6a8b64c02f9dbf7fcbdf4ebdd0740019#1d44e5dd)
   Compiling servo-constellation-traits v0.5.0 (https://github.com/servo/servo?rev=1d44e5dd6a8b64c02f9dbf7fcbdf4ebdd0740019#1d44e5dd)
   Compiling servo-media-thread v0.5.0 (https://github.com/servo/servo?rev=1d44e5dd6a8b64c02f9dbf7fcbdf4ebdd0740019#1d44e5dd)
   Compiling servo-fonts v0.5.0 (https://github.com/servo/servo?rev=1d44e5dd6a8b64c02f9dbf7fcbdf4ebdd0740019#1d44e5dd)
   Compiling servo-script-traits v0.5.0 (https://github.com/servo/servo?rev=1d44e5dd6a8b64c02f9dbf7fcbdf4ebdd0740019#1d44e5dd)
   Compiling servo-background-hang-monitor-api v0.5.0 (https://github.com/servo/servo?rev=1d44e5dd6a8b64c02f9dbf7fcbdf4ebdd0740019#1d44e5dd)
   Compiling servo-layout-api v0.5.0 (https://github.com/servo/servo?rev=1d44e5dd6a8b64c02f9dbf7fcbdf4ebdd0740019#1d44e5dd)
   Compiling servo-timers v0.5.0 (https://github.com/servo/servo?rev=1d44e5dd6a8b64c02f9dbf7fcbdf4ebdd0740019#1d44e5dd)
   Compiling servo-metrics v0.5.0 (https://github.com/servo/servo?rev=1d44e5dd6a8b64c02f9dbf7fcbdf4ebdd0740019#1d44e5dd)
   Compiling servo-net v0.5.0 (https://github.com/servo/servo?rev=1d44e5dd6a8b64c02f9dbf7fcbdf4ebdd0740019#1d44e5dd)
   Compiling servo-xpath v0.5.0 (https://github.com/servo/servo?rev=1d44e5dd6a8b64c02f9dbf7fcbdf4ebdd0740019#1d44e5dd)
   Compiling servo-background-hang-monitor v0.5.0 (https://github.com/servo/servo?rev=1d44e5dd6a8b64c02f9dbf7fcbdf4ebdd0740019#1d44e5dd)
   Compiling servo-canvas v0.5.0 (https://github.com/servo/servo?rev=1d44e5dd6a8b64c02f9dbf7fcbdf4ebdd0740019#1d44e5dd)
   Compiling servo-webgl v0.5.0 (https://github.com/servo/servo?rev=1d44e5dd6a8b64c02f9dbf7fcbdf4ebdd0740019#1d44e5dd)
   Compiling servo-paint v0.5.0 (https://github.com/servo/servo?rev=1d44e5dd6a8b64c02f9dbf7fcbdf4ebdd0740019#1d44e5dd)
   Compiling servo-constellation v0.5.0 (https://github.com/servo/servo?rev=1d44e5dd6a8b64c02f9dbf7fcbdf4ebdd0740019#1d44e5dd)
   Compiling servo-storage v0.5.0 (https://github.com/servo/servo?rev=1d44e5dd6a8b64c02f9dbf7fcbdf4ebdd0740019#1d44e5dd)
   Compiling servo-media-dummy v0.5.0 (https://github.com/servo/servo?rev=1d44e5dd6a8b64c02f9dbf7fcbdf4ebdd0740019#1d44e5dd)
   Compiling servo-default-resources v0.5.0 (https://github.com/servo/servo?rev=1d44e5dd6a8b64c02f9dbf7fcbdf4ebdd0740019#1d44e5dd)
   Compiling servo-wakelock v0.5.0 (https://github.com/servo/servo?rev=1d44e5dd6a8b64c02f9dbf7fcbdf4ebdd0740019#1d44e5dd)
   Compiling servo-profile v0.5.0 (https://github.com/servo/servo?rev=1d44e5dd6a8b64c02f9dbf7fcbdf4ebdd0740019#1d44e5dd)
   Compiling demo-support v0.1.0 (C:\Users\mark_\Code\repos\wgpu-graft\demo-support)
   Compiling servo-layout v0.5.0 (https://github.com/servo/servo?rev=1d44e5dd6a8b64c02f9dbf7fcbdf4ebdd0740019#1d44e5dd)
   Compiling servo v0.5.0 (https://github.com/servo/servo?rev=1d44e5dd6a8b64c02f9dbf7fcbdf4ebdd0740019#1d44e5dd)
   Compiling servo-wgpu-interop-adapter v0.1.0 (C:\Users\mark_\Code\repos\wgpu-graft\servo-wgpu-interop-adapter)
   Compiling demo-servo-winit v0.1.0 (C:\Users\mark_\Code\repos\wgpu-graft\demo-servo-winit)
    Finished `dev` profile [unoptimized + debuginfo] target(s) in 58m 01s
