test_bash_and_embedded_python_syntax (__main__.DiagnosticChecks.test_bash_and_embedded_python_syntax) ... ok
test_exact_fixture_helper_and_registry_versions (__main__.DiagnosticChecks.test_exact_fixture_helper_and_registry_versions) ... ERROR
test_immutable_helper_produces_registry_manifest_in_memory (__main__.DiagnosticChecks.test_immutable_helper_produces_registry_manifest_in_memory) ... ok
test_no_focus_or_published_source_manipulation (__main__.DiagnosticChecks.test_no_focus_or_published_source_manipulation) ... ok
test_only_intel_with_shared_host_lock (__main__.DiagnosticChecks.test_only_intel_with_shared_host_lock) ... ok
test_original_failure_cannot_become_diagnostic_success (__main__.DiagnosticChecks.test_original_failure_cannot_become_diagnostic_success) ... ok
test_stable_target_and_unchanged_caps (__main__.DiagnosticChecks.test_stable_target_and_unchanged_caps) ... ok

======================================================================
ERROR: test_exact_fixture_helper_and_registry_versions (__main__.DiagnosticChecks.test_exact_fixture_helper_and_registry_versions)
----------------------------------------------------------------------
Traceback (most recent call last):
  File "C:\Users\mark_\Code\repos\wgpu-graft\docs\receipts\intel_registry_capture_diagnostic_20261007\verify.py", line 30, in test_exact_fixture_helper_and_registry_versions
    refs = {s["with"]["path"]: s["with"]["ref"] for s in self.steps if "path" in s.get("with", {})}
           ^^^^^^^^^^^^^^^^^^^^^^^^^^^^^^^^^^^^^^^^^^^^^^^^^^^^^^^^^^^^^^^^^^^^^^^^^^^^^^^^^^^^^^^^
  File "C:\Users\mark_\Code\repos\wgpu-graft\docs\receipts\intel_registry_capture_diagnostic_20261007\verify.py", line 30, in <dictcomp>
    refs = {s["with"]["path"]: s["with"]["ref"] for s in self.steps if "path" in s.get("with", {})}
                               ~~~~~~~~~^^^^^^^
KeyError: 'ref'

----------------------------------------------------------------------
Ran 7 tests in 0.377s

FAILED (errors=1)
