error: invalid type: boolean `true`, expected a map
 --> ..\..\..\.cargo\git\checkouts\servo-e53a6e7b994a25fe\aac43a3\python\tidy\tests\lints-configuration\no-workspace\Cargo.toml:8:7
  |
8 | foo = true
  |       ^^^^
 Downloading crates ...
  Downloaded glutin-winit v0.5.0
  Downloaded glutin_egl_sys v0.7.1
  Downloaded nohash-hasher v0.2.0
  Downloaded emath v0.35.0
  Downloaded glutin v0.32.3
  Downloaded egui_glow v0.35.0
  Downloaded epaint v0.35.0
  Downloaded harfrust v0.7.0
  Downloaded ecolor v0.35.0
  Downloaded eframe v0.35.0
  Downloaded epaint_default_fonts v0.35.0
  Downloaded egui-wgpu v0.35.0
  Downloaded egui-winit v0.35.0
  Downloaded egui v0.35.0
  Downloaded webbrowser v1.2.1
    Checking windows-sys v0.61.2
    Checking wgpu-types v29.0.3
    Checking wgpu-naga-bridge v29.0.3
    Checking wgpu-hal v29.0.3
    Checking mio v1.2.1
    Checking socket2 v0.6.4
    Checking servo-allocator v0.7.0 (https://github.com/servo/servo?rev=aac43a3f31a259f04a574f5ec4e959c943ad7cc7#aac43a3f)
    Checking tempfile v3.27.0
    Checking tokio v1.52.3
   Compiling wgpu-core v29.0.3
   Compiling ahash v0.8.12
   Compiling unicode-general-category v1.1.0
    Checking wgpu-core-deps-windows-linux-android v29.0.3
   Compiling wgpu v29.0.3
    Checking vello_common v0.0.9
    Checking servo-malloc-size-of v0.7.0 (https://github.com/servo/servo?rev=aac43a3f31a259f04a574f5ec4e959c943ad7cc7#aac43a3f)
    Checking servo-base v0.7.0 (https://github.com/servo/servo?rev=aac43a3f31a259f04a574f5ec4e959c943ad7cc7#aac43a3f)
    Checking tokio-util v0.7.18
    Checking servo-url v0.7.0 (https://github.com/servo/servo?rev=aac43a3f31a259f04a574f5ec4e959c943ad7cc7#aac43a3f)
    Checking h2 v0.4.15
    Checking servo-pixels v0.7.0 (https://github.com/servo/servo?rev=aac43a3f31a259f04a574f5ec4e959c943ad7cc7#aac43a3f)
    Checking servo-profile-traits v0.7.0 (https://github.com/servo/servo?rev=aac43a3f31a259f04a574f5ec4e959c943ad7cc7#aac43a3f)
    Checking servo-geometry v0.7.0 (https://github.com/servo/servo?rev=aac43a3f31a259f04a574f5ec4e959c943ad7cc7#aac43a3f)
    Checking servo-fonts-traits v0.7.0 (https://github.com/servo/servo?rev=aac43a3f31a259f04a574f5ec4e959c943ad7cc7#aac43a3f)
    Checking servo-media-streams v0.7.0 (https://github.com/servo/servo?rev=aac43a3f31a259f04a574f5ec4e959c943ad7cc7#aac43a3f)
    Checking servo-media-traits v0.7.0 (https://github.com/servo/servo?rev=aac43a3f31a259f04a574f5ec4e959c943ad7cc7#aac43a3f)
    Checking hyper v1.10.1
    Checking servo-media-player v0.7.0 (https://github.com/servo/servo?rev=aac43a3f31a259f04a574f5ec4e959c943ad7cc7#aac43a3f)
    Checking servo-media-audio v0.7.0 (https://github.com/servo/servo?rev=aac43a3f31a259f04a574f5ec4e959c943ad7cc7#aac43a3f)
    Checking hyper-util v0.1.20
    Checking servo-hyper-serde v0.7.0 (https://github.com/servo/servo?rev=aac43a3f31a259f04a574f5ec4e959c943ad7cc7#aac43a3f)
    Checking servo-media-webrtc v0.7.0 (https://github.com/servo/servo?rev=aac43a3f31a259f04a574f5ec4e959c943ad7cc7#aac43a3f)
    Checking servo-storage-traits v0.7.0 (https://github.com/servo/servo?rev=aac43a3f31a259f04a574f5ec4e959c943ad7cc7#aac43a3f)
    Checking warp v0.4.3
    Checking webdriver v0.54.0
    Checking servo-media v0.7.0 (https://github.com/servo/servo?rev=aac43a3f31a259f04a574f5ec4e959c943ad7cc7#aac43a3f)
    Checking servo-background-hang-monitor-api v0.7.0 (https://github.com/servo/servo?rev=aac43a3f31a259f04a574f5ec4e959c943ad7cc7#aac43a3f)
    Checking tokio-rustls v0.26.4
    Checking emath v0.35.0
    Checking ecolor v0.35.0
    Checking servo-embedder-traits v0.7.0 (https://github.com/servo/servo?rev=aac43a3f31a259f04a574f5ec4e959c943ad7cc7#aac43a3f)
    Checking async-tungstenite v0.35.0
    Checking hyper-rustls v0.27.9
    Checking vello_cpu v0.0.9
    Checking servo-timers v0.7.0 (https://github.com/servo/servo?rev=aac43a3f31a259f04a574f5ec4e959c943ad7cc7#aac43a3f)
    Checking async-compression v0.4.42
    Checking servo-paint-api v0.7.0 (https://github.com/servo/servo?rev=aac43a3f31a259f04a574f5ec4e959c943ad7cc7#aac43a3f)
    Checking servo-webxr-api v0.7.0 (https://github.com/servo/servo?rev=aac43a3f31a259f04a574f5ec4e959c943ad7cc7#aac43a3f)
    Checking servo-net-traits v0.7.0 (https://github.com/servo/servo?rev=aac43a3f31a259f04a574f5ec4e959c943ad7cc7#aac43a3f)
    Checking servo-canvas-traits v0.7.0 (https://github.com/servo/servo?rev=aac43a3f31a259f04a574f5ec4e959c943ad7cc7#aac43a3f)
    Checking servo-devtools-traits v0.7.0 (https://github.com/servo/servo?rev=aac43a3f31a259f04a574f5ec4e959c943ad7cc7#aac43a3f)
    Checking servo-fonts v0.7.0 (https://github.com/servo/servo?rev=aac43a3f31a259f04a574f5ec4e959c943ad7cc7#aac43a3f)
    Checking servo-constellation-traits v0.7.0 (https://github.com/servo/servo?rev=aac43a3f31a259f04a574f5ec4e959c943ad7cc7#aac43a3f)
    Checking servo-media-thread v0.7.0 (https://github.com/servo/servo?rev=aac43a3f31a259f04a574f5ec4e959c943ad7cc7#aac43a3f)
    Checking tokio-stream v0.1.18
    Checking servo-script-traits v0.7.0 (https://github.com/servo/servo?rev=aac43a3f31a259f04a574f5ec4e959c943ad7cc7#aac43a3f)
    Checking servo-layout-api v0.7.0 (https://github.com/servo/servo?rev=aac43a3f31a259f04a574f5ec4e959c943ad7cc7#aac43a3f)
    Checking harfrust v0.7.0
    Checking rustls-platform-verifier v0.7.0
    Checking nohash-hasher v0.2.0
    Checking self_cell v1.2.2
    Checking epaint_default_fonts v0.35.0
    Checking servo-net v0.7.0 (https://github.com/servo/servo?rev=aac43a3f31a259f04a574f5ec4e959c943ad7cc7#aac43a3f)
    Checking epaint v0.35.0
    Checking anstyle-wincon v3.0.11
    Checking servo-script-bindings v0.7.0 (https://github.com/servo/servo?rev=aac43a3f31a259f04a574f5ec4e959c943ad7cc7#aac43a3f)
    Checking servo-metrics v0.7.0 (https://github.com/servo/servo?rev=aac43a3f31a259f04a574f5ec4e959c943ad7cc7#aac43a3f)
    Checking servo-xpath v0.7.0 (https://github.com/servo/servo?rev=aac43a3f31a259f04a574f5ec4e959c943ad7cc7#aac43a3f)
    Checking anstyle-query v1.1.5
    Checking anstream v1.0.0
    Checking egui v0.35.0
    Checking servo-canvas v0.7.0 (https://github.com/servo/servo?rev=aac43a3f31a259f04a574f5ec4e959c943ad7cc7#aac43a3f)
    Checking servo-background-hang-monitor v0.7.0 (https://github.com/servo/servo?rev=aac43a3f31a259f04a574f5ec4e959c943ad7cc7#aac43a3f)
    Checking env_logger v0.11.11
    Checking servo-constellation v0.7.0 (https://github.com/servo/servo?rev=aac43a3f31a259f04a574f5ec4e959c943ad7cc7#aac43a3f)
    Checking servo-devtools v0.7.0 (https://github.com/servo/servo?rev=aac43a3f31a259f04a574f5ec4e959c943ad7cc7#aac43a3f)
    Checking servo-paint v0.7.0 (https://github.com/servo/servo?rev=aac43a3f31a259f04a574f5ec4e959c943ad7cc7#aac43a3f)
    Checking servo-storage v0.7.0 (https://github.com/servo/servo?rev=aac43a3f31a259f04a574f5ec4e959c943ad7cc7#aac43a3f)
    Checking servo-wakelock v0.7.0 (https://github.com/servo/servo?rev=aac43a3f31a259f04a574f5ec4e959c943ad7cc7#aac43a3f)
    Checking servo-default-resources v0.7.0 (https://github.com/servo/servo?rev=aac43a3f31a259f04a574f5ec4e959c943ad7cc7#aac43a3f)
    Checking servo-media-dummy v0.7.0 (https://github.com/servo/servo?rev=aac43a3f31a259f04a574f5ec4e959c943ad7cc7#aac43a3f)
    Checking servo-profile v0.7.0 (https://github.com/servo/servo?rev=aac43a3f31a259f04a574f5ec4e959c943ad7cc7#aac43a3f)
    Checking webbrowser v1.2.1
    Checking type-map v0.5.1
    Checking grafting v0.6.0 (C:\Users\mark_\Code\repos\wgpu-graft\grafting)
    Checking egui-wgpu v0.35.0
    Checking egui-winit v0.35.0
   Compiling demo-servo-egui v0.1.0 (C:\Users\mark_\Code\repos\wgpu-graft\demo-servo-egui)
    Checking eframe v0.35.0
    Checking servo-script v0.7.0 (https://github.com/servo/servo?rev=aac43a3f31a259f04a574f5ec4e959c943ad7cc7#aac43a3f)
    Checking servo-layout v0.7.0 (https://github.com/servo/servo?rev=aac43a3f31a259f04a574f5ec4e959c943ad7cc7#aac43a3f)
    Checking servo v0.7.0 (https://github.com/servo/servo?rev=aac43a3f31a259f04a574f5ec4e959c943ad7cc7#aac43a3f)
    Checking servo-wgpu-interop-adapter v0.1.0 (C:\Users\mark_\Code\repos\wgpu-graft\servo-wgpu-interop-adapter)
    Finished `dev` profile [unoptimized + debuginfo] target(s) in 1m 40s
