error: invalid type: boolean `true`, expected a map
 --> ..\..\..\.cargo\git\checkouts\servo-e53a6e7b994a25fe\aac43a3\python\tidy\tests\lints-configuration\no-workspace\Cargo.toml:8:7
  |
8 | foo = true
  |       ^^^^
 Downloading crates ...
  Downloaded aws-lc-rs v1.18.0
  Downloaded aws-lc-sys v0.44.0
  Downloaded cosmic-text v0.18.2
  Downloaded glam v0.25.0
  Downloaded harfrust v0.5.2
  Downloaded kamadak-exif v0.6.1
  Downloaded lru v0.16.4
  Downloaded kurbo v0.10.4
  Downloaded lilt v0.8.2
  Downloaded mutate_once v0.1.2
  Downloaded rangemap v1.8.0
  Downloaded read-fonts v0.37.0
  Downloaded schemars v1.2.2
  Downloaded serde_with v3.24.0
  Downloaded serde_with_macros v3.24.0
  Downloaded skrifa v0.40.0
  Downloaded swash v0.2.10
  Downloaded wasm-bindgen-macro-support v0.2.108
  Downloaded wasm-bindgen-macro v0.2.108
  Downloaded wasm-bindgen v0.2.108
  Downloaded wasm-bindgen-shared v0.2.108
    Blocking waiting for file lock on package cache
   Compiling proc-macro2 v1.0.107
   Compiling quote v1.0.47
   Compiling serde_core v1.0.229
   Compiling syn v3.0.4
   Compiling syn v2.0.119
   Compiling serde_derive v1.0.229
   Compiling serde v1.0.229
   Compiling getrandom v0.4.3
    Checking log v0.4.34
    Checking smallvec v1.15.2
   Compiling synstructure v0.13.2
    Checking bitflags v2.13.1
   Compiling jobserver v0.1.35
   Compiling find-msvc-tools v0.1.11
   Compiling bytemuck_derive v1.12.0
   Compiling cc v1.4.4
    Checking bytemuck v1.25.2
    Checking memchr v2.8.3
   Compiling fastrand v2.5.0
   Compiling zerofrom-derive v0.1.7
    Checking zerofrom v0.1.8
   Compiling displaydoc v0.2.7
    Checking arrayvec v0.7.8
   Compiling thiserror-impl v2.0.20
   Compiling yoke-derive v0.8.2
    Checking yoke v0.8.3
   Compiling zerovec-derive v0.11.6
   Compiling thiserror v2.0.20
   Compiling libc v0.2.189
    Checking zerovec v0.11.8
    Checking unicode-bidi v0.3.18
    Checking bytes v1.12.1
    Checking windows-sys v0.61.2
    Checking writeable v0.6.4
   Compiling crossbeam-utils v0.8.22
    Checking tinystr v0.8.4
    Checking litemap v0.8.3
    Checking icu_locale_core v2.3.0
    Checking potential_utf v0.1.6
    Checking zerotrie v0.2.5
   Compiling winnow v1.0.4
    Checking icu_provider v2.3.1
    Checking icu_collections v2.1.1
   Compiling toml_parser v1.1.3+spec-1.1.0
    Checking euclid v0.22.14
    Checking simd-adler32 v0.3.10
   Compiling xml-rs v0.8.29
   Compiling serde_spanned v1.1.1
   Compiling crossbeam-epoch v0.9.20
    Checking lock_api v0.4.14
   Compiling gl_generator v0.14.0
    Checking parking_lot_core v0.9.12
   Compiling phf_generator v0.14.0
    Checking mio v1.2.2
    Checking socket2 v0.6.5
   Compiling tokio-macros v2.7.2
   Compiling crc32fast v1.5.1
   Compiling crossbeam-deque v0.8.7
    Checking tokio v1.53.1
    Checking parking_lot v0.12.5
    Checking either v1.18.0
    Checking miniz_oxide v0.9.1
    Checking indexmap v2.14.1
    Checking num-integer v0.1.47
   Compiling zmij v1.0.23
    Checking flate2 v1.1.10
    Checking icu_properties v2.1.2
    Checking rayon-core v1.13.0
    Checking rustc-hash v2.1.3
    Checking font-types v0.12.4
    Checking rayon v1.12.0
   Compiling windows-interface v0.59.3
   Compiling windows-implement v0.60.2
    Checking windows-core v0.62.2
    Checking miniz_oxide v0.8.9
    Checking read-fonts v0.41.0
    Checking fdeflate v0.3.7
    Checking allocator-api2 v0.2.21
    Checking png v0.18.1
    Checking windows-future v0.3.2
    Checking windows-collections v0.3.2
    Checking windows-numerics v0.3.1
    Checking itertools v0.14.0
    Checking skrifa v0.44.0
    Checking tinyvec v1.12.0
    Checking windows v0.62.2
   Compiling num-derive v0.4.2
    Checking zune-core v0.5.3
    Checking zune-jpeg v0.5.15
    Checking http v1.5.0
   Compiling phf_macros v0.14.0
    Checking rgb v0.8.53
    Checking string_cache v0.11.0
   Compiling darling_core v0.20.11
    Checking phf v0.14.0
   Compiling string_cache_codegen v0.11.2
    Checking encoding_rs v0.8.35
   Compiling darling_macro v0.20.11
   Compiling phf_codegen v0.14.0
   Compiling darling v0.20.11
   Compiling toml_datetime v1.1.1+spec-1.1.0
    Checking icu_normalizer v2.1.1
    Checking idna_adapter v1.2.1
    Checking polycool v0.4.0
    Checking app_units v0.7.8
    Checking kurbo v0.13.1
    Checking idna v1.1.0
   Compiling web_atoms v0.3.0
    Checking aho-corasick v1.1.5
   Compiling derive_more-impl v2.1.1
   Compiling cssparser-macros v0.7.0
    Checking regex-automata v0.4.18
    Checking derive_more v2.1.1
    Checking cssparser v0.38.0
    Checking url v2.5.8
    Checking etagere v0.2.15
    Checking crossbeam-channel v0.5.16
   Compiling yoke-derive v0.7.5
    Checking servo_arc v0.5.0
   Compiling toml_writer v1.1.2+spec-1.1.0
    Checking futures-core v0.3.34
    Checking thin-vec v0.2.19
   Compiling time-macros v0.2.32
    Checking to_shmem v0.6.0
    Checking yoke v0.7.5
   Compiling toml v1.1.4+spec-1.1.0
    Checking regex v1.13.1
   Compiling to_shmem_derive v0.2.0
   Compiling stylo v0.22.0
   Compiling glslopt v0.1.14
   Compiling malloc_size_of_derive v0.1.3
   Compiling zerovec-derive v0.10.4
    Checking deranged v0.5.8
    Checking zerovec v0.10.4
    Checking time v0.3.55
    Checking selectors v0.41.0
   Compiling stylo_static_prefs v0.22.0
    Checking tendril v0.5.1
   Compiling stylo_atoms v0.22.0
   Compiling gleam v0.15.1
    Checking tinystr v0.7.6
    Checking color v0.3.3
   Compiling peek-poke-derive v0.3.0
    Checking serde_bytes v0.11.19
    Checking futures-sink v0.3.34
   Compiling build-parallel v0.1.2
   Compiling webrender_build v0.70.0
    Checking stylo_malloc_size_of v0.22.0
    Checking icu_locid v1.5.0
    Checking peek-poke v0.3.0
    Checking peniko v0.6.1
    Checking markup5ever v0.40.0
    Checking wr_malloc_size_of v0.2.2
    Checking tiny-skia-path v0.12.0
   Compiling strum_macros v0.28.0
    Checking guillotiere v0.7.0
   Compiling cookie v0.18.2
   Compiling icu_provider_macros v1.5.0
   Compiling zerocopy v0.8.56
    Checking vello_common v0.2.0
    Checking uuid v1.26.0
    Checking icu_provider v1.5.0
    Checking strum v0.28.0
    Checking webrender_api v0.70.0
    Checking dwrote v0.11.5
    Checking icu_collections v1.5.0
    Checking svgtypes v0.16.1
    Checking fontdb v0.24.0
    Checking harfrust v0.12.0
    Checking cobs v0.3.0
    Checking roxmltree v0.21.1
    Checking simplecss v0.2.2
   Compiling zerocopy-derive v0.8.56
    Checking usvg v0.48.1
    Checking wr_glyph_rasterizer v0.70.0
    Checking postcard v1.1.3
    Checking icu_segmenter v1.5.0
    Checking stylo_traits v0.22.0
    Checking glifo v0.3.0
    Checking tiny-skia v0.12.0
    Checking stylo_dom v0.22.0
    Checking futures-channel v0.3.34
    Checking ordered-channel v1.2.0
   Compiling stylo_derive v0.22.0
    Checking plane-split v0.18.0
    Checking uluru v3.1.0
    Checking bincode v1.3.3
    Checking thread_local v1.1.10
    Checking vello_cpu v0.2.0
    Checking content-security-policy v0.9.0
    Checking resvg v0.48.1
    Checking urlpattern v0.3.0
    Checking ipc-channel v0.23.0
    Checking half v2.7.1
    Checking keyboard-types v0.8.3
    Checking servo-allocator v0.7.0 (https://github.com/servo/servo?rev=aac43a3f31a259f04a574f5ec4e959c943ad7cc7#aac43a3f)
    Checking taffy v0.14.0
   Compiling webrender v0.70.0
   Compiling profiling-procmacros v1.0.18
    Checking profiling v1.0.18
    Checking num-complex v0.4.6
   Compiling equator-macro v0.4.2
   Compiling futures-macro v0.3.34
    Checking futures-io v0.3.34
    Checking futures-task v0.3.34
    Checking equator v0.4.2
    Checking futures-util v0.3.34
   Compiling anyhow v1.0.104
    Checking aligned-vec v0.6.4
    Checking num-bigint v0.4.8
    Checking nom v8.0.0
   Compiling serde_json v1.0.151
    Checking num-rational v0.4.2
    Checking v_frame v0.3.9
   Compiling toml_edit v0.25.13+spec-1.1.0
   Compiling tracing-attributes v0.1.31
   Compiling rustversion v1.0.23
    Checking tracing v0.1.44
   Compiling proc-macro-crate v3.5.0
   Compiling pulp v0.22.3
    Checking no_std_io2 v0.9.4
   Compiling arg_enum_proc_macro v0.3.4
    Checking bitstream-io v4.10.0
    Checking av-scenechange v0.14.1
   Compiling num_enum_derive v0.7.6
    Checking av1-grain v0.2.5
    Checking maybe-rayon v0.1.1
    Checking raw-cpuid v11.6.0
   Compiling simd_helpers v0.1.0
   Compiling pkg-config v0.3.34
    Checking imgref v1.12.3
    Checking pulp-wasm-simd-flag v0.1.1
    Checking reborrow v0.5.5
    Checking rav1e v0.8.1
    Checking loop9 v0.1.5
    Checking num_enum v0.7.6
    Checking zune-inflate v0.2.54
    Checking avif-serialize v0.8.9
   Compiling servo-config-macro v0.7.0 (https://github.com/servo/servo?rev=aac43a3f31a259f04a574f5ec4e959c943ad7cc7#aac43a3f)
   Compiling enumn v0.1.14
    Checking pxfm v0.1.30
    Checking tiff v0.11.3
    Checking accesskit v0.24.1
    Checking exr v1.74.2
    Checking servo-config v0.7.0 (https://github.com/servo/servo?rev=aac43a3f31a259f04a574f5ec4e959c943ad7cc7#aac43a3f)
    Checking moxcms v0.8.1
    Checking ravif v0.13.0
    Checking qoi v0.4.1
    Checking icu_locale v2.1.1
    Checking image v0.25.10
    Checking tokio-util v0.7.19
    Checking http-body v1.1.0
   Compiling cmake v0.1.58
   Compiling aws-lc-sys v0.44.0
    Checking h2 v0.4.19
    Checking hyper v1.11.1
    Checking icu_segmenter v2.1.2
    Checking sha1 v0.10.7
    Checking headers-core v0.3.0
   Compiling zeroize_derive v1.5.0
   Compiling aws-lc-rs v1.18.0
    Checking ipnet v2.12.1
    Checking hyper-util v0.1.20
    Checking zeroize v1.9.0
    Checking headers v0.4.1
   Compiling pin-project-internal v1.1.13
    Checking serde_urlencoded v0.7.1
    Checking pin-project v1.1.13
    Checking http-body-util v0.1.5
   Compiling thiserror-impl v1.0.69
   Compiling glob v0.3.4
    Checking warp v0.4.3
    Checking thiserror v1.0.69
    Checking cookie v0.16.2
    Checking rustls-pki-types v1.15.1
   Compiling clap_lex v1.1.1
   Compiling clap_builder v4.6.7
   Compiling servo-embedder-traits v0.7.0 (https://github.com/servo/servo?rev=aac43a3f31a259f04a574f5ec4e959c943ad7cc7#aac43a3f)
    Checking webdriver v0.54.0
    Checking servo-hyper-serde v0.7.0 (https://github.com/servo/servo?rev=aac43a3f31a259f04a574f5ec4e959c943ad7cc7#aac43a3f)
   Compiling toml_datetime v0.7.5+spec-1.1.0
   Compiling rustls v0.23.43
   Compiling toml v0.9.12+spec-1.1.0
   Compiling tempfile v3.27.0
   Compiling clap v4.6.7
   Compiling cbindgen v0.29.4
   Compiling surfman v0.14.0
    Checking cpufeatures v0.3.1
   Compiling darling_core v0.24.1
   Compiling darling_macro v0.24.1
    Checking chacha20 v0.10.2
   Compiling libz-sys v1.1.29
    Checking hashbrown v0.16.1
    Checking rand v0.10.2
   Compiling darling v0.24.1
   Compiling servo-tracing v0.7.0 (https://github.com/servo/servo?rev=aac43a3f31a259f04a574f5ec4e959c943ad7cc7#aac43a3f)
   Compiling serde_with_macros v3.24.0
    Checking serde_with v3.24.0
    Checking read-fonts v0.43.3
   Compiling clang-sys v1.9.1
    Checking futures v0.3.34
   Compiling nom v7.1.3
    Checking transpose v0.2.3
    Checking icu_casemap v2.1.1
    Checking primal-check v0.3.4
   Compiling bindgen v0.72.1
   Compiling itertools v0.13.0
    Checking rustfft v6.4.1
    Checking mozjs_icu_collections v153.3.0
   Compiling cexpr v0.6.0
    Checking petgraph v0.8.3
    Checking realfft v3.5.0
   Compiling glutin_wgl_sys v0.6.1
    Checking font-types v0.11.3
   Compiling servo-media-derive v0.7.0 (https://github.com/servo/servo?rev=aac43a3f31a259f04a574f5ec4e959c943ad7cc7#aac43a3f)
    Checking lilt v0.8.2
    Checking read-fonts v0.37.0
    Checking wuff v0.2.8
   Compiling fontsan v0.7.0
   Compiling harfbuzz-sys v0.8.0
   Compiling zstd-sys v2.0.16+zstd.1.5.7
    Checking gpu-descriptor-types v0.2.0
    Checking spirv v0.3.0+sdk-1.3.268.0
    Checking glam v0.25.0
    Checking iced_core v0.15.0-dev (https://github.com/iced-rs/iced?rev=4255f613#4255f613)
    Checking naga v28.0.0
    Checking gpu-allocator v0.28.0
    Checking gpu-descriptor v0.3.2
    Checking wuff-capi v0.2.0
    Checking khronos-egl v6.0.0
    Checking mozjs_utf16_iter v153.3.0
    Checking mozjs_utf8_iter v153.3.0
    Checking ttf-parser v0.25.1
    Checking wgpu-types v28.0.0
    Checking ordered-float v5.5.0
    Checking write16 v1.0.0
    Checking swash v0.2.10
    Checking wgpu-hal v28.0.1
    Checking mozjs_icu_normalizer v153.3.0
    Checking fontdb v0.23.0
    Checking rustls-webpki v0.103.15
    Checking iced_futures v0.15.0-dev (https://github.com/iced-rs/iced?rev=4255f613#4255f613)
    Checking harfrust v0.5.2
    Checking skrifa v0.40.0
    Checking skrifa v0.46.2
   Compiling mozjs_normalizer_glue v153.3.0
   Compiling mozjs_collator_glue v153.3.0
   Compiling mozjs_locale_glue v153.3.0
   Compiling mozjs_unicode_bidi_ffi v153.3.0
   Compiling mozjs_properties_glue v153.3.0
   Compiling libsqlite3-sys v0.36.0
    Checking itertools v0.15.0
    Checking calendrical_calculations v0.2.4
    Checking self_cell v1.3.0
    Checking smol_str v0.3.6
    Checking rangemap v1.8.0
    Checking cosmic-text v0.18.2
   Compiling diplomat_core v0.14.0
   Compiling zstd-safe v7.2.4
    Checking icu_calendar v2.1.1
    Checking wgpu-core-deps-windows-linux-android v28.0.0
    Checking mutate_once v0.1.2
    Checking kamadak-exif v0.6.1
   Compiling sea-query-derive v1.0.0
    Checking icu_time v2.1.1
   Compiling mozjs_sys v153.3.0-1
    Checking mozjs_icu_collator v153.3.0
    Checking wgpu-core v28.0.1
   Compiling diplomat v0.14.0
    Checking hashlink v0.11.1
    Checking icu_provider_adapters v2.1.1
    Checking html5ever v0.40.1
    Checking icu_capi v2.1.2
    Checking rusqlite v0.38.0
    Checking wgpu v28.0.0
    Checking sea-query v1.0.2
    Checking zstd v0.13.3
    Checking sha1 v0.11.0
    Checking iced_graphics v0.15.0-dev (https://github.com/iced-rs/iced?rev=4255f613#4255f613)
    Checking encoding_c v0.9.8
    Checking encoding_c_mem v0.2.6
    Checking tokio-rustls v0.26.4
    Checking webpki-roots v1.0.9
   Compiling servo-script-bindings v0.7.0 (https://github.com/servo/servo?rev=aac43a3f31a259f04a574f5ec4e959c943ad7cc7#aac43a3f)
    Checking chrono v0.4.45
    Checking data-encoding v2.11.1
    Checking rustc-demangle v0.1.28
    Checking backtrace v0.3.76
    Checking compression-codecs v0.4.38
    Checking tungstenite v0.30.0
    Checking sea-query-rusqlite v0.8.0
   Compiling prettyplease v0.2.37
    Checking iced_debug v0.15.0-dev (https://github.com/iced-rs/iced?rev=4255f613#4255f613)
    Checking error-code v3.4.0
    Checking tower v0.5.3
    Checking clipboard-win v5.4.1
   Compiling servo-dom-struct v0.7.0 (https://github.com/servo/servo?rev=aac43a3f31a259f04a574f5ec4e959c943ad7cc7#aac43a3f)
    Checking mozjs v0.26.4
    Checking async-tungstenite v0.35.0
    Checking async-compression v0.4.43
    Checking hyper-rustls v0.27.9
    Checking rustls-platform-verifier v0.7.0
    Checking nom-language v0.1.0
    Checking xml5ever v0.40.0
    Checking tokio-stream v0.1.19
    Checking tiny-skia-path v0.11.4
   Compiling servo-deny-public-fields v0.7.0 (https://github.com/servo/servo?rev=aac43a3f31a259f04a574f5ec4e959c943ad7cc7#aac43a3f)
   Compiling servo-jstraceable-derive v0.7.0 (https://github.com/servo/servo?rev=aac43a3f31a259f04a574f5ec4e959c943ad7cc7#aac43a3f)
   Compiling async-recursion v1.1.1
    Checking lru v0.16.4
    Checking anstyle-wincon v3.0.11
    Checking cryoglyph v0.1.0 (https://github.com/iced-rs/cryoglyph.git?rev=1d68895e9c4c9b73739f826e81c2e3012c155cce#1d68895e)
   Compiling servo-script v0.7.0 (https://github.com/servo/servo?rev=aac43a3f31a259f04a574f5ec4e959c943ad7cc7#aac43a3f)
    Checking tiny-skia v0.11.4
    Checking nom-rfc8288 v0.4.0
    Checking arboard v3.6.1
   Compiling servo-devtools v0.7.0 (https://github.com/servo/servo?rev=aac43a3f31a259f04a574f5ec4e959c943ad7cc7#aac43a3f)
    Checking servo-webvtt v0.7.0 (https://github.com/servo/servo?rev=aac43a3f31a259f04a574f5ec4e959c943ad7cc7#aac43a3f)
    Checking softbuffer v0.4.8
   Compiling winit v0.30.8 (https://github.com/iced-rs/winit.git?rev=05b8ff17a06562f0a10bb46e6eaacbe2a95cb5ed#05b8ff17)
    Checking guillotiere v0.6.2
    Checking chardetng v1.0.0
    Checking anstyle-query v1.1.5
    Checking kurbo v0.10.4
    Checking jiff-core v0.1.0
    Checking iced_tiny_skia v0.15.0-dev (https://github.com/iced-rs/iced?rev=4255f613#4255f613)
    Checking anstream v1.0.0
    Checking jiff v0.2.35
    Checking iced_wgpu v0.15.0-dev (https://github.com/iced-rs/iced?rev=4255f613#4255f613)
    Checking iced_runtime v0.15.0-dev (https://github.com/iced-rs/iced?rev=4255f613#4255f613)
   Compiling mozangle v0.7.1
    Checking env_filter v2.0.0
   Compiling grafting v0.6.0 (C:\Users\mark_\Code\repos\wgpu-graft\grafting)
    Checking dpi v0.1.1 (https://github.com/iced-rs/winit.git?rev=05b8ff17a06562f0a10bb46e6eaacbe2a95cb5ed#05b8ff17)
    Checking env_logger v0.11.11
    Checking iced_program v0.15.0-dev (https://github.com/iced-rs/iced?rev=4255f613#4255f613)
    Checking iced_renderer v0.15.0-dev (https://github.com/iced-rs/iced?rev=4255f613#4255f613)
    Checking grafting-frame v0.1.0 (C:\Users\mark_\Code\repos\wgpu-graft\grafting-frame)
    Checking iced_widget v0.15.0-dev (https://github.com/iced-rs/iced?rev=4255f613#4255f613)
    Checking iced_winit v0.15.0-dev (https://github.com/iced-rs/iced?rev=4255f613#4255f613)
    Checking winit v0.30.13
   Compiling demo-servo-iced v0.1.0 (C:\Users\mark_\Code\repos\wgpu-graft\demo-servo-iced)
    Checking iced v0.15.0-dev (https://github.com/iced-rs/iced?rev=4255f613#4255f613)
    Checking servo-malloc-size-of v0.7.0 (https://github.com/servo/servo?rev=aac43a3f31a259f04a574f5ec4e959c943ad7cc7#aac43a3f)
    Checking servo-base v0.7.0 (https://github.com/servo/servo?rev=aac43a3f31a259f04a574f5ec4e959c943ad7cc7#aac43a3f)
    Checking servo-url v0.7.0 (https://github.com/servo/servo?rev=aac43a3f31a259f04a574f5ec4e959c943ad7cc7#aac43a3f)
    Checking servo-profile-traits v0.7.0 (https://github.com/servo/servo?rev=aac43a3f31a259f04a574f5ec4e959c943ad7cc7#aac43a3f)
    Checking servo-pixels v0.7.0 (https://github.com/servo/servo?rev=aac43a3f31a259f04a574f5ec4e959c943ad7cc7#aac43a3f)
    Checking servo-geometry v0.7.0 (https://github.com/servo/servo?rev=aac43a3f31a259f04a574f5ec4e959c943ad7cc7#aac43a3f)
    Checking servo-paint-api v0.7.0 (https://github.com/servo/servo?rev=aac43a3f31a259f04a574f5ec4e959c943ad7cc7#aac43a3f)
    Checking servo-net-traits v0.7.0 (https://github.com/servo/servo?rev=aac43a3f31a259f04a574f5ec4e959c943ad7cc7#aac43a3f)
    Checking servo-fonts-traits v0.7.0 (https://github.com/servo/servo?rev=aac43a3f31a259f04a574f5ec4e959c943ad7cc7#aac43a3f)
    Checking servo-media-streams v0.7.0 (https://github.com/servo/servo?rev=aac43a3f31a259f04a574f5ec4e959c943ad7cc7#aac43a3f)
    Checking servo-media-traits v0.7.0 (https://github.com/servo/servo?rev=aac43a3f31a259f04a574f5ec4e959c943ad7cc7#aac43a3f)
    Checking servo-media-player v0.7.0 (https://github.com/servo/servo?rev=aac43a3f31a259f04a574f5ec4e959c943ad7cc7#aac43a3f)
    Checking servo-devtools-traits v0.7.0 (https://github.com/servo/servo?rev=aac43a3f31a259f04a574f5ec4e959c943ad7cc7#aac43a3f)
    Checking servo-webxr-api v0.7.0 (https://github.com/servo/servo?rev=aac43a3f31a259f04a574f5ec4e959c943ad7cc7#aac43a3f)
    Checking servo-canvas-traits v0.7.0 (https://github.com/servo/servo?rev=aac43a3f31a259f04a574f5ec4e959c943ad7cc7#aac43a3f)
    Checking servo-media-audio v0.7.0 (https://github.com/servo/servo?rev=aac43a3f31a259f04a574f5ec4e959c943ad7cc7#aac43a3f)
    Checking servo-media-webrtc v0.7.0 (https://github.com/servo/servo?rev=aac43a3f31a259f04a574f5ec4e959c943ad7cc7#aac43a3f)
    Checking servo-storage-traits v0.7.0 (https://github.com/servo/servo?rev=aac43a3f31a259f04a574f5ec4e959c943ad7cc7#aac43a3f)
    Checking servo-media v0.7.0 (https://github.com/servo/servo?rev=aac43a3f31a259f04a574f5ec4e959c943ad7cc7#aac43a3f)
    Checking servo-constellation-traits v0.7.0 (https://github.com/servo/servo?rev=aac43a3f31a259f04a574f5ec4e959c943ad7cc7#aac43a3f)
    Checking servo-media-thread v0.7.0 (https://github.com/servo/servo?rev=aac43a3f31a259f04a574f5ec4e959c943ad7cc7#aac43a3f)
    Checking servo-fonts v0.7.0 (https://github.com/servo/servo?rev=aac43a3f31a259f04a574f5ec4e959c943ad7cc7#aac43a3f)
    Checking servo-script-traits v0.7.0 (https://github.com/servo/servo?rev=aac43a3f31a259f04a574f5ec4e959c943ad7cc7#aac43a3f)
    Checking servo-background-hang-monitor-api v0.7.0 (https://github.com/servo/servo?rev=aac43a3f31a259f04a574f5ec4e959c943ad7cc7#aac43a3f)
    Checking servo-layout-api v0.7.0 (https://github.com/servo/servo?rev=aac43a3f31a259f04a574f5ec4e959c943ad7cc7#aac43a3f)
    Checking servo-timers v0.7.0 (https://github.com/servo/servo?rev=aac43a3f31a259f04a574f5ec4e959c943ad7cc7#aac43a3f)
    Checking servo-metrics v0.7.0 (https://github.com/servo/servo?rev=aac43a3f31a259f04a574f5ec4e959c943ad7cc7#aac43a3f)
    Checking servo-net v0.7.0 (https://github.com/servo/servo?rev=aac43a3f31a259f04a574f5ec4e959c943ad7cc7#aac43a3f)
    Checking servo-xpath v0.7.0 (https://github.com/servo/servo?rev=aac43a3f31a259f04a574f5ec4e959c943ad7cc7#aac43a3f)
    Checking servo-background-hang-monitor v0.7.0 (https://github.com/servo/servo?rev=aac43a3f31a259f04a574f5ec4e959c943ad7cc7#aac43a3f)
    Checking servo-canvas v0.7.0 (https://github.com/servo/servo?rev=aac43a3f31a259f04a574f5ec4e959c943ad7cc7#aac43a3f)
    Checking servo-constellation v0.7.0 (https://github.com/servo/servo?rev=aac43a3f31a259f04a574f5ec4e959c943ad7cc7#aac43a3f)
    Checking servo-layout v0.7.0 (https://github.com/servo/servo?rev=aac43a3f31a259f04a574f5ec4e959c943ad7cc7#aac43a3f)
    Checking servo-paint v0.7.0 (https://github.com/servo/servo?rev=aac43a3f31a259f04a574f5ec4e959c943ad7cc7#aac43a3f)
    Checking servo-media-dummy v0.7.0 (https://github.com/servo/servo?rev=aac43a3f31a259f04a574f5ec4e959c943ad7cc7#aac43a3f)
    Checking servo-storage v0.7.0 (https://github.com/servo/servo?rev=aac43a3f31a259f04a574f5ec4e959c943ad7cc7#aac43a3f)
    Checking servo-wakelock v0.7.0 (https://github.com/servo/servo?rev=aac43a3f31a259f04a574f5ec4e959c943ad7cc7#aac43a3f)
    Checking servo-default-resources v0.7.0 (https://github.com/servo/servo?rev=aac43a3f31a259f04a574f5ec4e959c943ad7cc7#aac43a3f)
    Checking servo-profile v0.7.0 (https://github.com/servo/servo?rev=aac43a3f31a259f04a574f5ec4e959c943ad7cc7#aac43a3f)
    Checking servo v0.7.0 (https://github.com/servo/servo?rev=aac43a3f31a259f04a574f5ec4e959c943ad7cc7#aac43a3f)
    Checking servo-wgpu-interop-adapter v0.1.0 (C:\Users\mark_\Code\repos\wgpu-graft\servo-wgpu-interop-adapter)
    Checking demo-support v0.1.0 (C:\Users\mark_\Code\repos\wgpu-graft\demo-support)
    Finished `dev` profile [unoptimized + debuginfo] target(s) in 14m 51s
