error: invalid type: boolean `true`, expected a map
 --> ..\..\..\.cargo\git\checkouts\servo-e53a6e7b994a25fe\aac43a3\python\tidy\tests\lints-configuration\no-workspace\Cargo.toml:8:7
  |
8 | foo = true
  |       ^^^^
 Downloading crates ...
  Downloaded gpu-alloc-types v0.3.0
  Downloaded anymap3 v1.1.0
  Downloaded gpu-alloc v0.6.0
  Downloaded font-types v0.10.1
  Downloaded guillotiere v0.6.2
  Downloaded kurbo v0.12.0
  Downloaded read-fonts v0.35.0
  Downloaded skrifa v0.37.0
  Downloaded gpu-allocator v0.27.0
  Downloaded accesskit v0.21.1
  Downloaded fontique v0.6.0
  Downloaded harfrust v0.3.2
  Downloaded masonry_winit v0.4.0
  Downloaded accesskit_windows v0.29.2
  Downloaded accesskit_winit v0.29.2
  Downloaded accesskit_consumer v0.31.0
  Downloaded copypasta v0.10.2
  Downloaded peniko v0.5.0
  Downloaded windows-core v0.58.0
  Downloaded windows-implement v0.58.0
  Downloaded windows-interface v0.58.0
  Downloaded ui-events-winit v0.2.0
  Downloaded windows-result v0.2.0
  Downloaded parley v0.6.0
  Downloaded tree_arena v0.2.0
  Downloaded vello v0.6.0
  Downloaded windows-strings v0.1.0
  Downloaded ui-events v0.2.0
  Downloaded vello_encoding v0.6.0
  Downloaded wgpu-core-deps-windows-linux-android v26.0.0
  Downloaded masonry_core v0.4.0
  Downloaded vello_shaders v0.6.0
  Downloaded yazi v0.2.1
  Downloaded zeno v0.3.3
  Downloaded swash v0.2.9
  Downloaded wgpu-types v26.0.0
  Downloaded masonry v0.4.0
  Downloaded naga v26.0.0
  Downloaded wgpu v26.0.1
  Downloaded wgpu-core v26.0.1
  Downloaded xilem v0.4.0
  Downloaded wgpu-hal v26.0.6
  Downloaded xilem_core v0.4.0
  Downloaded windows v0.58.0
    Checking regex-automata v0.4.14
    Checking tracing-core v0.1.36
   Compiling tracing-attributes v0.1.31
    Checking tracing v0.1.44
    Checking hashbrown v0.15.5
    Checking h2 v0.4.15
    Checking regex v1.12.4
    Checking content-security-policy v0.9.0
    Checking urlpattern v0.3.0
    Checking servo-malloc-size-of v0.7.0 (https://github.com/servo/servo?rev=aac43a3f31a259f04a574f5ec4e959c943ad7cc7#aac43a3f)
    Checking servo-base v0.7.0 (https://github.com/servo/servo?rev=aac43a3f31a259f04a574f5ec4e959c943ad7cc7#aac43a3f)
    Checking servo-url v0.7.0 (https://github.com/servo/servo?rev=aac43a3f31a259f04a574f5ec4e959c943ad7cc7#aac43a3f)
    Checking hyper v1.10.1
    Checking servo-pixels v0.7.0 (https://github.com/servo/servo?rev=aac43a3f31a259f04a574f5ec4e959c943ad7cc7#aac43a3f)
    Checking servo-profile-traits v0.7.0 (https://github.com/servo/servo?rev=aac43a3f31a259f04a574f5ec4e959c943ad7cc7#aac43a3f)
    Checking servo-geometry v0.7.0 (https://github.com/servo/servo?rev=aac43a3f31a259f04a574f5ec4e959c943ad7cc7#aac43a3f)
    Checking hyper-util v0.1.20
    Checking servo-hyper-serde v0.7.0 (https://github.com/servo/servo?rev=aac43a3f31a259f04a574f5ec4e959c943ad7cc7#aac43a3f)
   Compiling thiserror v2.0.18
   Compiling num-traits v0.2.19
   Compiling libm v0.2.16
    Checking warp v0.4.3
    Checking presser v0.3.1
    Checking servo-fonts-traits v0.7.0 (https://github.com/servo/servo?rev=aac43a3f31a259f04a574f5ec4e959c943ad7cc7#aac43a3f)
    Checking webdriver v0.54.0
    Checking gpu-descriptor v0.3.2
    Checking windows-result v0.2.0
    Checking servo-media-streams v0.7.0 (https://github.com/servo/servo?rev=aac43a3f31a259f04a574f5ec4e959c943ad7cc7#aac43a3f)
    Checking windows-strings v0.1.0
    Checking servo-media-traits v0.7.0 (https://github.com/servo/servo?rev=aac43a3f31a259f04a574f5ec4e959c943ad7cc7#aac43a3f)
   Compiling windows-interface v0.58.0
    Checking servo-embedder-traits v0.7.0 (https://github.com/servo/servo?rev=aac43a3f31a259f04a574f5ec4e959c943ad7cc7#aac43a3f)
   Compiling windows-implement v0.58.0
    Checking petgraph v0.8.3
    Checking servo-paint-api v0.7.0 (https://github.com/servo/servo?rev=aac43a3f31a259f04a574f5ec4e959c943ad7cc7#aac43a3f)
    Checking servo-webxr-api v0.7.0 (https://github.com/servo/servo?rev=aac43a3f31a259f04a574f5ec4e959c943ad7cc7#aac43a3f)
    Checking servo-net-traits v0.7.0 (https://github.com/servo/servo?rev=aac43a3f31a259f04a574f5ec4e959c943ad7cc7#aac43a3f)
    Checking windows-core v0.58.0
    Checking servo-media-player v0.7.0 (https://github.com/servo/servo?rev=aac43a3f31a259f04a574f5ec4e959c943ad7cc7#aac43a3f)
    Checking servo-media-audio v0.7.0 (https://github.com/servo/servo?rev=aac43a3f31a259f04a574f5ec4e959c943ad7cc7#aac43a3f)
    Checking servo-devtools-traits v0.7.0 (https://github.com/servo/servo?rev=aac43a3f31a259f04a574f5ec4e959c943ad7cc7#aac43a3f)
    Checking windows v0.58.0
    Checking servo-canvas-traits v0.7.0 (https://github.com/servo/servo?rev=aac43a3f31a259f04a574f5ec4e959c943ad7cc7#aac43a3f)
    Checking servo-media-webrtc v0.7.0 (https://github.com/servo/servo?rev=aac43a3f31a259f04a574f5ec4e959c943ad7cc7#aac43a3f)
    Checking servo-storage-traits v0.7.0 (https://github.com/servo/servo?rev=aac43a3f31a259f04a574f5ec4e959c943ad7cc7#aac43a3f)
    Checking font-types v0.10.1
    Checking windows-link v0.1.3
    Checking read-fonts v0.35.0
    Checking servo-media v0.7.0 (https://github.com/servo/servo?rev=aac43a3f31a259f04a574f5ec4e959c943ad7cc7#aac43a3f)
   Compiling naga v26.0.0
    Checking servo-constellation-traits v0.7.0 (https://github.com/servo/servo?rev=aac43a3f31a259f04a574f5ec4e959c943ad7cc7#aac43a3f)
   Compiling zerocopy v0.8.52
   Compiling wgpu-hal v26.0.6
    Checking kurbo v0.12.0
    Checking spirv v0.3.0+sdk-1.3.268.0
    Checking gpu-alloc-types v0.3.0
   Compiling bit-vec v0.8.0
   Compiling foldhash v0.1.5
   Compiling unicode-width v0.2.2
   Compiling codespan-reporting v0.12.0
    Checking servo-fonts v0.7.0 (https://github.com/servo/servo?rev=aac43a3f31a259f04a574f5ec4e959c943ad7cc7#aac43a3f)
   Compiling bit-set v0.8.0
    Checking gpu-alloc v0.6.0
   Compiling half v2.7.1
    Checking servo-media-thread v0.7.0 (https://github.com/servo/servo?rev=aac43a3f31a259f04a574f5ec4e959c943ad7cc7#aac43a3f)
    Checking gpu-allocator v0.27.0
    Checking windows-result v0.3.4
    Checking windows-strings v0.4.2
    Checking wgpu-types v26.0.0
   Compiling arrayvec v0.7.7
   Compiling hexf-parse v0.2.1
   Compiling rustc-hash v1.1.0
   Compiling sea-query-derive v1.0.0
    Checking windows-core v0.61.2
    Checking skrifa v0.37.0
   Compiling wgpu-core v26.0.1
    Checking font-types v0.11.3
    Checking accesskit v0.21.1
    Checking read-fonts v0.39.2
   Compiling vello_shaders v0.6.0
    Checking sea-query v1.0.2
    Checking wgpu-core-deps-windows-linux-android v26.0.0
    Checking servo-script-traits v0.7.0 (https://github.com/servo/servo?rev=aac43a3f31a259f04a574f5ec4e959c943ad7cc7#aac43a3f)
    Checking peniko v0.5.0
    Checking servo-background-hang-monitor-api v0.7.0 (https://github.com/servo/servo?rev=aac43a3f31a259f04a574f5ec4e959c943ad7cc7#aac43a3f)
    Checking guillotiere v0.6.2
   Compiling wgpu v26.0.1
    Checking vello_encoding v0.6.0
    Checking skrifa v0.42.1
    Checking sea-query-rusqlite v0.8.0
    Checking windows-threading v0.1.0
    Checking gpu-allocator v0.28.0
    Checking bitflags v1.3.2
    Checking png v0.17.16
    Checking winit v0.30.13
    Checking wgpu-hal v29.0.3
    Checking windows-future v0.2.1
    Checking swash v0.2.9
    Checking servo-layout-api v0.7.0 (https://github.com/servo/servo?rev=aac43a3f31a259f04a574f5ec4e959c943ad7cc7#aac43a3f)
    Checking hyper-rustls v0.27.9
    Checking windows-collections v0.2.0
    Checking windows-numerics v0.2.0
    Checking ui-events v0.2.0
    Checking fontique v0.6.0
    Checking harfrust v0.3.2
   Compiling chrono v0.4.45
    Checking servo-timers v0.7.0 (https://github.com/servo/servo?rev=aac43a3f31a259f04a574f5ec4e959c943ad7cc7#aac43a3f)
    Checking matchers v0.2.0
    Checking tracing-log v0.2.0
    Checking futures-intrusive v0.5.0
    Checking sharded-slab v0.1.7
    Checking nu-ansi-term v0.50.3
    Checking anymore v1.0.0
    Checking tracing-subscriber v0.3.23
    Checking servo-net v0.7.0 (https://github.com/servo/servo?rev=aac43a3f31a259f04a574f5ec4e959c943ad7cc7#aac43a3f)
    Checking servo-script-bindings v0.7.0 (https://github.com/servo/servo?rev=aac43a3f31a259f04a574f5ec4e959c943ad7cc7#aac43a3f)
    Checking vello v0.6.0
    Checking parley v0.6.0
   Compiling servo-devtools v0.7.0 (https://github.com/servo/servo?rev=aac43a3f31a259f04a574f5ec4e959c943ad7cc7#aac43a3f)
    Checking windows v0.61.3
    Checking wgpu-core-deps-windows-linux-android v29.0.3
    Checking servo-metrics v0.7.0 (https://github.com/servo/servo?rev=aac43a3f31a259f04a574f5ec4e959c943ad7cc7#aac43a3f)
    Checking accesskit_consumer v0.31.0
    Checking servo-webvtt v0.7.0 (https://github.com/servo/servo?rev=aac43a3f31a259f04a574f5ec4e959c943ad7cc7#aac43a3f)
    Checking tree_arena v0.2.0
    Checking servo-xpath v0.7.0 (https://github.com/servo/servo?rev=aac43a3f31a259f04a574f5ec4e959c943ad7cc7#aac43a3f)
    Checking anymap3 v1.1.0
    Checking masonry_core v0.4.0
    Checking accesskit_windows v0.29.2
    Checking wgpu-core v29.0.3
    Checking servo-background-hang-monitor v0.7.0 (https://github.com/servo/servo?rev=aac43a3f31a259f04a574f5ec4e959c943ad7cc7#aac43a3f)
    Checking servo-canvas v0.7.0 (https://github.com/servo/servo?rev=aac43a3f31a259f04a574f5ec4e959c943ad7cc7#aac43a3f)
    Checking env_filter v2.0.0
    Checking env_logger v0.11.11
    Checking servo-constellation v0.7.0 (https://github.com/servo/servo?rev=aac43a3f31a259f04a574f5ec4e959c943ad7cc7#aac43a3f)
    Checking wgpu v29.0.3
    Checking accesskit_winit v0.29.2
    Checking servo-paint v0.7.0 (https://github.com/servo/servo?rev=aac43a3f31a259f04a574f5ec4e959c943ad7cc7#aac43a3f)
    Checking ui-events-winit v0.2.0
    Checking servo-storage v0.7.0 (https://github.com/servo/servo?rev=aac43a3f31a259f04a574f5ec4e959c943ad7cc7#aac43a3f)
    Checking copypasta v0.10.2
    Checking servo-media-dummy v0.7.0 (https://github.com/servo/servo?rev=aac43a3f31a259f04a574f5ec4e959c943ad7cc7#aac43a3f)
    Checking servo-wakelock v0.7.0 (https://github.com/servo/servo?rev=aac43a3f31a259f04a574f5ec4e959c943ad7cc7#aac43a3f)
    Checking servo-default-resources v0.7.0 (https://github.com/servo/servo?rev=aac43a3f31a259f04a574f5ec4e959c943ad7cc7#aac43a3f)
    Checking servo-profile v0.7.0 (https://github.com/servo/servo?rev=aac43a3f31a259f04a574f5ec4e959c943ad7cc7#aac43a3f)
    Checking masonry_winit v0.4.0
    Checking grafting v0.6.0 (C:\Users\mark_\Code\repos\wgpu-graft\grafting)
    Checking masonry v0.4.0
    Checking xilem_core v0.4.0
   Compiling demo-servo-xilem v0.1.0 (C:\Users\mark_\Code\repos\wgpu-graft\demo-servo-xilem)
    Checking xilem v0.4.0
    Checking servo-script v0.7.0 (https://github.com/servo/servo?rev=aac43a3f31a259f04a574f5ec4e959c943ad7cc7#aac43a3f)
    Checking servo-layout v0.7.0 (https://github.com/servo/servo?rev=aac43a3f31a259f04a574f5ec4e959c943ad7cc7#aac43a3f)
    Checking servo v0.7.0 (https://github.com/servo/servo?rev=aac43a3f31a259f04a574f5ec4e959c943ad7cc7#aac43a3f)
    Checking servo-wgpu-interop-adapter v0.1.0 (C:\Users\mark_\Code\repos\wgpu-graft\servo-wgpu-interop-adapter)
    Finished `dev` profile [unoptimized + debuginfo] target(s) in 2m 12s
