error: invalid type: boolean `true`, expected a map
 --> ..\..\..\.cargo\git\checkouts\servo-e53a6e7b994a25fe\aac43a3\python\tidy\tests\lints-configuration\no-workspace\Cargo.toml:8:7
  |
8 | foo = true
  |       ^^^^
 Downloading crates ...
  Downloaded arraystring v0.3.0
  Downloaded bs58 v0.5.1
  Downloaded chardetng v1.0.0
  Downloaded cbindgen v0.29.4
  Downloaded content-security-policy v0.9.0
  Downloaded cssparser v0.38.0
  Downloaded diplomat-runtime v0.14.0
  Downloaded diplomat v0.14.0
  Downloaded diplomat_core v0.14.0
  Downloaded glifo v0.3.0
  Downloaded hashbrown v0.12.3
  Downloaded icu_locale v2.1.1
  Downloaded harfbuzz-sys v0.8.0
  Downloaded icu_calendar_data v2.1.1
  Downloaded icu_normalizer v2.1.1
  Downloaded html5ever v0.40.1
  Downloaded icu_normalizer_data v2.1.1
  Downloaded icu_properties v2.1.2
  Downloaded icu_properties_data v2.1.2
  Downloaded icu_list v2.1.1
  Downloaded icu_calendar v2.1.1
  Downloaded icu_capi v2.1.2
  Downloaded icu_casemap_data v2.1.1
  Downloaded icu_casemap v2.1.1
  Downloaded icu_collator_data v2.1.1
  Downloaded icu_list_data v2.1.1
  Downloaded icu_collator v2.1.2
  Downloaded icu_collections v2.1.1
  Downloaded icu_decimal_data v2.1.1
  Downloaded icu_decimal v2.1.1
  Downloaded icu_locale_data v2.1.2
  Downloaded icu_experimental v0.4.0
  Downloaded icu_plurals v2.1.1
  Downloaded indexmap v1.9.3
  Downloaded icu_plurals_data v2.1.1
  Downloaded icu_provider_adapters v2.1.1
  Downloaded icu_datetime_data v2.1.2
  Downloaded idna_adapter v1.2.1
  Downloaded icu_time_data v2.1.1
  Downloaded jiff-tzdb v0.1.9
  Downloaded icu_time v2.1.1
  Downloaded icu_experimental_data v0.4.1
  Downloaded icu_datetime v2.1.1
  Downloaded ipc-channel v0.23.0
  Downloaded icu_segmenter v2.1.2
  Downloaded icu_segmenter_data v2.1.1
  Downloaded markup5ever v0.40.0
  Downloaded mozjs_locale_glue v153.3.0
  Downloaded mozjs_properties_glue v153.3.0
  Downloaded mozjs_unicode_bidi_ffi v153.3.0
  Downloaded mozangle v0.7.1
  Downloaded mozjs_collator_glue v153.3.0
  Downloaded mozjs_icu_collator v153.3.0
  Downloaded mozjs_icu_collections v153.3.0
  Downloaded mozjs_utf16_iter v153.3.0
  Downloaded mozjs_utf8_iter v153.3.0
  Downloaded mozjs_icu_normalizer_data v153.3.0
  Downloaded mozjs_normalizer_glue v153.3.0
  Downloaded mozjs_icu_collator_data v153.3.0
  Downloaded mozjs_icu_normalizer v153.3.0
  Downloaded mozjs v0.26.4
  Downloaded ohos-deviceinfo v0.1.0
  Downloaded phf_codegen v0.14.0
  Downloaded quick_cache v0.7.0
  Downloaded read-fonts v0.43.3
  Downloaded mozjs_sys v153.3.0-1
  Downloaded schemars v0.9.0
  Downloaded schemars v1.2.1
  Downloaded selectors v0.41.0
  Downloaded serde_with v3.22.0
  Downloaded serde_with_macros v3.22.0
  Downloaded servo_arc v0.5.0
  Downloaded skrifa v0.46.2
  Downloaded strck v1.0.0
  Downloaded string_cache v0.11.0
  Downloaded string_cache_codegen v0.11.2
  Downloaded surfman v0.14.0
  Downloaded stylo_static_prefs v0.22.0
  Downloaded stylo_dom v0.22.0
  Downloaded stylo_atoms v0.22.0
  Downloaded stylo_malloc_size_of v0.22.0
  Downloaded stylo_traits v0.22.0
  Downloaded stylo_derive v0.22.0
  Downloaded taffy v0.14.0
  Downloaded stylo v0.22.0
  Downloaded to_shmem_derive v0.2.0
  Downloaded to_shmem v0.6.0
  Downloaded vello_common v0.2.0
  Downloaded vello_cpu v0.2.0
  Downloaded warp v0.4.3
  Downloaded web_atoms v0.3.0
  Downloaded webdriver v0.54.0
  Downloaded xml5ever v0.40.0
   Compiling syn v2.0.118
   Compiling serde_derive v1.0.228
   Compiling serde_core v1.0.228
   Compiling serde v1.0.228
   Compiling cfg-if v1.0.4
    Checking smallvec v1.15.2
   Compiling synstructure v0.13.2
    Checking stable_deref_trait v1.2.1
   Compiling getrandom v0.3.4
   Compiling jobserver v0.1.34
    Checking log v0.4.33
   Compiling find-msvc-tools v0.1.14
   Compiling shlex v2.0.1
   Compiling cc v1.6.0
   Compiling windows-link v0.2.1
   Compiling fastrand v2.4.1
   Compiling zerofrom-derive v0.1.7
    Checking zerofrom v0.1.8
   Compiling displaydoc v0.2.6
   Compiling windows-sys v0.61.2
   Compiling yoke-derive v0.8.2
    Checking yoke v0.8.3
    Checking once_cell v1.21.4
   Compiling zerovec-derive v0.11.3
    Checking zerovec v0.11.6
    Checking bitflags v2.13.0
    Checking writeable v0.6.3
    Checking tinystr v0.8.3
    Checking litemap v0.8.2
    Checking icu_locale_core v2.2.0
    Checking potential_utf v0.1.5
    Checking zerotrie v0.2.4
   Compiling winnow v1.0.3
   Compiling toml_parser v1.1.2+spec-1.1.0
    Checking icu_provider v2.2.0
    Checking icu_collections v2.1.1
    Checking memchr v2.8.2
    Checking foldhash v0.2.0
   Compiling thiserror-impl v2.0.18
   Compiling bytemuck_derive v1.10.2
    Checking bytemuck v1.25.0
   Compiling serde_spanned v1.1.1
   Compiling siphasher v1.0.3
   Compiling phf_shared v0.14.0
   Compiling version_check v0.9.5
    Checking thiserror v2.0.18
   Compiling phf_generator v0.14.0
    Checking hashbrown v0.17.1
    Checking unicode-bidi v0.3.18
    Checking itoa v1.0.18
   Compiling icu_properties_data v2.1.2
   Compiling heck v0.5.0
    Checking euclid v0.22.14
    Checking bytes v1.12.0
    Checking typenum v1.20.1
   Compiling zmij v1.0.21
   Compiling gl_generator v0.14.0
    Checking icu_properties v2.1.2
    Checking indexmap v2.14.0
    Checking lock_api v0.4.14
    Checking parking_lot_core v0.9.12
    Checking pin-project-lite v0.2.17
    Checking parking_lot v0.12.5
   Compiling ident_case v1.0.1
   Compiling equivalent v1.0.2
   Compiling winapi-util v0.1.11
   Compiling same-file v1.0.6
   Compiling walkdir v2.5.0
    Checking num-integer v0.1.46
   Compiling windows-implement v0.60.2
   Compiling windows-interface v0.59.3
    Checking windows-core v0.62.2
    Checking http v1.4.2
    Checking socket2 v0.6.4
    Checking mio v1.2.1
   Compiling phf_macros v0.14.0
   Compiling tokio-macros v2.7.0
   Compiling fnv v1.0.7
    Checking precomputed-hash v0.1.1
    Checking utf8_iter v1.0.4
    Checking string_cache v0.11.0
   Compiling darling_core v0.20.11
    Checking tokio v1.52.3
    Checking phf v0.14.0
   Compiling string_cache_codegen v0.11.2
   Compiling generic-array v0.14.7
    Checking encoding_rs v0.8.35
   Compiling icu_normalizer_data v2.1.1
    Checking percent-encoding v2.3.2
   Compiling darling_macro v0.20.11
   Compiling phf_codegen v0.14.0
    Checking allocator-api2 v0.2.21
    Checking windows-future v0.3.2
   Compiling darling v0.20.11
    Checking windows-numerics v0.3.1
    Checking windows-collections v0.3.2
   Compiling toml_datetime v1.1.1+spec-1.1.0
    Checking core_maths v0.1.1
    Checking rand_core v0.10.1
   Compiling winapi v0.3.9
    Checking windows v0.62.2
    Checking icu_normalizer v2.1.1
    Checking form_urlencoded v1.2.2
    Checking font-types v0.12.4
   Compiling getrandom v0.4.3
    Checking png v0.18.1
    Checking idna_adapter v1.2.1
    Checking crypto-common v0.1.7
    Checking block-buffer v0.10.4
    Checking polycool v0.4.0
    Checking app_units v0.7.8
    Checking dtoa v1.0.11
    Checking dtoa-short v0.3.5
    Checking kurbo v0.13.1
    Checking digest v0.10.7
    Checking idna v1.1.0
   Compiling web_atoms v0.3.0
    Checking aho-corasick v1.1.4
   Compiling cssparser-macros v0.7.0
   Compiling derive_more-impl v2.1.1
    Checking cpufeatures v0.2.17
    Checking rustc-hash v2.1.2
    Checking regex-syntax v0.8.11
    Checking base64 v0.22.1
    Checking regex-automata v0.4.14
    Checking derive_more v2.1.1
    Checking cssparser v0.38.0
    Checking url v2.5.8
    Checking read-fonts v0.41.0
    Checking crossbeam-channel v0.5.15
    Checking servo_arc v0.5.0
   Compiling yoke-derive v0.7.5
   Compiling num-derive v0.4.2
   Compiling toml_writer v1.1.1+spec-1.1.0
   Compiling time-core v0.1.9
    Checking smallbitvec v2.6.1
    Checking thin-vec v0.2.18
    Checking mime v0.3.17
   Compiling num-conv v0.2.2
   Compiling time-macros v0.2.30
    Checking to_shmem v0.6.0
   Compiling toml v1.1.2+spec-1.1.0
    Checking yoke v0.7.5
    Checking regex v1.12.4
    Checking wio v0.2.2
   Compiling to_shmem_derive v0.2.0
   Compiling stylo v0.22.0
   Compiling slotmap v1.1.1
    Checking rgb v0.8.53
   Compiling glslopt v0.1.14 (https://github.com/jamienicol/glslopt-rs?rev=68019f02a1437d785408ebc8ce7fd20341fffb8a#68019f02)
   Compiling malloc_size_of_derive v0.1.3
    Checking deranged v0.5.8
   Compiling zerovec-derive v0.10.3
    Checking utf-8 v0.7.6
    Checking float-cmp v0.9.0
    Checking powerfmt v0.2.0
    Checking time v0.3.51
    Checking strict-num v0.1.1
    Checking tendril v0.5.0
    Checking zerovec v0.10.4
    Checking selectors v0.41.0
   Compiling stylo_static_prefs v0.22.0
    Checking skrifa v0.44.0
   Compiling stylo_atoms v0.22.0
   Compiling gleam v0.15.1
   Compiling crossbeam-utils v0.8.21
    Checking color v0.3.3
    Checking tinystr v0.7.6
   Compiling peek-poke-derive v0.3.0
    Checking serde_bytes v0.11.19
    Checking linebender_resource_handle v0.1.1
    Checking byteorder v1.5.0
    Checking lazy_static v1.5.0
    Checking litemap v0.7.5
    Checking void v1.0.2
    Checking tinyvec_macros v0.1.1
    Checking writeable v0.5.5
   Compiling icu_segmenter_data v1.5.1
   Compiling num_cpus v1.17.0
    Checking arrayref v0.3.9
    Checking tiny-skia-path v0.12.0
   Compiling build-parallel v0.1.2
    Checking icu_locid v1.5.0
    Checking tinyvec v1.11.0
    Checking stylo_malloc_size_of v0.22.0
   Compiling webrender_build v0.70.0
    Checking peniko v0.6.1
    Checking peek-poke v0.3.0
    Checking markup5ever v0.40.0
    Checking wr_malloc_size_of v0.2.2
    Checking zeitstempel v0.2.2
    Checking guillotiere v0.7.0
   Compiling strum_macros v0.28.0
   Compiling cookie v0.18.1
   Compiling icu_provider_macros v1.5.0
    Checking unic-char-range v0.9.0
    Checking sha1_smol v1.0.1
    Checking fearless_simd v0.4.1
    Checking memmap2 v0.9.11
    Checking unic-common v0.9.0
    Checking unic-ucd-version v0.9.0
    Checking fontdb v0.24.0
    Checking vello_common v0.2.0
    Checking uuid v1.23.4
    Checking unic-char-property v0.9.0
    Checking icu_provider v1.5.0
    Checking strum v0.28.0
    Checking webrender_api v0.70.0
   Compiling webrender v0.70.0
    Checking dwrote v0.11.5
    Checking icu_collections v1.5.0
    Checking harfrust v0.12.0
    Checking svgtypes v0.16.1
    Checking cobs v0.3.0
    Checking roxmltree v0.21.1
    Checking simplecss v0.2.2
    Checking data-url v0.3.2
    Checking xmlwriter v0.1.0
    Checking unicode-segmentation v1.13.3
    Checking unicode-vo v0.1.0
    Checking unicode-script v0.5.8
    Checking tracy-rs v0.1.2
    Checking imagesize v0.15.0
    Checking base64 v0.23.1
    Checking svg_fmt v0.4.5
    Checking pico-args v0.5.0
    Checking usvg v0.48.1
    Checking etagere v0.2.15
    Checking wr_glyph_rasterizer v0.70.0
    Checking postcard v1.1.3
    Checking icu_segmenter v1.5.0
    Checking stylo_traits v0.22.0
    Checking unic-ucd-ident v0.9.0
    Checking glifo v0.3.0
    Checking stylo_dom v0.22.0
    Checking tiny-skia v0.12.0
    Checking ordered-channel v1.2.0
    Checking sha2 v0.10.9
   Compiling stylo_derive v0.22.0
    Checking plane-split v0.18.0
    Checking uluru v3.1.0
    Checking thread_local v1.1.9
    Checking bincode v1.3.3
    Checking topological-sort v0.1.0
    Checking atomic_refcell v0.1.14
    Checking vello_cpu v0.2.0
    Checking content-security-policy v0.9.0
    Checking resvg v0.48.1
    Checking urlpattern v0.3.0
    Checking ipc-channel v0.23.0
    Checking keyboard-types v0.8.3
    Checking servo-allocator v0.7.0 (https://github.com/servo/servo?rev=aac43a3f31a259f04a574f5ec4e959c943ad7cc7#aac43a3f)
    Checking taffy v0.14.0
   Compiling strsim v0.11.1
   Compiling serde_json v1.0.150
   Compiling toml_edit v0.25.12+spec-1.1.0
   Compiling rustversion v1.0.22
   Compiling proc-macro-crate v3.5.0
    Checking futures-core v0.3.32
   Compiling num_enum_derive v0.7.6
   Compiling zerocopy-derive v0.8.52
   Compiling icu_locale_data v2.1.2
   Compiling pkg-config v0.3.33
    Checking zerocopy v0.8.52
    Checking num_enum v0.7.6
   Compiling servo-config-macro v0.7.0 (https://github.com/servo/servo?rev=aac43a3f31a259f04a574f5ec4e959c943ad7cc7#aac43a3f)
   Compiling enumn v0.1.14
    Checking futures-sink v0.3.32
    Checking accesskit v0.24.1
    Checking servo-config v0.7.0 (https://github.com/servo/servo?rev=aac43a3f31a259f04a574f5ec4e959c943ad7cc7#aac43a3f)
    Checking half v2.7.1
    Checking icu_locale v2.1.1
   Compiling profiling-procmacros v1.0.18
   Compiling equator-macro v0.4.2
    Checking slab v0.4.12
    Checking equator v0.4.2
    Checking profiling v1.0.18
   Compiling httparse v1.10.1
    Checking aligned-vec v0.6.4
    Checking num-bigint v0.4.6
    Checking nom v8.0.0
    Checking tracing-core v0.1.36
    Checking tracing v0.1.44
    Checking num-rational v0.4.2
    Checking v_frame v0.3.9
    Checking as-slice v0.2.1
    Checking atomic-waker v1.1.2
    Checking futures-task v0.3.32
    Checking futures-util v0.3.32
    Checking aligned v0.4.3
    Checking tokio-util v0.7.18
    Checking futures-channel v0.3.32
    Checking http-body v1.0.1
    Checking no_std_io2 v0.9.4
   Compiling cmake v0.1.58
   Compiling arg_enum_proc_macro v0.3.4
   Compiling dunce v1.0.5
    Checking try-lock v0.2.5
    Checking httpdate v1.0.3
   Compiling fs_extra v1.3.0
   Compiling icu_segmenter_data v2.1.1
    Checking av-scenechange v0.14.1
   Compiling aws-lc-sys v0.41.0
    Checking want v0.3.1
    Checking bitstream-io v4.10.0
    Checking h2 v0.4.15
    Checking av1-grain v0.2.5
    Checking rav1e v0.8.1
    Checking hyper v1.10.1
    Checking tower-service v0.3.3
   Compiling unicase v2.9.0
    Checking exr v1.74.0
    Checking tiff v0.11.3
   Compiling mime_guess v2.0.5
    Checking ravif v0.13.0
    Checking icu_segmenter v2.1.2
    Checking sha1 v0.10.6
    Checking headers-core v0.3.0
    Checking qoi v0.4.1
   Compiling zeroize_derive v1.5.0
    Checking ipnet v2.12.0
   Compiling aws-lc-rs v1.17.0
    Checking hyper-util v0.1.20
    Checking zeroize v1.9.0
    Checking image v0.25.10
    Checking headers v0.4.1
   Compiling cookie v0.16.2
   Compiling pin-project-internal v1.1.13
    Checking ryu v1.0.23
   Compiling utf8parse v0.2.2
   Compiling thiserror v1.0.69
   Compiling once_cell_polyfill v1.70.2
   Compiling anstyle v1.0.14
   Compiling vcpkg v0.2.15
   Compiling anstyle-wincon v3.0.11
   Compiling anstyle-parse v1.0.0
    Checking serde_urlencoded v0.7.1
    Checking pin-project v1.1.13
    Checking http-body-util v0.1.3
   Compiling anstyle-query v1.1.5
   Compiling thiserror-impl v1.0.69
    Checking scoped-tls v1.0.1
   Compiling colorchoice v1.0.5
   Compiling glob v0.3.3
   Compiling is_terminal_polyfill v1.70.2
   Compiling anstream v1.0.0
