error: invalid type: boolean `true`, expected a map
 --> ..\..\..\.cargo\git\checkouts\servo-e53a6e7b994a25fe\aac43a3\python\tidy\tests\lints-configuration\no-workspace\Cargo.toml:8:7
  |
8 | foo = true
  |       ^^^^
    Checking windows v0.62.2
    Checking naga v29.0.3
    Checking ipc-channel v0.23.0
    Checking servo-malloc-size-of v0.7.0 (https://github.com/servo/servo?rev=aac43a3f31a259f04a574f5ec4e959c943ad7cc7#aac43a3f)
    Checking harfbuzz-sys v0.8.0
    Checking wgpu-types v29.0.3
    Checking servo-base v0.7.0 (https://github.com/servo/servo?rev=aac43a3f31a259f04a574f5ec4e959c943ad7cc7#aac43a3f)
    Checking servo-url v0.7.0 (https://github.com/servo/servo?rev=aac43a3f31a259f04a574f5ec4e959c943ad7cc7#aac43a3f)
    Checking servo-profile-traits v0.7.0 (https://github.com/servo/servo?rev=aac43a3f31a259f04a574f5ec4e959c943ad7cc7#aac43a3f)
    Checking servo-pixels v0.7.0 (https://github.com/servo/servo?rev=aac43a3f31a259f04a574f5ec4e959c943ad7cc7#aac43a3f)
    Checking servo-geometry v0.7.0 (https://github.com/servo/servo?rev=aac43a3f31a259f04a574f5ec4e959c943ad7cc7#aac43a3f)
    Checking servo-fonts-traits v0.7.0 (https://github.com/servo/servo?rev=aac43a3f31a259f04a574f5ec4e959c943ad7cc7#aac43a3f)
    Checking servo-embedder-traits v0.7.0 (https://github.com/servo/servo?rev=aac43a3f31a259f04a574f5ec4e959c943ad7cc7#aac43a3f)
    Checking servo-media-streams v0.7.0 (https://github.com/servo/servo?rev=aac43a3f31a259f04a574f5ec4e959c943ad7cc7#aac43a3f)
    Checking servo-media-traits v0.7.0 (https://github.com/servo/servo?rev=aac43a3f31a259f04a574f5ec4e959c943ad7cc7#aac43a3f)
    Checking servo-media-player v0.7.0 (https://github.com/servo/servo?rev=aac43a3f31a259f04a574f5ec4e959c943ad7cc7#aac43a3f)
    Checking servo-media-audio v0.7.0 (https://github.com/servo/servo?rev=aac43a3f31a259f04a574f5ec4e959c943ad7cc7#aac43a3f)
    Checking servo-paint-api v0.7.0 (https://github.com/servo/servo?rev=aac43a3f31a259f04a574f5ec4e959c943ad7cc7#aac43a3f)
    Checking servo-webxr-api v0.7.0 (https://github.com/servo/servo?rev=aac43a3f31a259f04a574f5ec4e959c943ad7cc7#aac43a3f)
    Checking servo-net-traits v0.7.0 (https://github.com/servo/servo?rev=aac43a3f31a259f04a574f5ec4e959c943ad7cc7#aac43a3f)
    Checking servo-canvas-traits v0.7.0 (https://github.com/servo/servo?rev=aac43a3f31a259f04a574f5ec4e959c943ad7cc7#aac43a3f)
    Checking servo-devtools-traits v0.7.0 (https://github.com/servo/servo?rev=aac43a3f31a259f04a574f5ec4e959c943ad7cc7#aac43a3f)
    Checking servo-media-webrtc v0.7.0 (https://github.com/servo/servo?rev=aac43a3f31a259f04a574f5ec4e959c943ad7cc7#aac43a3f)
    Checking servo-storage-traits v0.7.0 (https://github.com/servo/servo?rev=aac43a3f31a259f04a574f5ec4e959c943ad7cc7#aac43a3f)
    Checking servo-media v0.7.0 (https://github.com/servo/servo?rev=aac43a3f31a259f04a574f5ec4e959c943ad7cc7#aac43a3f)
    Checking servo-media-thread v0.7.0 (https://github.com/servo/servo?rev=aac43a3f31a259f04a574f5ec4e959c943ad7cc7#aac43a3f)
    Checking servo-fonts v0.7.0 (https://github.com/servo/servo?rev=aac43a3f31a259f04a574f5ec4e959c943ad7cc7#aac43a3f)
    Checking servo-constellation-traits v0.7.0 (https://github.com/servo/servo?rev=aac43a3f31a259f04a574f5ec4e959c943ad7cc7#aac43a3f)
    Checking servo-background-hang-monitor-api v0.7.0 (https://github.com/servo/servo?rev=aac43a3f31a259f04a574f5ec4e959c943ad7cc7#aac43a3f)
    Checking gpu-descriptor-types v0.2.0
    Checking gpu-allocator v0.28.0
    Checking gpu-descriptor v0.3.2
    Checking wgpu-naga-bridge v29.0.3
    Checking servo-script-traits v0.7.0 (https://github.com/servo/servo?rev=aac43a3f31a259f04a574f5ec4e959c943ad7cc7#aac43a3f)
    Checking wgpu-hal v29.0.3
    Checking servo-layout-api v0.7.0 (https://github.com/servo/servo?rev=aac43a3f31a259f04a574f5ec4e959c943ad7cc7#aac43a3f)
    Checking servo-timers v0.7.0 (https://github.com/servo/servo?rev=aac43a3f31a259f04a574f5ec4e959c943ad7cc7#aac43a3f)
    Checking servo-net v0.7.0 (https://github.com/servo/servo?rev=aac43a3f31a259f04a574f5ec4e959c943ad7cc7#aac43a3f)
    Checking wgpu-core-deps-windows-linux-android v29.0.3
    Checking servo-script-bindings v0.7.0 (https://github.com/servo/servo?rev=aac43a3f31a259f04a574f5ec4e959c943ad7cc7#aac43a3f)
    Checking servo-metrics v0.7.0 (https://github.com/servo/servo?rev=aac43a3f31a259f04a574f5ec4e959c943ad7cc7#aac43a3f)
    Checking servo-xpath v0.7.0 (https://github.com/servo/servo?rev=aac43a3f31a259f04a574f5ec4e959c943ad7cc7#aac43a3f)
    Checking wgpu-core v29.0.3
    Checking servo-background-hang-monitor v0.7.0 (https://github.com/servo/servo?rev=aac43a3f31a259f04a574f5ec4e959c943ad7cc7#aac43a3f)
    Checking servo-canvas v0.7.0 (https://github.com/servo/servo?rev=aac43a3f31a259f04a574f5ec4e959c943ad7cc7#aac43a3f)
   Compiling grafting v0.6.0 (C:\Users\mark_\Code\repos\wgpu-graft\grafting)
    Checking servo-constellation v0.7.0 (https://github.com/servo/servo?rev=aac43a3f31a259f04a574f5ec4e959c943ad7cc7#aac43a3f)
    Checking wgpu v29.0.3
    Checking servo-devtools v0.7.0 (https://github.com/servo/servo?rev=aac43a3f31a259f04a574f5ec4e959c943ad7cc7#aac43a3f)
    Checking servo-paint v0.7.0 (https://github.com/servo/servo?rev=aac43a3f31a259f04a574f5ec4e959c943ad7cc7#aac43a3f)
    Checking servo-storage v0.7.0 (https://github.com/servo/servo?rev=aac43a3f31a259f04a574f5ec4e959c943ad7cc7#aac43a3f)
    Checking servo-media-dummy v0.7.0 (https://github.com/servo/servo?rev=aac43a3f31a259f04a574f5ec4e959c943ad7cc7#aac43a3f)
    Checking servo-default-resources v0.7.0 (https://github.com/servo/servo?rev=aac43a3f31a259f04a574f5ec4e959c943ad7cc7#aac43a3f)
    Checking servo-wakelock v0.7.0 (https://github.com/servo/servo?rev=aac43a3f31a259f04a574f5ec4e959c943ad7cc7#aac43a3f)
    Checking servo-profile v0.7.0 (https://github.com/servo/servo?rev=aac43a3f31a259f04a574f5ec4e959c943ad7cc7#aac43a3f)
    Checking grafting-frame v0.1.0 (C:\Users\mark_\Code\repos\wgpu-graft\grafting-frame)
   Compiling demo-servo-winit v0.1.0 (C:\Users\mark_\Code\repos\wgpu-graft\demo-servo-winit)
    Checking servo-script v0.7.0 (https://github.com/servo/servo?rev=aac43a3f31a259f04a574f5ec4e959c943ad7cc7#aac43a3f)
    Checking servo-layout v0.7.0 (https://github.com/servo/servo?rev=aac43a3f31a259f04a574f5ec4e959c943ad7cc7#aac43a3f)
    Checking servo v0.7.0 (https://github.com/servo/servo?rev=aac43a3f31a259f04a574f5ec4e959c943ad7cc7#aac43a3f)
    Checking servo-wgpu-interop-adapter v0.1.0 (C:\Users\mark_\Code\repos\wgpu-graft\servo-wgpu-interop-adapter)
    Finished `dev` profile [unoptimized + debuginfo] target(s) in 2m 14s
